Archive member included to satisfy reference by file (symbol)

C:/PROGRA~2/ARMGNU~1/13C7F1~1.2RE/bin/../lib/gcc/arm-none-eabi/13.2.1/thumb/v6-m/nofp\libgcc.a(_dvmd_tls.o)
                              CMakeFiles/prj_dot.dir/C_/Users/ShinHongShik/Documents/Pico/pico-sdk/src/rp2_common/pico_divider/divider.S.obj (__aeabi_idiv0)
C:/PROGRA~2/ARMGNU~1/13C7F1~1.2RE/bin/../lib/gcc/arm-none-eabi/13.2.1/thumb/v6-m/nofp\libg.a(libc_a-atoi.o)
                              CMakeFiles/prj_dot.dir/src/main.c.obj (atoi)
C:/PROGRA~2/ARMGNU~1/13C7F1~1.2RE/bin/../lib/gcc/arm-none-eabi/13.2.1/thumb/v6-m/nofp\libg.a(libc_a-atol.o)
                              CMakeFiles/prj_dot.dir/src/SRTU_V7.c.obj (atol)
C:/PROGRA~2/ARMGNU~1/13C7F1~1.2RE/bin/../lib/gcc/arm-none-eabi/13.2.1/thumb/v6-m/nofp\libg.a(libc_a-calloc.o)
                              CMakeFiles/prj_dot.dir/C_/Users/ShinHongShik/Documents/Pico/pico-sdk/src/rp2_common/pico_malloc/pico_malloc.c.obj (calloc)
C:/PROGRA~2/ARMGNU~1/13C7F1~1.2RE/bin/../lib/gcc/arm-none-eabi/13.2.1/thumb/v6-m/nofp\libg.a(libc_a-callocr.o)
                              C:/PROGRA~2/ARMGNU~1/13C7F1~1.2RE/bin/../lib/gcc/arm-none-eabi/13.2.1/thumb/v6-m/nofp\libg.a(libc_a-calloc.o) (_calloc_r)
C:/PROGRA~2/ARMGNU~1/13C7F1~1.2RE/bin/../lib/gcc/arm-none-eabi/13.2.1/thumb/v6-m/nofp\libg.a(libc_a-malloc.o)
                              CMakeFiles/prj_dot.dir/C_/Users/ShinHongShik/Documents/Pico/pico-sdk/src/rp2_common/pico_malloc/pico_malloc.c.obj (malloc)
C:/PROGRA~2/ARMGNU~1/13C7F1~1.2RE/bin/../lib/gcc/arm-none-eabi/13.2.1/thumb/v6-m/nofp\libg.a(libc_a-mallocr.o)
                              C:/PROGRA~2/ARMGNU~1/13C7F1~1.2RE/bin/../lib/gcc/arm-none-eabi/13.2.1/thumb/v6-m/nofp\libg.a(libc_a-callocr.o) (_malloc_r)
C:/PROGRA~2/ARMGNU~1/13C7F1~1.2RE/bin/../lib/gcc/arm-none-eabi/13.2.1/thumb/v6-m/nofp\libg.a(libc_a-mlock.o)
                              C:/PROGRA~2/ARMGNU~1/13C7F1~1.2RE/bin/../lib/gcc/arm-none-eabi/13.2.1/thumb/v6-m/nofp\libg.a(libc_a-mallocr.o) (__malloc_lock)
C:/PROGRA~2/ARMGNU~1/13C7F1~1.2RE/bin/../lib/gcc/arm-none-eabi/13.2.1/thumb/v6-m/nofp\libg.a(libc_a-realloc.o)
                              CMakeFiles/prj_dot.dir/C_/Users/ShinHongShik/Documents/Pico/pico-sdk/src/rp2_common/pico_malloc/pico_malloc.c.obj (realloc)
C:/PROGRA~2/ARMGNU~1/13C7F1~1.2RE/bin/../lib/gcc/arm-none-eabi/13.2.1/thumb/v6-m/nofp\libg.a(libc_a-reallocr.o)
                              C:/PROGRA~2/ARMGNU~1/13C7F1~1.2RE/bin/../lib/gcc/arm-none-eabi/13.2.1/thumb/v6-m/nofp\libg.a(libc_a-realloc.o) (_realloc_r)
C:/PROGRA~2/ARMGNU~1/13C7F1~1.2RE/bin/../lib/gcc/arm-none-eabi/13.2.1/thumb/v6-m/nofp\libg.a(libc_a-strtol.o)
                              C:/PROGRA~2/ARMGNU~1/13C7F1~1.2RE/bin/../lib/gcc/arm-none-eabi/13.2.1/thumb/v6-m/nofp\libg.a(libc_a-atoi.o) (_strtol_r)
C:/PROGRA~2/ARMGNU~1/13C7F1~1.2RE/bin/../lib/gcc/arm-none-eabi/13.2.1/thumb/v6-m/nofp\libg.a(libc_a-ctype_.o)
                              CMakeFiles/prj_dot.dir/C_/Users/ShinHongShik/Documents/Pico/pico-sdk/lib/tinyusb/src/tusb.c.obj (_ctype_)
C:/PROGRA~2/ARMGNU~1/13C7F1~1.2RE/bin/../lib/gcc/arm-none-eabi/13.2.1/thumb/v6-m/nofp\libg.a(libc_a-memmove.o)
                              C:/PROGRA~2/ARMGNU~1/13C7F1~1.2RE/bin/../lib/gcc/arm-none-eabi/13.2.1/thumb/v6-m/nofp\libg.a(libc_a-reallocr.o) (memmove)
C:/PROGRA~2/ARMGNU~1/13C7F1~1.2RE/bin/../lib/gcc/arm-none-eabi/13.2.1/thumb/v6-m/nofp\libg.a(libc_a-strcat.o)
                              CMakeFiles/prj_dot.dir/src/dot_iot.c.obj (strcat)
C:/PROGRA~2/ARMGNU~1/13C7F1~1.2RE/bin/../lib/gcc/arm-none-eabi/13.2.1/thumb/v6-m/nofp\libg.a(libc_a-strncat.o)
                              CMakeFiles/prj_dot.dir/src/main.c.obj (strncat)
C:/PROGRA~2/ARMGNU~1/13C7F1~1.2RE/bin/../lib/gcc/arm-none-eabi/13.2.1/thumb/v6-m/nofp\libg.a(libc_a-strncmp.o)
                              CMakeFiles/prj_dot.dir/src/dot_iot.c.obj (strncmp)
C:/PROGRA~2/ARMGNU~1/13C7F1~1.2RE/bin/../lib/gcc/arm-none-eabi/13.2.1/thumb/v6-m/nofp\libg.a(libc_a-strncpy.o)
                              CMakeFiles/prj_dot.dir/src/main.c.obj (strncpy)
C:/PROGRA~2/ARMGNU~1/13C7F1~1.2RE/bin/../lib/gcc/arm-none-eabi/13.2.1/thumb/v6-m/nofp\libg.a(libc_a-strtok.o)
                              CMakeFiles/prj_dot.dir/src/dot_iot.c.obj (strtok)
C:/PROGRA~2/ARMGNU~1/13C7F1~1.2RE/bin/../lib/gcc/arm-none-eabi/13.2.1/thumb/v6-m/nofp\libg.a(libc_a-strtok_r.o)
                              C:/PROGRA~2/ARMGNU~1/13C7F1~1.2RE/bin/../lib/gcc/arm-none-eabi/13.2.1/thumb/v6-m/nofp\libg.a(libc_a-strtok.o) (__strtok_r)
C:/PROGRA~2/ARMGNU~1/13C7F1~1.2RE/bin/../lib/gcc/arm-none-eabi/13.2.1/thumb/v6-m/nofp\libg.a(libc_a-impure.o)
                              C:/PROGRA~2/ARMGNU~1/13C7F1~1.2RE/bin/../lib/gcc/arm-none-eabi/13.2.1/thumb/v6-m/nofp\libg.a(libc_a-calloc.o) (_impure_ptr)
C:/PROGRA~2/ARMGNU~1/13C7F1~1.2RE/bin/../lib/gcc/arm-none-eabi/13.2.1/thumb/v6-m/nofp\libg.a(libc_a-sbrkr.o)
[...]
Memory Configuration

Name             Origin             Length             Attributes
FLASH            0x10000000         0x00200000         xr
RAM              0x20000000         0x00040000         xrw
SCRATCH_X        0x20040000         0x00001000         xrw
SCRATCH_Y        0x20041000         0x00001000         xrw
*default*        0x00000000         0xffffffff

Linker script and memory map

LOAD C:/PROGRA~2/ARMGNU~1/13C7F1~1.2RE/bin/../lib/gcc/arm-none-eabi/13.2.1/thumb/v6-m/nofp/crti.o
LOAD C:/PROGRA~2/ARMGNU~1/13C7F1~1.2RE/bin/../lib/gcc/arm-none-eabi/13.2.1/thumb/v6-m/nofp/crtbegin.o
LOAD C:/PROGRA~2/ARMGNU~1/13C7F1~1.2RE/bin/../lib/gcc/arm-none-eabi/13.2.1/thumb/v6-m/nofp/crt0.o

.flash_begin    0x10000000        0x0
                0x10000000                        __flash_binary_start = .

.boot2          0x10000000      0x100
                0x10000000                        __boot2_start__ = .
 *(.boot2)
 .boot2         0x10000000      0x100 C:\Users\amrak\AppData\Local\Temp\ccEfqKTk.o
                0x10000100                        __boot2_end__ = .
                0x00000001                        ASSERT (((__boot2_end__ - __boot2_start__) == 0x100), ERROR: Pico second stage bootloader must be 256 bytes in size)

.text           0x10000100    0x3dc08
                0x10000100                        __logical_binary_start = .
 *(.vectors)
 .vectors       0x10000100       0xd4 CMakeFiles/prj_dot.dir/C_/Users/ShinHongShik/Documents/Pico/pico-sdk/src/rp2_common/pico_standard_link/crt0.S.obj
                0x10000100                __VECTOR_TABLE
                0x10000100                __vectors
                0x100001c0                isr_invalid
                0x100001c0                __default_isrs_start
                0x100001c2                isr_nmi
                0x100001c4                isr_hardfault
                0x100001c6                isr_svcall
                0x100001c8                isr_pendsv
                0x100001ca                isr_systick
                0x100001cc                isr_irq23
                0x100001cc                isr_irq18
                0x100001cc                isr_irq11
                0x100001cc                isr_irq28
                0x100001cc                isr_irq19
                0x100001cc                isr_irq0
                0x100001cc                isr_irq6
                0x100001cc                isr_irq5
                0x100001cc                isr_irq12
                0x100001cc                isr_irq22
                0x100001cc                isr_irq31
                0x100001cc                isr_irq17
                0x100001cc                isr_irq27
                0x100001cc                isr_irq30
                0x100001cc                isr_irq2
                0x100001cc                isr_irq10
                0x100001cc                isr_irq8
                0x100001cc                isr_irq24
                0x100001cc                isr_irq1
                0x100001cc                isr_irq7
                0x100001cc                isr_irq21
                0x100001cc                isr_irq20
                0x100001cc                isr_irq15
                0x100001cc                isr_irq25
                0x100001cc                isr_irq13
                0x100001cc                __unhandled_user_irq
                0x100001cc                isr_irq4
                0x100001cc                isr_irq16
                0x100001cc                isr_irq29
                0x100001cc                isr_irq26
                0x100001cc                __default_isrs_end
                0x100001cc                isr_irq3
                0x100001cc                isr_irq14
                0x100001cc                isr_irq9
                0x100001d2                unhandled_user_irq_num_in_r0
 *(.binary_info_header)
 .binary_info_header
                0x100001d4       0x14 CMakeFiles/prj_dot.dir/C_/Users/ShinHongShik/Documents/Pico/pico-sdk/src/rp2_common/pico_standard_link/crt0.S.obj
                0x100001e8                        __binary_info_header_end = .
 *(.reset)
 .reset         0x100001e8       0xa8 CMakeFiles/prj_dot.dir/C_/Users/ShinHongShik/Documents/Pico/pico-sdk/src/rp2_common/pico_standard_link/crt0.S.obj
                0x100001e8                _entry_point
                0x10000266                __get_current_exception
 .reset         0x10000290       0x30 CMakeFiles/prj_dot.dir/C_/Users/ShinHongShik/Documents/Pico/pico-sdk/src/rp2_common/pico_standard_link/binary_info.c.obj
 *(.init)
 .init          0x100002c0        0x4 C:/PROGRA~2/ARMGNU~1/13C7F1~1.2RE/bin/../lib/gcc/arm-none-eabi/13.2.1/thumb/v6-m/nofp/crti.o
                0x100002c0                _init
 *(EXCLUDE_FILE(*libm.a: *libc.a:*lib_a-mem*.o *libgcc.a:) .text*)
 .text.register_tm_clones
                0x100002c4       0x28 C:/PROGRA~2/ARMGNU~1/13C7F1~1.2RE/bin/../lib/gcc/arm-none-eabi/13.2.1/thumb/v6-m/nofp/crtbegin.o
 .text.frame_dummy
                0x100002ec       0x24 C:/PROGRA~2/ARMGNU~1/13C7F1~1.2RE/bin/../lib/gcc/arm-none-eabi/13.2.1/thumb/v6-m/nofp/crtbegin.o
 .text.uart_putc
                0x10000310       0x60 CMakeFiles/prj_dot.dir/src/main.c.obj
 .text.uart_getc
                0x10000370       0x24 CMakeFiles/prj_dot.dir/src/main.c.obj
 .text.gpio_callback
                0x10000394       0x10 CMakeFiles/prj_dot.dir/src/main.c.obj
                0x10000394                gpio_callback
 .text.alarm_irq
                0x100003a4       0x14 CMakeFiles/prj_dot.dir/src/main.c.obj
 .text.alarm_in_us
                0x100003b8       0x30 CMakeFiles/prj_dot.dir/src/main.c.obj
 .text.adc_gpio_init
                0x100003e8       0x1e CMakeFiles/prj_dot.dir/src/main.c.obj
 .text.tud_cdc_n_read_char
                0x10000406       0x20 CMakeFiles/prj_dot.dir/src/main.c.obj
 *fill*         0x10000426        0x2 
 .text.pwrsw_check
                0x10000428       0xa4 CMakeFiles/prj_dot.dir/src/main.c.obj
                0x10000428                pwrsw_check
 .text.vib_check
                0x100004cc       0x54 CMakeFiles/prj_dot.dir/src/main.c.obj
                0x100004cc                vib_check
 .text.black_out_check
                0x10000520       0x84 CMakeFiles/prj_dot.dir/src/main.c.obj
                0x10000520                black_out_check
 .text.adc_ini_crtu
                0x100005a4        0x8 CMakeFiles/prj_dot.dir/src/main.c.obj
                0x100005a4                adc_ini_crtu
 .text.spi_ini_dot
                0x100005ac       0x40 CMakeFiles/prj_dot.dir/src/main.c.obj
                0x100005ac                spi_ini_dot
 .text.cal_temp
                0x100005ec       0x64 CMakeFiles/prj_dot.dir/src/main.c.obj
                0x100005ec                cal_temp
 .text.cal_btl  0x10000650       0x10 CMakeFiles/prj_dot.dir/src/main.c.obj
                0x10000650                cal_btl
 .text.sort_val
                0x10000660       0x62 CMakeFiles/prj_dot.dir/src/main.c.obj
                0x10000660                sort_val
 *fill*         0x100006c2        0x2 
 .text.drv_adc_internal
                0x100006c4      0x270 CMakeFiles/prj_dot.dir/src/main.c.obj
                0x100006c4                drv_adc_internal
 .text.getchar0_h
                0x10000934       0x54 CMakeFiles/prj_dot.dir/src/main.c.obj
                0x10000934                getchar0_h
 .text.getchar1_h
                0x10000988       0x5c CMakeFiles/prj_dot.dir/src/main.c.obj
                0x10000988                getchar1_h
 .text.getchar_usb_h
                0x100009e4       0x38 CMakeFiles/prj_dot.dir/src/main.c.obj
                0x100009e4                getchar_usb_h
 .text.on_uart_rx_0
                0x10000a1c       0x78 CMakeFiles/prj_dot.dir/src/main.c.obj
                0x10000a1c                on_uart_rx_0
 .text.on_uart_rx_1
                0x10000a94       0x78 CMakeFiles/prj_dot.dir/src/main.c.obj
                0x10000a94                on_uart_rx_1
 .text.on_stdio_usb_rx
                0x10000b0c       0x78 CMakeFiles/prj_dot.dir/src/main.c.obj
                0x10000b0c                on_stdio_usb_rx
 .text.my_puts_string
                0x10000b84       0xf0 CMakeFiles/prj_dot.dir/src/main.c.obj
                0x10000b84                my_puts_string
 .text.my_nputs_string
                0x10000c74       0x84 CMakeFiles/prj_dot.dir/src/main.c.obj
                0x10000c74                my_nputs_string
 .text.tx_onoff485
                0x10000cf8       0x2e CMakeFiles/prj_dot.dir/src/main.c.obj
                0x10000cf8                tx_onoff485
 *fill*         0x10000d26        0x2 
 .text.opr_send485tx
                0x10000d28       0xe4 CMakeFiles/prj_dot.dir/src/main.c.obj
                0x10000d28                opr_send485tx
 .text.proc_1ms_tic
                0x10000e0c      0x10c CMakeFiles/prj_dot.dir/src/main.c.obj
                0x10000e0c                proc_1ms_tic
 .text.showHL   0x10000f18      0x220 CMakeFiles/prj_dot.dir/src/main.c.obj
                0x10000f18                showHL
 .text.uart_ini_rx_int
                0x10001138       0x40 CMakeFiles/prj_dot.dir/src/main.c.obj
                0x10001138                uart_ini_rx_int
 .text.rs_rece_uart1_inv
                0x10001178      0x2ac CMakeFiles/prj_dot.dir/src/main.c.obj
                0x10001178                rs_rece_uart1_inv
 .text.rs_rece_uart0_iot
                0x10001424      0x174 CMakeFiles/prj_dot.dir/src/main.c.obj
                0x10001424                rs_rece_uart0_iot
 .text.rs_rece_usb_0
                0x10001598      0x17c CMakeFiles/prj_dot.dir/src/main.c.obj
                0x10001598                rs_rece_usb_0
 .text.main     0x10001714      0x140 CMakeFiles/prj_dot.dir/src/main.c.obj
                0x10001714                main
 .text.gpio_hs  0x10001854       0x1c CMakeFiles/prj_dot.dir/src/dot_iot.c.obj
                0x10001854                gpio_hs
 .text.gp_ini_h
                0x10001870       0x22 CMakeFiles/prj_dot.dir/src/dot_iot.c.obj
                0x10001870                gp_ini_h
 *fill*         0x10001892        0x2 
 .text.Cmd_judge_usb
                0x10001894      0x2dc CMakeFiles/prj_dot.dir/src/dot_iot.c.obj
                0x10001894                Cmd_judge_usb
 .text.test_mk_ccs
                0x10001b70      0x19c CMakeFiles/prj_dot.dir/src/dot_iot.c.obj
                0x10001b70                test_mk_ccs
 .text.ui_2_uc  0x10001d0c        0xc CMakeFiles/prj_dot.dir/src/dot_iot.c.obj
                0x10001d0c                ui_2_uc
 .text.ul_2_uc  0x10001d18        0xc CMakeFiles/prj_dot.dir/src/dot_iot.c.obj
                0x10001d18                ul_2_uc
 .text.make_iot_paket_4_iot
                0x10001d24      0x44c CMakeFiles/prj_dot.dir/src/dot_iot.c.obj
                0x10001d24                make_iot_paket_4_iot
 .text.make_iot_paket_4_iot_mdm
                0x10002170       0x38 CMakeFiles/prj_dot.dir/src/dot_iot.c.obj
                0x10002170                make_iot_paket_4_iot_mdm
 .text.putchar_test
                0x100021a8       0x4c CMakeFiles/prj_dot.dir/src/dot_iot.c.obj
                0x100021a8                putchar_test
 .text.sendWSOWR_T
                0x100021f4      0x538 CMakeFiles/prj_dot.dir/src/dot_iot.c.obj
                0x100021f4                sendWSOWR_T
 .text.msg_send_2_iot_M2M
                0x1000272c      0x1f8 CMakeFiles/prj_dot.dir/src/dot_iot.c.obj
                0x1000272c                msg_send_2_iot_M2M
 .text.drv_sendTcpControlM2M
                0x10002924      0x224 CMakeFiles/prj_dot.dir/src/dot_iot.c.obj
                0x10002924                drv_sendTcpControlM2M
 .text.msg_send_2_iot_LTE
                0x10002b48      0x1f8 CMakeFiles/prj_dot.dir/src/dot_iot.c.obj
                0x10002b48                msg_send_2_iot_LTE
 .text.print_DBG_HS
                0x10002d40       0x18 CMakeFiles/prj_dot.dir/src/dot_iot.c.obj
                0x10002d40                print_DBG_HS
 .text.drv_sendTcpControlLTE
                0x10002d58      0x200 CMakeFiles/prj_dot.dir/src/dot_iot.c.obj
                0x10002d58                drv_sendTcpControlLTE
 .text.show_eeval
                0x10002f58       0x70 CMakeFiles/prj_dot.dir/src/dot_iot.c.obj
                0x10002f58                show_eeval
 .text.drv_eep_at24c128
                0x10002fc8      0x188 CMakeFiles/prj_dot.dir/src/dot_iot.c.obj
                0x10002fc8                drv_eep_at24c128
 .text.drv_key_check
                0x10003150       0xc8 CMakeFiles/prj_dot.dir/src/dot_iot.c.obj
                0x10003150                drv_key_check
 .text.i2c_ini_dot
                0x10003218       0x38 CMakeFiles/prj_dot.dir/src/eep_at24c128.c.obj
                0x10003218                i2c_ini_dot
 .text.at24_write_word
                0x10003250       0x40 CMakeFiles/prj_dot.dir/src/eep_at24c128.c.obj
                0x10003250                at24_write_word
 .text.eep_addr
                0x10003290        0xc CMakeFiles/prj_dot.dir/src/eep_at24c128.c.obj
                0x10003290                eep_addr
 .text.save_eep
                0x1000329c       0x10 CMakeFiles/prj_dot.dir/src/eep_at24c128.c.obj
                0x1000329c                save_eep
 .text.save_eep_page
                0x100032ac       0x94 CMakeFiles/prj_dot.dir/src/eep_at24c128.c.obj
                0x100032ac                save_eep_page
 .text.load_eep_page
                0x10003340       0xa8 CMakeFiles/prj_dot.dir/src/eep_at24c128.c.obj
                0x10003340                load_eep_page
 .text.OLED_Reset
                0x100033e8       0x30 CMakeFiles/prj_dot.dir/src/OLED_1in5_test.c.obj
 .text.DEV_GPIO_Init_h
                0x10003418       0x20 CMakeFiles/prj_dot.dir/src/OLED_1in5_test.c.obj
 .text.DEV_SPI_WriteByte
                0x10003438       0x3c CMakeFiles/prj_dot.dir/src/OLED_1in5_test.c.obj
                0x10003438                DEV_SPI_WriteByte
 .text.OLED_WriteReg
                0x10003474       0x12 CMakeFiles/prj_dot.dir/src/OLED_1in5_test.c.obj
 .text.OLED_SetWindow
                0x10003486       0x48 CMakeFiles/prj_dot.dir/src/OLED_1in5_test.c.obj
 .text.OLED_WriteData
                0x100034ce       0x12 CMakeFiles/prj_dot.dir/src/OLED_1in5_test.c.obj
 .text.OLED_InitReg
                0x100034e0       0x50 CMakeFiles/prj_dot.dir/src/OLED_1in5_test.c.obj
                0x100034e0                OLED_InitReg
 .text.OLED_1in5_Display_test
                0x10003530       0x34 CMakeFiles/prj_dot.dir/src/OLED_1in5_test.c.obj
                0x10003530                OLED_1in5_Display_test
 .text.Paint_plug_l
                0x10003564      0x144 CMakeFiles/prj_dot.dir/src/OLED_1in5_test.c.obj
                0x10003564                Paint_plug_l
 .text.drv_lcd_1in5_oled
                0x100036a8      0x4e0 CMakeFiles/prj_dot.dir/src/OLED_1in5_test.c.obj
                0x100036a8                drv_lcd_1in5_oled
 .text.getchar0
                0x10003b88        0xc CMakeFiles/prj_dot.dir/src/SRTU_V7.c.obj
                0x10003b88                getchar0
 .text.putchar0
                0x10003b94       0x24 CMakeFiles/prj_dot.dir/src/SRTU_V7.c.obj
                0x10003b94                putchar0
 .text.putchar3
                0x10003bb8       0x24 CMakeFiles/prj_dot.dir/src/SRTU_V7.c.obj
                0x10003bb8                putchar3
 .text.Bytes_to_Uint
                0x10003bdc        0x6 CMakeFiles/prj_dot.dir/src/SRTU_V7.c.obj
                0x10003bdc                Bytes_to_Uint
 *fill*         0x10003be2        0x2 
 .text.put_str  0x10003be4       0x14 CMakeFiles/prj_dot.dir/src/SRTU_V7.c.obj
                0x10003be4                put_str
 .text.calcCRC  0x10003bf8       0x30 CMakeFiles/prj_dot.dir/src/SRTU_V7.c.obj
                0x10003bf8                calcCRC
 .text.write_dudr
                0x10003c28       0x88 CMakeFiles/prj_dot.dir/src/SRTU_V7.c.obj
                0x10003c28                write_dudr
 .text.write_udr0
                0x10003cb0        0xc CMakeFiles/prj_dot.dir/src/SRTU_V7.c.obj
                0x10003cb0                write_udr0
 .text.sendInverterRead_DassTech
                0x10003cbc     0x2514 CMakeFiles/prj_dot.dir/src/SRTU_V7.c.obj
                0x10003cbc                sendInverterRead_DassTech
 .text.sendInverterRead_DassTechNew
                0x100061d0     0x2518 CMakeFiles/prj_dot.dir/src/SRTU_V7.c.obj
                0x100061d0                sendInverterRead_DassTechNew
 .text.send_system_parameter
                0x100086e8       0x94 CMakeFiles/prj_dot.dir/src/SRTU_V7.c.obj
                0x100086e8                send_system_parameter
 .text.rx0Control_DassTechAll
                0x1000877c     0x1360 CMakeFiles/prj_dot.dir/src/SRTU_V7.c.obj
                0x1000877c                rx0Control_DassTechAll
 .text.sendInverterRead_SMA_25kMod
                0x10009adc      0x188 CMakeFiles/prj_dot.dir/src/SRTU_V7.c.obj
                0x10009adc                sendInverterRead_SMA_25kMod
 .text.HexStr_to_Uint
                0x10009c64       0xcc CMakeFiles/prj_dot.dir/src/SRTU_V7.c.obj
                0x10009c64                HexStr_to_Uint
 .text.sendInverterRead_HexPower
                0x10009d30      0x3a0 CMakeFiles/prj_dot.dir/src/SRTU_V7.c.obj
                0x10009d30                sendInverterRead_HexPower
 .text.rx0Control_HexPower
                0x1000a0d0      0x72c CMakeFiles/prj_dot.dir/src/SRTU_V7.c.obj
                0x1000a0d0                rx0Control_HexPower
 .text.rx0Control_Xantrex
                0x1000a7fc      0x2f8 CMakeFiles/prj_dot.dir/src/SRTU_V7.c.obj
                0x1000a7fc                rx0Control_Xantrex
 .text.sendInverterRead_Hyundai
                0x1000aaf4      0x224 CMakeFiles/prj_dot.dir/src/SRTU_V7.c.obj
                0x1000aaf4                sendInverterRead_Hyundai
 .text.sendInverterRead_HyModbus
                0x1000ad18      0x7a0 CMakeFiles/prj_dot.dir/src/SRTU_V7.c.obj
                0x1000ad18                sendInverterRead_HyModbus
 .text.rx0Control_HyModbus
                0x1000b4b8      0x2b4 CMakeFiles/prj_dot.dir/src/SRTU_V7.c.obj
                0x1000b4b8                rx0Control_HyModbus
 .text.sendInverterRead_Kaco
                0x1000b76c      0x7ac CMakeFiles/prj_dot.dir/src/SRTU_V7.c.obj
                0x1000b76c                sendInverterRead_Kaco
 .text.rx0Control_Kaco
                0x1000bf18      0x9b0 CMakeFiles/prj_dot.dir/src/SRTU_V7.c.obj
                0x1000bf18                rx0Control_Kaco
 .text.sendInverterRead_DIK
                0x1000c8c8      0x364 CMakeFiles/prj_dot.dir/src/SRTU_V7.c.obj
                0x1000c8c8                sendInverterRead_DIK
 .text.rx0Control_DIK
                0x1000cc2c      0x270 CMakeFiles/prj_dot.dir/src/SRTU_V7.c.obj
                0x1000cc2c                rx0Control_DIK
 .text.sendInverterRead_GIPAM115
                0x1000ce9c       0xc0 CMakeFiles/prj_dot.dir/src/SRTU_V7.c.obj
                0x1000ce9c                sendInverterRead_GIPAM115
 .text.rx0Control_GIPAM115
                0x1000cf5c      0x370 CMakeFiles/prj_dot.dir/src/SRTU_V7.c.obj
                0x1000cf5c                rx0Control_GIPAM115
 .text.sendInverterRead_Lsis50K
                0x1000d2cc     0x1288 CMakeFiles/prj_dot.dir/src/SRTU_V7.c.obj
                0x1000d2cc                sendInverterRead_Lsis50K
 .text.rx0Control_Lsis50K
                0x1000e554      0x300 CMakeFiles/prj_dot.dir/src/SRTU_V7.c.obj
                0x1000e554                rx0Control_Lsis50K
 .text.sendInverterRead_Lsis100K
                0x1000e854     0x158c CMakeFiles/prj_dot.dir/src/SRTU_V7.c.obj
                0x1000e854                sendInverterRead_Lsis100K
 .text.rx0Control_Lsis100K
                0x1000fde0      0x368 CMakeFiles/prj_dot.dir/src/SRTU_V7.c.obj
                0x1000fde0                rx0Control_Lsis100K
 .text.sendInverterRead_Ls500k
                0x10010148      0x7a4 CMakeFiles/prj_dot.dir/src/SRTU_V7.c.obj
                0x10010148                sendInverterRead_Ls500k
 .text.rx0Control_Ls500k
                0x100108ec      0x2d0 CMakeFiles/prj_dot.dir/src/SRTU_V7.c.obj
                0x100108ec                rx0Control_Ls500k
 .text.sendInverterRead_Kaco39
                0x10010bbc      0xfbc CMakeFiles/prj_dot.dir/src/SRTU_V7.c.obj
                0x10010bbc                sendInverterRead_Kaco39
 .text.rx0Control_Kaco39
                0x10011b78     0x1c18 CMakeFiles/prj_dot.dir/src/SRTU_V7.c.obj
                0x10011b78                rx0Control_Kaco39
 .text.sendInverterRead_AbbModbus
                0x10013790      0x1ac CMakeFiles/prj_dot.dir/src/SRTU_V7.c.obj
                0x10013790                sendInverterRead_AbbModbus
 .text.sendInverterRead_Abb27K
                0x1001393c     0x64c4 CMakeFiles/prj_dot.dir/src/SRTU_V7.c.obj
                0x1001393c                sendInverterRead_Abb27K
 .text.rx0Control_Abb27K
                0x10019e00      0x378 CMakeFiles/prj_dot.dir/src/SRTU_V7.c.obj
                0x10019e00                rx0Control_Abb27K
 .text.sendInverterRead_Lsis03k
                0x1001a178      0x258 CMakeFiles/prj_dot.dir/src/SRTU_V7.c.obj
                0x1001a178                sendInverterRead_Lsis03k
 .text.rx0Control_Lsis03k
                0x1001a3d0      0x270 CMakeFiles/prj_dot.dir/src/SRTU_V7.c.obj
                0x1001a3d0                rx0Control_Lsis03k
 .text.sendInverterRead_HyosungMbus
                0x1001a640      0x788 CMakeFiles/prj_dot.dir/src/SRTU_V7.c.obj
                0x1001a640                sendInverterRead_HyosungMbus
 .text.rx0Control_HyosungMbus
                0x1001adc8      0x2d0 CMakeFiles/prj_dot.dir/src/SRTU_V7.c.obj
                0x1001adc8                rx0Control_HyosungMbus
 .text.sendInverterRead_Refusol
                0x1001b098      0xbf8 CMakeFiles/prj_dot.dir/src/SRTU_V7.c.obj
                0x1001b098                sendInverterRead_Refusol
 .text.rx0Control_Refusol
                0x1001bc90      0x550 CMakeFiles/prj_dot.dir/src/SRTU_V7.c.obj
                0x1001bc90                rx0Control_Refusol
 .text.sendInverterRead_SanRex
                0x1001c1e0      0x150 CMakeFiles/prj_dot.dir/src/SRTU_V7.c.obj
                0x1001c1e0                sendInverterRead_SanRex
 .text.rx0Control_SanRex
                0x1001c330      0x2a8 CMakeFiles/prj_dot.dir/src/SRTU_V7.c.obj
                0x1001c330                rx0Control_SanRex
 .text.sendInverterRead_DYENP
                0x1001c5d8      0x914 CMakeFiles/prj_dot.dir/src/SRTU_V7.c.obj
                0x1001c5d8                sendInverterRead_DYENP
 .text.rx0Control_DYENP
                0x1001ceec      0x210 CMakeFiles/prj_dot.dir/src/SRTU_V7.c.obj
                0x1001ceec                rx0Control_DYENP
 .text.sendInverterRead_KACO11
                0x1001d0fc      0x830 CMakeFiles/prj_dot.dir/src/SRTU_V7.c.obj
                0x1001d0fc                sendInverterRead_KACO11
 .text.rx0Control_KACO11
                0x1001d92c      0x44c CMakeFiles/prj_dot.dir/src/SRTU_V7.c.obj
                0x1001d92c                rx0Control_KACO11
 .text.sendInverterRead_EkosMbus
                0x1001dd78      0x60c CMakeFiles/prj_dot.dir/src/SRTU_V7.c.obj
                0x1001dd78                sendInverterRead_EkosMbus
 .text.rx0Control_EkosMbus
                0x1001e384      0x3d4 CMakeFiles/prj_dot.dir/src/SRTU_V7.c.obj
                0x1001e384                rx0Control_EkosMbus
 .text.sendInverterRead_Windrex3K
                0x1001e758      0xc78 CMakeFiles/prj_dot.dir/src/SRTU_V7.c.obj
                0x1001e758                sendInverterRead_Windrex3K
 .text.rx0Control_Windrex3K
                0x1001f3d0      0x4a8 CMakeFiles/prj_dot.dir/src/SRTU_V7.c.obj
                0x1001f3d0                rx0Control_Windrex3K
 .text.sendInverterRead_SMA10K
                0x1001f878      0xd68 CMakeFiles/prj_dot.dir/src/SRTU_V7.c.obj
                0x1001f878                sendInverterRead_SMA10K
 .text.rx0Control_SMA10K
                0x100205e0      0x1e0 CMakeFiles/prj_dot.dir/src/SRTU_V7.c.obj
                0x100205e0                rx0Control_SMA10K
 .text.sendInverterRead_Delta
                0x100207c0     0x1fe8 CMakeFiles/prj_dot.dir/src/SRTU_V7.c.obj
                0x100207c0                sendInverterRead_Delta
 .text.rx0Control_Delta
                0x100227a8      0x600 CMakeFiles/prj_dot.dir/src/SRTU_V7.c.obj
                0x100227a8                rx0Control_Delta
 .text.sendInverterRead_SunGrow3K
                0x10022da8      0x1bc CMakeFiles/prj_dot.dir/src/SRTU_V7.c.obj
                0x10022da8                sendInverterRead_SunGrow3K
 .text.rx0Control_SunGrow3K
                0x10022f64      0x3dc CMakeFiles/prj_dot.dir/src/SRTU_V7.c.obj
                0x10022f64                rx0Control_SunGrow3K
 .text.sendInverterRead_Willings1M
                0x10023340      0x990 CMakeFiles/prj_dot.dir/src/SRTU_V7.c.obj
                0x10023340                sendInverterRead_Willings1M
 .text.rx0Control_Willings1M
                0x10023cd0      0x3ec CMakeFiles/prj_dot.dir/src/SRTU_V7.c.obj
                0x10023cd0                rx0Control_Willings1M
 .text.sendInverterRead_WillingsMbusA
                0x100240bc      0x910 CMakeFiles/prj_dot.dir/src/SRTU_V7.c.obj
                0x100240bc                sendInverterRead_WillingsMbusA
 .text.rx0Control_WillingsMbusA
                0x100249cc      0x3d4 CMakeFiles/prj_dot.dir/src/SRTU_V7.c.obj
                0x100249cc                rx0Control_WillingsMbusA
 .text.sendInverterRead_WillingsMbusB
                0x10024da0      0xb10 CMakeFiles/prj_dot.dir/src/SRTU_V7.c.obj
                0x10024da0                sendInverterRead_WillingsMbusB
 .text.rx0Control_WillingsMbusB
                0x100258b0      0x418 CMakeFiles/prj_dot.dir/src/SRTU_V7.c.obj
                0x100258b0                rx0Control_WillingsMbusB
 .text.sendInverterRead_Hansol3k
                0x10025cc8      0x7d0 CMakeFiles/prj_dot.dir/src/SRTU_V7.c.obj
                0x10025cc8                sendInverterRead_Hansol3k
 .text.rx0Control_Hansol3k
                0x10026498      0x240 CMakeFiles/prj_dot.dir/src/SRTU_V7.c.obj
                0x10026498                rx0Control_Hansol3k
 .text.sendInverterRead_HexPower3K
                0x100266d8      0x440 CMakeFiles/prj_dot.dir/src/SRTU_V7.c.obj
                0x100266d8                sendInverterRead_HexPower3K
 .text.rx0Control_HexPower3K
                0x10026b18      0x5dc CMakeFiles/prj_dot.dir/src/SRTU_V7.c.obj
                0x10026b18                rx0Control_HexPower3K
 .text.sendInverterRead_ABB33K
                0x100270f4      0x778 CMakeFiles/prj_dot.dir/src/SRTU_V7.c.obj
                0x100270f4                sendInverterRead_ABB33K
 .text.rx0Control_ABB33K
                0x1002786c      0x308 CMakeFiles/prj_dot.dir/src/SRTU_V7.c.obj
                0x1002786c                rx0Control_ABB33K
 .text.sendInverterRead_KACO20
                0x10027b74      0xad0 CMakeFiles/prj_dot.dir/src/SRTU_V7.c.obj
                0x10027b74                sendInverterRead_KACO20
 .text.rx0Control_KACO20
                0x10028644      0x5d8 CMakeFiles/prj_dot.dir/src/SRTU_V7.c.obj
                0x10028644                rx0Control_KACO20
 .text.sendInverterRead_HexPower20K
                0x10028c1c      0x3a8 CMakeFiles/prj_dot.dir/src/SRTU_V7.c.obj
                0x10028c1c                sendInverterRead_HexPower20K
 .text.rx0Control_HexPower20K
                0x10028fc4      0x78c CMakeFiles/prj_dot.dir/src/SRTU_V7.c.obj
                0x10028fc4                rx0Control_HexPower20K
 .text.sendInverterRead_DongeiEcos
                0x10029750     0x22c4 CMakeFiles/prj_dot.dir/src/SRTU_V7.c.obj
                0x10029750                sendInverterRead_DongeiEcos
 .text.rx0Control_DongeiEcos
                0x1002ba14     0x121c CMakeFiles/prj_dot.dir/src/SRTU_V7.c.obj
                0x1002ba14                rx0Control_DongeiEcos
 .text.sendInverterRead_DikModbus
                0x1002cc30      0x778 CMakeFiles/prj_dot.dir/src/SRTU_V7.c.obj
                0x1002cc30                sendInverterRead_DikModbus
 .text.rx0Control_DikModbus
                0x1002d3a8      0x394 CMakeFiles/prj_dot.dir/src/SRTU_V7.c.obj
                0x1002d3a8                rx0Control_DikModbus
 .text.sendInverterRead_KSTAR50K
                0x1002d73c      0x1bc CMakeFiles/prj_dot.dir/src/SRTU_V7.c.obj
                0x1002d73c                sendInverterRead_KSTAR50K
 .text.rx0Control_KSTAR50K
                0x1002d8f8      0x3c0 CMakeFiles/prj_dot.dir/src/SRTU_V7.c.obj
                0x1002d8f8                rx0Control_KSTAR50K
 .text.sendInverterRead_HyosungMbus36k
                0x1002dcb8      0x1bc CMakeFiles/prj_dot.dir/src/SRTU_V7.c.obj
                0x1002dcb8                sendInverterRead_HyosungMbus36k
 .text.rx0Control_HyosungMbus36k
                0x1002de74      0x39c CMakeFiles/prj_dot.dir/src/SRTU_V7.c.obj
                0x1002de74                rx0Control_HyosungMbus36k
 .text.sendInverterRead_DYENPModbus
                0x1002e210      0x1e4 CMakeFiles/prj_dot.dir/src/SRTU_V7.c.obj
                0x1002e210                sendInverterRead_DYENPModbus
 .text.rx0Control_DYENPModbus
                0x1002e3f4      0x3e0 CMakeFiles/prj_dot.dir/src/SRTU_V7.c.obj
                0x1002e3f4                rx0Control_DYENPModbus
 .text.sendInverterRead_HyModbus1M
                0x1002e7d4      0x404 CMakeFiles/prj_dot.dir/src/SRTU_V7.c.obj
                0x1002e7d4                sendInverterRead_HyModbus1M
 .text.rx0Control_HyModbus1M
                0x1002ebd8      0x2a8 CMakeFiles/prj_dot.dir/src/SRTU_V7.c.obj
                0x1002ebd8                rx0Control_HyModbus1M
 .text.Hex_to_Ulongint
                0x1002ee80       0x48 CMakeFiles/prj_dot.dir/src/SRTU_V7.c.obj
                0x1002ee80                Hex_to_Ulongint
 .text.Hex_to_Uint
                0x1002eec8       0x34 CMakeFiles/prj_dot.dir/src/SRTU_V7.c.obj
                0x1002eec8                Hex_to_Uint
 .text.sendInverterRead_DYENPModbus500K
                0x1002eefc      0x1b8 CMakeFiles/prj_dot.dir/src/SRTU_V7.c.obj
                0x1002eefc                sendInverterRead_DYENPModbus500K
 .text.rx0Control_DYENPModbus500K
                0x1002f0b4      0x3c4 CMakeFiles/prj_dot.dir/src/SRTU_V7.c.obj
                0x1002f0b4                rx0Control_DYENPModbus500K
 .text.sendInverterRead_HexPowerNew
                0x1002f478      0x3a0 CMakeFiles/prj_dot.dir/src/SRTU_V7.c.obj
                0x1002f478                sendInverterRead_HexPowerNew
 .text.rx0Control_HexPowerNew
                0x1002f818      0x724 CMakeFiles/prj_dot.dir/src/SRTU_V7.c.obj
                0x1002f818                rx0Control_HexPowerNew
 .text.sendInverterRead_HansolModbus
                0x1002ff3c      0x1b4 CMakeFiles/prj_dot.dir/src/SRTU_V7.c.obj
                0x1002ff3c                sendInverterRead_HansolModbus
 .text.rx0Control_HansolModbus
                0x100300f0      0x27c CMakeFiles/prj_dot.dir/src/SRTU_V7.c.obj
                0x100300f0                rx0Control_HansolModbus
 .text.sendInverterRead_HyModbus50K
                0x1003036c      0x1b8 CMakeFiles/prj_dot.dir/src/SRTU_V7.c.obj
                0x1003036c                sendInverterRead_HyModbus50K
 .text.rx0Control_HyModbus50K
                0x10030524      0x290 CMakeFiles/prj_dot.dir/src/SRTU_V7.c.obj
                0x10030524                rx0Control_HyModbus50K
 .text.Bytes_to_Ulint
                0x100307b4        0xe CMakeFiles/prj_dot.dir/src/SRTU_V7.c.obj
                0x100307b4                Bytes_to_Ulint
 *fill*         0x100307c2        0x2 
 .text.sendInverterRead_AbbModbus1M
                0x100307c4      0x424 CMakeFiles/prj_dot.dir/src/SRTU_V7.c.obj
                0x100307c4                sendInverterRead_AbbModbus1M
 .text.sendInverterRead_SunGrow1250K
                0x10030be8      0x2f4 CMakeFiles/prj_dot.dir/src/SRTU_V7.c.obj
                0x10030be8                sendInverterRead_SunGrow1250K
 .text.rx0Control_SunGrow1250K
                0x10030edc      0x300 CMakeFiles/prj_dot.dir/src/SRTU_V7.c.obj
                0x10030edc                rx0Control_SunGrow1250K
 .text.sendInverterRead_ABB50K
                0x100311dc      0x3d0 CMakeFiles/prj_dot.dir/src/SRTU_V7.c.obj
                0x100311dc                sendInverterRead_ABB50K
 .text.rx0Control_ABB50K
                0x100315ac      0x4f8 CMakeFiles/prj_dot.dir/src/SRTU_V7.c.obj
                0x100315ac                rx0Control_ABB50K
 .text.sendInverterRead_DYENPModbus50K
                0x10031aa4      0x304 CMakeFiles/prj_dot.dir/src/SRTU_V7.c.obj
                0x10031aa4                sendInverterRead_DYENPModbus50K
 .text.rx0Control_DYENPModbus50K
                0x10031da8      0x4e8 CMakeFiles/prj_dot.dir/src/SRTU_V7.c.obj
                0x10031da8                rx0Control_DYENPModbus50K
 .text.sendInverterRead_HyosungMbus50k
                0x10032290      0x3dc CMakeFiles/prj_dot.dir/src/SRTU_V7.c.obj
                0x10032290                sendInverterRead_HyosungMbus50k
 .text.rx0Control_HyosungMbus50k
                0x1003266c      0x4d0 CMakeFiles/prj_dot.dir/src/SRTU_V7.c.obj
                0x1003266c                rx0Control_HyosungMbus50k
 .text.sendInverterRead_SINENG36k
                0x10032b3c      0x3d4 CMakeFiles/prj_dot.dir/src/SRTU_V7.c.obj
                0x10032b3c                sendInverterRead_SINENG36k
 .text.rx0Control_SINENG36k
                0x10032f10      0x4f4 CMakeFiles/prj_dot.dir/src/SRTU_V7.c.obj
                0x10032f10                rx0Control_SINENG36k
 .text.sendInverterRead_Canadian50K
                0x10033404      0x2d0 CMakeFiles/prj_dot.dir/src/SRTU_V7.c.obj
                0x10033404                sendInverterRead_Canadian50K
 .text.rx0Control_Canadian50K
                0x100336d4      0x364 CMakeFiles/prj_dot.dir/src/SRTU_V7.c.obj
                0x100336d4                rx0Control_Canadian50K
 .text.sendInverterRead_Keumbee34K
                0x10033a38      0x184 CMakeFiles/prj_dot.dir/src/SRTU_V7.c.obj
                0x10033a38                sendInverterRead_Keumbee34K
 .text.rx0Control_Keumbee34K
                0x10033bbc      0x25c CMakeFiles/prj_dot.dir/src/SRTU_V7.c.obj
                0x10033bbc                rx0Control_Keumbee34K
 .text.send_inv_sqc
                0x10033e18      0x158 CMakeFiles/prj_dot.dir/src/SRTU_V7.c.obj
                0x10033e18                send_inv_sqc
 .text.variablesInitial_v7
                0x10033f70      0x1b0 CMakeFiles/prj_dot.dir/src/SRTU_V7.c.obj
                0x10033f70                variablesInitial_v7
 .text.drv_send_inv
                0x10034120      0x198 CMakeFiles/prj_dot.dir/src/SRTU_V7.c.obj
                0x10034120                drv_send_inv
 .text.put_strf
                0x100342b8       0x2e CMakeFiles/prj_dot.dir/src/SRTU_V7.c.obj
                0x100342b8                put_strf
 *fill*         0x100342e6        0x2 
 .text.rx0Control_Hyundai
                0x100342e8      0x3e4 CMakeFiles/prj_dot.dir/src/SRTU_V7.c.obj
                0x100342e8                rx0Control_Hyundai
 .text.rx0Control_AbbModbus
                0x100346cc      0x298 CMakeFiles/prj_dot.dir/src/SRTU_V7.c.obj
                0x100346cc                rx0Control_AbbModbus
 .text.rx0Control_AbbModbus1M
                0x10034964      0x3cc CMakeFiles/prj_dot.dir/src/SRTU_V7.c.obj
                0x10034964                rx0Control_AbbModbus1M
 .text.drv_recev_inv_tV7
                0x10034d30      0x158 CMakeFiles/prj_dot.dir/src/SRTU_V7.c.obj
                0x10034d30                drv_recev_inv_tV7
 .text.Paint_NewImage
                0x10034e88       0x4c CMakeFiles/prj_dot.dir/src/lib/GUI/GUI_Paint.c.obj
                0x10034e88                Paint_NewImage
 .text.Paint_SelectImage
                0x10034ed4        0xc CMakeFiles/prj_dot.dir/src/lib/GUI/GUI_Paint.c.obj
                0x10034ed4                Paint_SelectImage
 .text.Paint_SetScale
                0x10034ee0       0x68 CMakeFiles/prj_dot.dir/src/lib/GUI/GUI_Paint.c.obj
                0x10034ee0                Paint_SetScale
 .text.Paint_SetPixel
                0x10034f48      0x184 CMakeFiles/prj_dot.dir/src/lib/GUI/GUI_Paint.c.obj
                0x10034f48                Paint_SetPixel
 .text.Paint_Clear
                0x100350cc       0xb8 CMakeFiles/prj_dot.dir/src/lib/GUI/GUI_Paint.c.obj
                0x100350cc                Paint_Clear
 .text.Paint_DrawPoint
                0x10035184       0xe0 CMakeFiles/prj_dot.dir/src/lib/GUI/GUI_Paint.c.obj
                0x10035184                Paint_DrawPoint
 .text.Paint_DrawLine
                0x10035264      0x12c CMakeFiles/prj_dot.dir/src/lib/GUI/GUI_Paint.c.obj
                0x10035264                Paint_DrawLine
 .text.Paint_DrawRectangle
                0x10035390       0xd0 CMakeFiles/prj_dot.dir/src/lib/GUI/GUI_Paint.c.obj
                0x10035390                Paint_DrawRectangle
 .text.Paint_DrawCircle
                0x10035460      0x270 CMakeFiles/prj_dot.dir/src/lib/GUI/GUI_Paint.c.obj
                0x10035460                Paint_DrawCircle
 .text.Paint_DrawChar
                0x100356d0       0xe8 CMakeFiles/prj_dot.dir/src/lib/GUI/GUI_Paint.c.obj
                0x100356d0                Paint_DrawChar
 .text.Paint_DrawString_EN
                0x100357b8       0x88 CMakeFiles/prj_dot.dir/src/lib/GUI/GUI_Paint.c.obj
                0x100357b8                Paint_DrawString_EN
 .text.Paint_DrawNum
                0x10035840      0x130 CMakeFiles/prj_dot.dir/src/lib/GUI/GUI_Paint.c.obj
                0x10035840                Paint_DrawNum
 .text.gpio_set_function
                0x10035970       0x30 CMakeFiles/prj_dot.dir/C_/Users/ShinHongShik/Documents/Pico/pico-sdk/src/rp2_common/hardware_gpio/gpio.c.obj
                0x10035970                gpio_set_function
 .text.gpio_set_pulls
                0x100359a0       0x34 CMakeFiles/prj_dot.dir/C_/Users/ShinHongShik/Documents/Pico/pico-sdk/src/rp2_common/hardware_gpio/gpio.c.obj
                0x100359a0                gpio_set_pulls
 .text.gpio_set_irq_callback
                0x100359d4       0x48 CMakeFiles/prj_dot.dir/C_/Users/ShinHongShik/Documents/Pico/pico-sdk/src/rp2_common/hardware_gpio/gpio.c.obj
                0x100359d4                gpio_set_irq_callback
 .text.gpio_acknowledge_irq
                0x10035a1c       0x18 CMakeFiles/prj_dot.dir/C_/Users/ShinHongShik/Documents/Pico/pico-sdk/src/rp2_common/hardware_gpio/gpio.c.obj
                0x10035a1c                gpio_acknowledge_irq
 .text._gpio_set_irq_enabled
                0x10035a34       0x34 CMakeFiles/prj_dot.dir/C_/Users/ShinHongShik/Documents/Pico/pico-sdk/src/rp2_common/hardware_gpio/gpio.c.obj
 .text.gpio_set_irq_enabled
                0x10035a68       0x20 CMakeFiles/prj_dot.dir/C_/Users/ShinHongShik/Documents/Pico/pico-sdk/src/rp2_common/hardware_gpio/gpio.c.obj
                0x10035a68                gpio_set_irq_enabled
 .text.gpio_set_irq_enabled_with_callback
                0x10035a88       0x20 CMakeFiles/prj_dot.dir/C_/Users/ShinHongShik/Documents/Pico/pico-sdk/src/rp2_common/hardware_gpio/gpio.c.obj
                0x10035a88                gpio_set_irq_enabled_with_callback
 .text.gpio_default_irq_handler
                0x10035aa8       0x98 CMakeFiles/prj_dot.dir/C_/Users/ShinHongShik/Documents/Pico/pico-sdk/src/rp2_common/hardware_gpio/gpio.c.obj
 .text.gpio_set_input_enabled
                0x10035b40       0x30 CMakeFiles/prj_dot.dir/C_/Users/ShinHongShik/Documents/Pico/pico-sdk/src/rp2_common/hardware_gpio/gpio.c.obj
                0x10035b40                gpio_set_input_enabled
 .text.gpio_init
                0x10035b70       0x16 CMakeFiles/prj_dot.dir/C_/Users/ShinHongShik/Documents/Pico/pico-sdk/src/rp2_common/hardware_gpio/gpio.c.obj
                0x10035b70                gpio_init
 *fill*         0x10035b86        0x2 
 .text.hw_claim_lock
                0x10035b88       0x18 CMakeFiles/prj_dot.dir/C_/Users/ShinHongShik/Documents/Pico/pico-sdk/src/rp2_common/hardware_claim/claim.c.obj
                0x10035b88                hw_claim_lock
 .text.hw_claim_unlock
                0x10035ba0       0x14 CMakeFiles/prj_dot.dir/C_/Users/ShinHongShik/Documents/Pico/pico-sdk/src/rp2_common/hardware_claim/claim.c.obj
                0x10035ba0                hw_claim_unlock
 .text.hw_claim_or_assert
                0x10035bb4       0x32 CMakeFiles/prj_dot.dir/C_/Users/ShinHongShik/Documents/Pico/pico-sdk/src/rp2_common/hardware_claim/claim.c.obj
                0x10035bb4                hw_claim_or_assert
 .text.hw_claim_unused_from_range
                0x10035be6       0x50 CMakeFiles/prj_dot.dir/C_/Users/ShinHongShik/Documents/Pico/pico-sdk/src/rp2_common/hardware_claim/claim.c.obj
                0x10035be6                hw_claim_unused_from_range
 *fill*         0x10035c36        0x2 
 .text.running_on_fpga
                0x10035c38       0x14 CMakeFiles/prj_dot.dir/C_/Users/ShinHongShik/Documents/Pico/pico-sdk/src/rp2_common/pico_platform/platform.c.obj
                0x10035c38                running_on_fpga
 .text.spin_locks_reset
                0x10035c4c       0x20 CMakeFiles/prj_dot.dir/C_/Users/ShinHongShik/Documents/Pico/pico-sdk/src/rp2_common/hardware_sync/sync.c.obj
                0x10035c4c                spin_locks_reset
 .text.next_striped_spin_lock_num
                0x10035c6c       0x1c CMakeFiles/prj_dot.dir/C_/Users/ShinHongShik/Documents/Pico/pico-sdk/src/rp2_common/hardware_sync/sync.c.obj
                0x10035c6c                next_striped_spin_lock_num
 .text.spin_lock_claim_unused
                0x10035c88       0x24 CMakeFiles/prj_dot.dir/C_/Users/ShinHongShik/Documents/Pico/pico-sdk/src/rp2_common/hardware_sync/sync.c.obj
                0x10035c88                spin_lock_claim_unused
 .text.set_raw_irq_handler_and_unlock
                0x10035cac       0x28 CMakeFiles/prj_dot.dir/C_/Users/ShinHongShik/Documents/Pico/pico-sdk/src/rp2_common/hardware_irq/irq.c.obj
 .text.resolve_branch
                0x10035cd4       0x30 CMakeFiles/prj_dot.dir/C_/Users/ShinHongShik/Documents/Pico/pico-sdk/src/rp2_common/hardware_irq/irq.c.obj
 .text.make_branch
                0x10035d04       0x48 CMakeFiles/prj_dot.dir/C_/Users/ShinHongShik/Documents/Pico/pico-sdk/src/rp2_common/hardware_irq/irq.c.obj
 .text.insert_branch_and_link
                0x10035d4c       0x40 CMakeFiles/prj_dot.dir/C_/Users/ShinHongShik/Documents/Pico/pico-sdk/src/rp2_common/hardware_irq/irq.c.obj
 .text.irq_is_enabled
                0x10035d8c       0x18 CMakeFiles/prj_dot.dir/C_/Users/ShinHongShik/Documents/Pico/pico-sdk/src/rp2_common/hardware_irq/irq.c.obj
                0x10035d8c                irq_is_enabled
 .text.irq_set_mask_enabled
                0x10035da4       0x20 CMakeFiles/prj_dot.dir/C_/Users/ShinHongShik/Documents/Pico/pico-sdk/src/rp2_common/hardware_irq/irq.c.obj
                0x10035da4                irq_set_mask_enabled
 .text.irq_set_enabled
                0x10035dc4        0xe CMakeFiles/prj_dot.dir/C_/Users/ShinHongShik/Documents/Pico/pico-sdk/src/rp2_common/hardware_irq/irq.c.obj
                0x10035dc4                irq_set_enabled
 *fill*         0x10035dd2        0x2 
 .text.irq_set_pending
                0x10035dd4       0x10 CMakeFiles/prj_dot.dir/C_/Users/ShinHongShik/Documents/Pico/pico-sdk/src/rp2_common/hardware_irq/irq.c.obj
                0x10035dd4                irq_set_pending
 .text.irq_get_vtable_handler
                0x10035de4       0x10 CMakeFiles/prj_dot.dir/C_/Users/ShinHongShik/Documents/Pico/pico-sdk/src/rp2_common/hardware_irq/irq.c.obj
                0x10035de4                irq_get_vtable_handler
 .text.irq_has_shared_handler
                0x10035df4       0x24 CMakeFiles/prj_dot.dir/C_/Users/ShinHongShik/Documents/Pico/pico-sdk/src/rp2_common/hardware_irq/irq.c.obj
                0x10035df4                irq_has_shared_handler
 .text.irq_set_exclusive_handler
                0x10035e18       0x54 CMakeFiles/prj_dot.dir/C_/Users/ShinHongShik/Documents/Pico/pico-sdk/src/rp2_common/hardware_irq/irq.c.obj
                0x10035e18                irq_set_exclusive_handler
 .text.irq_add_shared_handler
                0x10035e6c      0x210 CMakeFiles/prj_dot.dir/C_/Users/ShinHongShik/Documents/Pico/pico-sdk/src/rp2_common/hardware_irq/irq.c.obj
                0x10035e6c                irq_add_shared_handler
 .text.irq_remove_handler
                0x1003607c      0x188 CMakeFiles/prj_dot.dir/C_/Users/ShinHongShik/Documents/Pico/pico-sdk/src/rp2_common/hardware_irq/irq.c.obj
                0x1003607c                irq_remove_handler
 .text.irq_add_tail_to_free_list
                0x10036204       0xf0 CMakeFiles/prj_dot.dir/C_/Users/ShinHongShik/Documents/Pico/pico-sdk/src/rp2_common/hardware_irq/irq.c.obj
                0x10036204                irq_add_tail_to_free_list
 .text.irq_init_priorities
                0x100362f4       0x1c CMakeFiles/prj_dot.dir/C_/Users/ShinHongShik/Documents/Pico/pico-sdk/src/rp2_common/hardware_irq/irq.c.obj
                0x100362f4                irq_init_priorities
 .text.user_irq_claim_unused
                0x10036310       0x30 CMakeFiles/prj_dot.dir/C_/Users/ShinHongShik/Documents/Pico/pico-sdk/src/rp2_common/hardware_irq/irq.c.obj
                0x10036310                user_irq_claim_unused
 .text.lock_init
                0x10036340       0x10 CMakeFiles/prj_dot.dir/C_/Users/ShinHongShik/Documents/Pico/pico-sdk/src/common/pico_sync/lock_core.c.obj
                0x10036340                lock_init
 .text.time_reached
                0x10036350       0x28 CMakeFiles/prj_dot.dir/C_/Users/ShinHongShik/Documents/Pico/pico-sdk/src/common/pico_time/time.c.obj
 .text.get_entry
                0x10036378       0x38 CMakeFiles/prj_dot.dir/C_/Users/ShinHongShik/Documents/Pico/pico-sdk/src/common/pico_time/time.c.obj
 .text.timer_pool_entry_comparator
                0x100363b0       0x2e CMakeFiles/prj_dot.dir/C_/Users/ShinHongShik/Documents/Pico/pico-sdk/src/common/pico_time/time.c.obj
                0x100363b0                timer_pool_entry_comparator
 *fill*         0x100363de        0x2 
 .text.update_us_since_boot
                0x100363e0       0x24 CMakeFiles/prj_dot.dir/C_/Users/ShinHongShik/Documents/Pico/pico-sdk/src/common/pico_time/time.c.obj
 .text.delayed_by_us
                0x10036404       0x36 CMakeFiles/prj_dot.dir/C_/Users/ShinHongShik/Documents/Pico/pico-sdk/src/common/pico_time/time.c.obj
 *fill*         0x1003643a        0x2 
 .text.ph_get_node
                0x1003643c       0x30 CMakeFiles/prj_dot.dir/C_/Users/ShinHongShik/Documents/Pico/pico-sdk/src/common/pico_time/time.c.obj
 .text.ph_contains_node
                0x1003646c       0x1e CMakeFiles/prj_dot.dir/C_/Users/ShinHongShik/Documents/Pico/pico-sdk/src/common/pico_time/time.c.obj
 .text.ph_new_node
                0x1003648a       0x28 CMakeFiles/prj_dot.dir/C_/Users/ShinHongShik/Documents/Pico/pico-sdk/src/common/pico_time/time.c.obj
 *fill*         0x100364b2        0x2 
 .text.ph_add_child_node
                0x100364b4       0x6c CMakeFiles/prj_dot.dir/C_/Users/ShinHongShik/Documents/Pico/pico-sdk/src/common/pico_time/time.c.obj
 .text.ph_merge_nodes
                0x10036520       0x3e CMakeFiles/prj_dot.dir/C_/Users/ShinHongShik/Documents/Pico/pico-sdk/src/common/pico_time/time.c.obj
 *fill*         0x1003655e        0x2 
 .text.ph_insert_node
                0x10036560       0x3c CMakeFiles/prj_dot.dir/C_/Users/ShinHongShik/Documents/Pico/pico-sdk/src/common/pico_time/time.c.obj
 .text.ph_free_node
                0x1003659c       0x3c CMakeFiles/prj_dot.dir/C_/Users/ShinHongShik/Documents/Pico/pico-sdk/src/common/pico_time/time.c.obj
 .text.get_entry_id_high
                0x100365d8       0x30 CMakeFiles/prj_dot.dir/C_/Users/ShinHongShik/Documents/Pico/pico-sdk/src/common/pico_time/time.c.obj
 .text.alarm_pool_post_alloc_init
                0x10036608       0x40 CMakeFiles/prj_dot.dir/C_/Users/ShinHongShik/Documents/Pico/pico-sdk/src/common/pico_time/time.c.obj
 .text.sleep_until_callback
                0x10036648       0x30 CMakeFiles/prj_dot.dir/C_/Users/ShinHongShik/Documents/Pico/pico-sdk/src/common/pico_time/time.c.obj
 .text.get_absolute_time
                0x10036678       0x22 CMakeFiles/prj_dot.dir/C_/Users/ShinHongShik/Documents/Pico/pico-sdk/src/common/pico_time/time.c.obj
 *fill*         0x1003669a        0x2 
 .text.add_alarm_under_lock
                0x1003669c       0x94 CMakeFiles/prj_dot.dir/C_/Users/ShinHongShik/Documents/Pico/pico-sdk/src/common/pico_time/time.c.obj
 .text.alarm_pool_alarm_callback
                0x10036730      0x20c CMakeFiles/prj_dot.dir/C_/Users/ShinHongShik/Documents/Pico/pico-sdk/src/common/pico_time/time.c.obj
 .text.alarm_pool_init_default
                0x1003693c       0x38 CMakeFiles/prj_dot.dir/C_/Users/ShinHongShik/Documents/Pico/pico-sdk/src/common/pico_time/time.c.obj
                0x1003693c                alarm_pool_init_default
 .text.alarm_pool_get_default
                0x10036974       0x2c CMakeFiles/prj_dot.dir/C_/Users/ShinHongShik/Documents/Pico/pico-sdk/src/common/pico_time/time.c.obj
                0x10036974                alarm_pool_get_default
 .text.alarm_pool_add_alarm_at
                0x100369a0      0x10e CMakeFiles/prj_dot.dir/C_/Users/ShinHongShik/Documents/Pico/pico-sdk/src/common/pico_time/time.c.obj
                0x100369a0                alarm_pool_add_alarm_at
 .text.add_alarm_at
                0x10036aae       0x2e CMakeFiles/prj_dot.dir/C_/Users/ShinHongShik/Documents/Pico/pico-sdk/src/common/pico_time/time.c.obj
 .text.alarm_pool_cancel_alarm
                0x10036adc       0xa0 CMakeFiles/prj_dot.dir/C_/Users/ShinHongShik/Documents/Pico/pico-sdk/src/common/pico_time/time.c.obj
                0x10036adc                alarm_pool_cancel_alarm
 .text.cancel_alarm
                0x10036b7c       0x10 CMakeFiles/prj_dot.dir/C_/Users/ShinHongShik/Documents/Pico/pico-sdk/src/common/pico_time/time.c.obj
 .text.best_effort_wfe_or_timeout
                0x10036b8c       0x38 CMakeFiles/prj_dot.dir/C_/Users/ShinHongShik/Documents/Pico/pico-sdk/src/common/pico_time/time.c.obj
                0x10036b8c                best_effort_wfe_or_timeout
 .text.hardware_alarm_irq_handler
                0x10036bc4       0x88 CMakeFiles/prj_dot.dir/C_/Users/ShinHongShik/Documents/Pico/pico-sdk/src/rp2_common/hardware_timer/timer.c.obj
 .text.hardware_alarm_claim
                0x10036c4c       0x18 CMakeFiles/prj_dot.dir/C_/Users/ShinHongShik/Documents/Pico/pico-sdk/src/rp2_common/hardware_timer/timer.c.obj
                0x10036c4c                hardware_alarm_claim
 .text.time_us_64
                0x10036c64       0x18 CMakeFiles/prj_dot.dir/C_/Users/ShinHongShik/Documents/Pico/pico-sdk/src/rp2_common/hardware_timer/timer.c.obj
                0x10036c64                time_us_64
 .text.hardware_alarm_set_callback
                0x10036c7c       0x90 CMakeFiles/prj_dot.dir/C_/Users/ShinHongShik/Documents/Pico/pico-sdk/src/rp2_common/hardware_timer/timer.c.obj
                0x10036c7c                hardware_alarm_set_callback
 .text.hardware_alarm_set_target
                0x10036d0c       0xe8 CMakeFiles/prj_dot.dir/C_/Users/ShinHongShik/Documents/Pico/pico-sdk/src/rp2_common/hardware_timer/timer.c.obj
                0x10036d0c                hardware_alarm_set_target
 .text.hardware_alarm_cancel
                0x10036df4       0x40 CMakeFiles/prj_dot.dir/C_/Users/ShinHongShik/Documents/Pico/pico-sdk/src/rp2_common/hardware_timer/timer.c.obj
                0x10036df4                hardware_alarm_cancel
 .text.ph_get_node
                0x10036e34       0x30 CMakeFiles/prj_dot.dir/C_/Users/ShinHongShik/Documents/Pico/pico-sdk/src/common/pico_util/pheap.c.obj
 .text.ph_add_child_node
                0x10036e64       0x6c CMakeFiles/prj_dot.dir/C_/Users/ShinHongShik/Documents/Pico/pico-sdk/src/common/pico_util/pheap.c.obj
 .text.ph_merge_nodes
                0x10036ed0       0x3e CMakeFiles/prj_dot.dir/C_/Users/ShinHongShik/Documents/Pico/pico-sdk/src/common/pico_util/pheap.c.obj
 .text.ph_clear
                0x10036f0e       0x34 CMakeFiles/prj_dot.dir/C_/Users/ShinHongShik/Documents/Pico/pico-sdk/src/common/pico_util/pheap.c.obj
                0x10036f0e                ph_clear
 .text.ph_post_alloc_init
                0x10036f42        0xe CMakeFiles/prj_dot.dir/C_/Users/ShinHongShik/Documents/Pico/pico-sdk/src/common/pico_util/pheap.c.obj
                0x10036f42                ph_post_alloc_init
 .text.ph_merge_two_pass
                0x10036f50       0x5c CMakeFiles/prj_dot.dir/C_/Users/ShinHongShik/Documents/Pico/pico-sdk/src/common/pico_util/pheap.c.obj
                0x10036f50                ph_merge_two_pass
 .text.ph_remove_any_head
                0x10036fac       0xa4 CMakeFiles/prj_dot.dir/C_/Users/ShinHongShik/Documents/Pico/pico-sdk/src/common/pico_util/pheap.c.obj
 .text.ph_remove_head
                0x10037050       0x14 CMakeFiles/prj_dot.dir/C_/Users/ShinHongShik/Documents/Pico/pico-sdk/src/common/pico_util/pheap.c.obj
                0x10037050                ph_remove_head
 .text.ph_remove_and_free_node
                0x10037064       0xa0 CMakeFiles/prj_dot.dir/C_/Users/ShinHongShik/Documents/Pico/pico-sdk/src/common/pico_util/pheap.c.obj
                0x10037064                ph_remove_and_free_node
 .text.update_us_since_boot
                0x10037104       0x24 CMakeFiles/prj_dot.dir/C_/Users/ShinHongShik/Documents/Pico/pico-sdk/src/common/pico_sync/mutex.c.obj
 .text.delayed_by_ms
                0x10037128       0x46 CMakeFiles/prj_dot.dir/C_/Users/ShinHongShik/Documents/Pico/pico-sdk/src/common/pico_sync/mutex.c.obj
 .text.get_absolute_time
                0x1003716e       0x22 CMakeFiles/prj_dot.dir/C_/Users/ShinHongShik/Documents/Pico/pico-sdk/src/common/pico_sync/mutex.c.obj
 .text.make_timeout_time_ms
                0x10037190       0x20 CMakeFiles/prj_dot.dir/C_/Users/ShinHongShik/Documents/Pico/pico-sdk/src/common/pico_sync/mutex.c.obj
 .text.mutex_init
                0x100371b0       0x1a CMakeFiles/prj_dot.dir/C_/Users/ShinHongShik/Documents/Pico/pico-sdk/src/common/pico_sync/mutex.c.obj
                0x100371b0                mutex_init
 .text.recursive_mutex_init
                0x100371ca       0x1e CMakeFiles/prj_dot.dir/C_/Users/ShinHongShik/Documents/Pico/pico-sdk/src/common/pico_sync/mutex.c.obj
                0x100371ca                recursive_mutex_init
 .text.critical_section_init_with_lock_num
                0x100371e8       0x14 CMakeFiles/prj_dot.dir/C_/Users/ShinHongShik/Documents/Pico/pico-sdk/src/common/pico_sync/critical_section.c.obj
                0x100371e8                critical_section_init_with_lock_num
 .text.critical_section_init
                0x100371fc       0x14 CMakeFiles/prj_dot.dir/C_/Users/ShinHongShik/Documents/Pico/pico-sdk/src/common/pico_sync/critical_section.c.obj
                0x100371fc                critical_section_init
 .text.uart_set_baudrate
                0x10037210       0x5c CMakeFiles/prj_dot.dir/C_/Users/ShinHongShik/Documents/Pico/pico-sdk/src/rp2_common/hardware_uart/uart.c.obj
                0x10037210                uart_set_baudrate
 .text.uart_set_translate_crlf
                0x1003726c       0x28 CMakeFiles/prj_dot.dir/C_/Users/ShinHongShik/Documents/Pico/pico-sdk/src/rp2_common/hardware_uart/uart.c.obj
                0x1003726c                uart_set_translate_crlf
 .text.uart_init
                0x10037294       0x80 CMakeFiles/prj_dot.dir/C_/Users/ShinHongShik/Documents/Pico/pico-sdk/src/rp2_common/hardware_uart/uart.c.obj
                0x10037294                uart_init
 .text._exit    0x10037314        0x4 CMakeFiles/prj_dot.dir/C_/Users/ShinHongShik/Documents/Pico/pico-sdk/src/rp2_common/pico_runtime/runtime.c.obj
                0x10037314                _exit
 .text._sbrk    0x10037318       0x38 CMakeFiles/prj_dot.dir/C_/Users/ShinHongShik/Documents/Pico/pico-sdk/src/rp2_common/pico_runtime/runtime.c.obj
                0x10037318                _sbrk
 .text.exit     0x10037350        0x6 CMakeFiles/prj_dot.dir/C_/Users/ShinHongShik/Documents/Pico/pico-sdk/src/rp2_common/pico_runtime/runtime.c.obj
                0x10037350                exit
 *fill*         0x10037356        0x2 
 .text.__assert_func
                0x10037358       0x38 CMakeFiles/prj_dot.dir/C_/Users/ShinHongShik/Documents/Pico/pico-sdk/src/rp2_common/pico_runtime/runtime.c.obj
                0x10037358                __assert_func
 .text.runtime_init
                0x10037390       0xf8 CMakeFiles/prj_dot.dir/C_/Users/ShinHongShik/Documents/Pico/pico-sdk/src/rp2_common/pico_runtime/runtime.c.obj
                0x10037390                runtime_init
 .text.panic    0x10037488       0x30 CMakeFiles/prj_dot.dir/C_/Users/ShinHongShik/Documents/Pico/pico-sdk/src/rp2_common/pico_runtime/runtime.c.obj
                0x10037488                panic
 .text.clock_configure
                0x100374b8      0x104 CMakeFiles/prj_dot.dir/C_/Users/ShinHongShik/Documents/Pico/pico-sdk/src/rp2_common/hardware_clocks/clocks.c.obj
                0x100374b8                clock_configure
 .text.clocks_init
                0x100375bc      0x100 CMakeFiles/prj_dot.dir/C_/Users/ShinHongShik/Documents/Pico/pico-sdk/src/rp2_common/hardware_clocks/clocks.c.obj
                0x100375bc                clocks_init
 .text.clock_get_hz
                0x100376bc        0xc CMakeFiles/prj_dot.dir/C_/Users/ShinHongShik/Documents/Pico/pico-sdk/src/rp2_common/hardware_clocks/clocks.c.obj
                0x100376bc                clock_get_hz
 .text.pll_init
                0x100376c8      0x140 CMakeFiles/prj_dot.dir/C_/Users/ShinHongShik/Documents/Pico/pico-sdk/src/rp2_common/hardware_pll/pll.c.obj
                0x100376c8                pll_init
 .text.watchdog_start_tick
                0x10037808       0x10 CMakeFiles/prj_dot.dir/C_/Users/ShinHongShik/Documents/Pico/pico-sdk/src/rp2_common/hardware_watchdog/watchdog.c.obj
                0x10037808                watchdog_start_tick
 .text.watchdog_update
                0x10037818       0x14 CMakeFiles/prj_dot.dir/C_/Users/ShinHongShik/Documents/Pico/pico-sdk/src/rp2_common/hardware_watchdog/watchdog.c.obj
                0x10037818                watchdog_update
 .text._watchdog_enable
                0x1003782c       0x78 CMakeFiles/prj_dot.dir/C_/Users/ShinHongShik/Documents/Pico/pico-sdk/src/rp2_common/hardware_watchdog/watchdog.c.obj
                0x1003782c                _watchdog_enable
 .text.watchdog_enable
                0x100378a4       0x18 CMakeFiles/prj_dot.dir/C_/Users/ShinHongShik/Documents/Pico/pico-sdk/src/rp2_common/hardware_watchdog/watchdog.c.obj
                0x100378a4                watchdog_enable
 .text.watchdog_reboot
                0x100378bc       0x48 CMakeFiles/prj_dot.dir/C_/Users/ShinHongShik/Documents/Pico/pico-sdk/src/rp2_common/hardware_watchdog/watchdog.c.obj
                0x100378bc                watchdog_reboot
 .text.xosc_init
                0x10037904       0x28 CMakeFiles/prj_dot.dir/C_/Users/ShinHongShik/Documents/Pico/pico-sdk/src/rp2_common/hardware_xosc/xosc.c.obj
                0x10037904                xosc_init
 .text._out_buffer
                0x1003792c        0x8 CMakeFiles/prj_dot.dir/C_/Users/ShinHongShik/Documents/Pico/pico-sdk/src/rp2_common/pico_printf/printf.c.obj
 .text._out_null
                0x10037934        0x2 CMakeFiles/prj_dot.dir/C_/Users/ShinHongShik/Documents/Pico/pico-sdk/src/rp2_common/pico_printf/printf.c.obj
 .text._out_fct
                0x10037936        0xe CMakeFiles/prj_dot.dir/C_/Users/ShinHongShik/Documents/Pico/pico-sdk/src/rp2_common/pico_printf/printf.c.obj
 .text._atoi    0x10037944       0x24 CMakeFiles/prj_dot.dir/C_/Users/ShinHongShik/Documents/Pico/pico-sdk/src/rp2_common/pico_printf/printf.c.obj
 .text._out_rev
                0x10037968       0xae CMakeFiles/prj_dot.dir/C_/Users/ShinHongShik/Documents/Pico/pico-sdk/src/rp2_common/pico_printf/printf.c.obj
 .text._ntoa_format
                0x10037a16      0x110 CMakeFiles/prj_dot.dir/C_/Users/ShinHongShik/Documents/Pico/pico-sdk/src/rp2_common/pico_printf/printf.c.obj
 .text._ntoa_long
                0x10037b26       0xbc CMakeFiles/prj_dot.dir/C_/Users/ShinHongShik/Documents/Pico/pico-sdk/src/rp2_common/pico_printf/printf.c.obj
 .text._ntoa_long_long
                0x10037be2      0x10e CMakeFiles/prj_dot.dir/C_/Users/ShinHongShik/Documents/Pico/pico-sdk/src/rp2_common/pico_printf/printf.c.obj
 .text._etoa    0x10037cf0      0x420 CMakeFiles/prj_dot.dir/C_/Users/ShinHongShik/Documents/Pico/pico-sdk/src/rp2_common/pico_printf/printf.c.obj
 .text._ftoa    0x10038110      0x354 CMakeFiles/prj_dot.dir/C_/Users/ShinHongShik/Documents/Pico/pico-sdk/src/rp2_common/pico_printf/printf.c.obj
 .text._vsnprintf
                0x10038464      0x668 CMakeFiles/prj_dot.dir/C_/Users/ShinHongShik/Documents/Pico/pico-sdk/src/rp2_common/pico_printf/printf.c.obj
 .text.__wrap_sprintf
                0x10038acc       0x2c CMakeFiles/prj_dot.dir/C_/Users/ShinHongShik/Documents/Pico/pico-sdk/src/rp2_common/pico_printf/printf.c.obj
                0x10038acc                __wrap_sprintf
 .text.vfctprintf
                0x10038af8       0x20 CMakeFiles/prj_dot.dir/C_/Users/ShinHongShik/Documents/Pico/pico-sdk/src/rp2_common/pico_printf/printf.c.obj
                0x10038af8                vfctprintf
 .text          0x10038b18       0x10 CMakeFiles/prj_dot.dir/C_/Users/ShinHongShik/Documents/Pico/pico-sdk/src/rp2_common/pico_bit_ops/bit_ops_aeabi.S.obj
 .text.rom_func_lookup
                0x10038b28       0x10 CMakeFiles/prj_dot.dir/C_/Users/ShinHongShik/Documents/Pico/pico-sdk/src/rp2_common/pico_bootrom/bootrom.c.obj
                0x10038b28                rom_func_lookup
 .text.rom_data_lookup
                0x10038b38       0x10 CMakeFiles/prj_dot.dir/C_/Users/ShinHongShik/Documents/Pico/pico-sdk/src/rp2_common/pico_bootrom/bootrom.c.obj
                0x10038b38                rom_data_lookup
 .text.rom_funcs_lookup
                0x10038b48       0x36 CMakeFiles/prj_dot.dir/C_/Users/ShinHongShik/Documents/Pico/pico-sdk/src/rp2_common/pico_bootrom/bootrom.c.obj
                0x10038b48                rom_funcs_lookup
 *fill*         0x10038b7e        0x2 
 .text.__wrap___aeabi_idiv
                0x10038b80       0x50 CMakeFiles/prj_dot.dir/C_/Users/ShinHongShik/Documents/Pico/pico-sdk/src/rp2_common/pico_divider/divider.S.obj
                0x10038b80                __wrap___aeabi_idivmod
                0x10038b80                divmod_s32s32
                0x10038b80                div_s32s32
                0x10038b80                __wrap___aeabi_idiv
                0x10038b88                divmod_s32s32_unsafe
                0x10038bb4                divmod_s32s32_savestate
 .text.__wrap___aeabi_uidiv
                0x10038bd0       0x4c CMakeFiles/prj_dot.dir/C_/Users/ShinHongShik/Documents/Pico/pico-sdk/src/rp2_common/pico_divider/divider.S.obj
                0x10038bd0                __wrap___aeabi_uidiv
                0x10038bd0                __wrap___aeabi_uidivmod
                0x10038bd0                div_u32u32
                0x10038bd0                divmod_u32u32
                0x10038bd8                divmod_u32u32_unsafe
                0x10038c00                divmod_u32u32_savestate
 .text.__wrap___aeabi_ldiv
                0x10038c1c      0x434 CMakeFiles/prj_dot.dir/C_/Users/ShinHongShik/Documents/Pico/pico-sdk/src/rp2_common/pico_divider/divider.S.obj
                0x10038c1c                div_s64s64
                0x10038c1c                divmod_s64s64
                0x10038c1c                __wrap___aeabi_ldivmod
                0x10038c54                divmod_u64u64
                0x10038c54                div_u64u64
                0x10038c54                __wrap___aeabi_uldivmod
                0x10038c64                divmod_u64u64_savestate
                0x10038c8c                divmod_s64s64_unsafe
                0x10038d14                divmod_u64u64_unsafe
 .text.__wrap___aeabi_darithmetic
                0x10039050       0x80 CMakeFiles/prj_dot.dir/C_/Users/ShinHongShik/Documents/Pico/pico-sdk/src/rp2_common/pico_double/double_aeabi.S.obj
                0x10039050                __wrap___aeabi_drsub
                0x10039056                __wrap___aeabi_dsub
                0x10039068                __wrap___aeabi_dadd
                0x1003907a                __wrap___aeabi_ddiv
                0x100390b6                __wrap___aeabi_dmul
 .text.__wrap___aeabi_cdcmple
                0x100390d0       0x6c CMakeFiles/prj_dot.dir/C_/Users/ShinHongShik/Documents/Pico/pico-sdk/src/rp2_common/pico_double/double_aeabi.S.obj
                0x100390d0                __wrap___aeabi_cdrcmple
                0x100390e0                __wrap___aeabi_cdcmpeq
                0x100390e0                __wrap___aeabi_cdcmple
 .text.__wrap___aeabi_dcmplt
                0x1003913c        0xc CMakeFiles/prj_dot.dir/C_/Users/ShinHongShik/Documents/Pico/pico-sdk/src/rp2_common/pico_double/double_aeabi.S.obj
                0x1003913c                __wrap___aeabi_dcmplt
 .text.__wrap___aeabi_dcmple
                0x10039148       0x10 CMakeFiles/prj_dot.dir/C_/Users/ShinHongShik/Documents/Pico/pico-sdk/src/rp2_common/pico_double/double_aeabi.S.obj
                0x10039148                __wrap___aeabi_dcmple
 .text.__wrap___aeabi_dcmpge
                0x10039158       0x10 CMakeFiles/prj_dot.dir/C_/Users/ShinHongShik/Documents/Pico/pico-sdk/src/rp2_common/pico_double/double_aeabi.S.obj
                0x10039158                __wrap___aeabi_dcmpge
 .text.__wrap___aeabi_dcmpgt
                0x10039168        0xa CMakeFiles/prj_dot.dir/C_/Users/ShinHongShik/Documents/Pico/pico-sdk/src/rp2_common/pico_double/double_aeabi.S.obj
                0x10039168                __wrap___aeabi_dcmpgt
 .text.__wrap___aeabi_dcmpun
                0x10039172       0x1c CMakeFiles/prj_dot.dir/C_/Users/ShinHongShik/Documents/Pico/pico-sdk/src/rp2_common/pico_double/double_aeabi.S.obj
                0x10039172                __wrap___aeabi_dcmpun
 *fill*         0x1003918e        0x2 
 .text.__wrap___aeabi_i2d
                0x10039190       0x38 CMakeFiles/prj_dot.dir/C_/Users/ShinHongShik/Documents/Pico/pico-sdk/src/rp2_common/pico_double/double_aeabi.S.obj
                0x10039190                __wrap___aeabi_ui2d
                0x10039198                __wrap___aeabi_i2d
 .text.__wrap___aeabi_d2iz
                0x100391c8       0x48 CMakeFiles/prj_dot.dir/C_/Users/ShinHongShik/Documents/Pico/pico-sdk/src/rp2_common/pico_double/double_aeabi.S.obj
                0x100391c8                double2int_z
                0x100391c8                __wrap___aeabi_d2iz
 .text.__wrap___aeabi_d2uiz
                0x10039210       0x18 CMakeFiles/prj_dot.dir/C_/Users/ShinHongShik/Documents/Pico/pico-sdk/src/rp2_common/pico_double/double_aeabi.S.obj
                0x10039210                __wrap___aeabi_d2uiz
                0x10039210                double2uint
 .text.__wrap___aeabi_d2f
                0x10039228       0x18 CMakeFiles/prj_dot.dir/C_/Users/ShinHongShik/Documents/Pico/pico-sdk/src/rp2_common/pico_double/double_aeabi.S.obj
                0x10039228                __wrap___aeabi_d2f
 .text.__aeabi_double_init
                0x10039240       0xcc CMakeFiles/prj_dot.dir/C_/Users/ShinHongShik/Documents/Pico/pico-sdk/src/rp2_common/pico_double/double_init_rom.c.obj
                0x10039240                __aeabi_double_init
 .text.double_table_shim_on_use_helper
                0x1003930c       0x34 CMakeFiles/prj_dot.dir/C_/Users/ShinHongShik/Documents/Pico/pico-sdk/src/rp2_common/pico_double/double_v1_rom_shim.S.obj
                0x1003930c                double_table_shim_on_use_helper
 .text.__wrap___aeabi_dsub
                0x10039340       0x10 CMakeFiles/prj_dot.dir/C_/Users/ShinHongShik/Documents/Pico/pico-sdk/src/rp2_common/pico_double/double_v1_rom_shim.S.obj
                0x10039340                drsub_shim
                0x10039346                dsub_shim
 .text.dadd_shim
                0x10039350      0x15c CMakeFiles/prj_dot.dir/C_/Users/ShinHongShik/Documents/Pico/pico-sdk/src/rp2_common/pico_double/double_v1_rom_shim.S.obj
                0x10039350                dadd_shim
 .text.dmul_shim
                0x100394ac      0x15c CMakeFiles/prj_dot.dir/C_/Users/ShinHongShik/Documents/Pico/pico-sdk/src/rp2_common/pico_double/double_v1_rom_shim.S.obj
                0x100394ac                dmul_shim
 .text.ddiv_shim
                0x10039608      0x1b0 CMakeFiles/prj_dot.dir/C_/Users/ShinHongShik/Documents/Pico/pico-sdk/src/rp2_common/pico_double/double_v1_rom_shim.S.obj
                0x10039608                ddiv_shim
 .text.double2uint_shim
                0x100397b8        0xe CMakeFiles/prj_dot.dir/C_/Users/ShinHongShik/Documents/Pico/pico-sdk/src/rp2_common/pico_double/double_v1_rom_shim.S.obj
                0x100397b8                double2uint_shim
                0x100397ba                double2ufix_shim
 *fill*         0x100397c6        0x2 
 .text.double2uint64_shim
                0x100397c8       0x70 CMakeFiles/prj_dot.dir/C_/Users/ShinHongShik/Documents/Pico/pico-sdk/src/rp2_common/pico_double/double_v1_rom_shim.S.obj
                0x100397c8                double2uint64_shim
                0x100397ca                double2ufix64_shim
                0x100397ea                d2fix_a
 .text.double2float_shim
                0x10039838       0x5c CMakeFiles/prj_dot.dir/C_/Users/ShinHongShik/Documents/Pico/pico-sdk/src/rp2_common/pico_double/double_v1_rom_shim.S.obj
                0x10039838                double2float_shim
 .text.dunpacks
                0x10039894       0x3c CMakeFiles/prj_dot.dir/C_/Users/ShinHongShik/Documents/Pico/pico-sdk/src/rp2_common/pico_double/double_v1_rom_shim.S.obj
                0x10039894                dunpacks
 .text.__aeabi_lmul
                0x100398d0       0x32 CMakeFiles/prj_dot.dir/C_/Users/ShinHongShik/Documents/Pico/pico-sdk/src/rp2_common/pico_int64_ops/pico_int64_ops_aeabi.S.obj
                0x100398d0                __wrap___aeabi_lmul
 *fill*         0x10039902        0x2 
 .text.__wrap___aeabi_farithmetic
                0x10039904       0x58 CMakeFiles/prj_dot.dir/C_/Users/ShinHongShik/Documents/Pico/pico-sdk/src/rp2_common/pico_float/float_aeabi.S.obj
                0x10039904                __wrap___aeabi_frsub
                0x1003990a                __wrap___aeabi_fsub
                0x10039914                __wrap___aeabi_fadd
                0x1003991e                __wrap___aeabi_fdiv
                0x1003994a                __wrap___aeabi_fmul
 .text.__wrap___aeabi_cfcmple
                0x1003995c       0x50 CMakeFiles/prj_dot.dir/C_/Users/ShinHongShik/Documents/Pico/pico-sdk/src/rp2_common/pico_float/float_aeabi.S.obj
                0x1003995c                __wrap___aeabi_cfrcmple
                0x10039968                __wrap___aeabi_cfcmple
                0x10039968                __wrap___aeabi_cfcmpeq
 .text.__wrap___aeabi_fcmplt
                0x100399ac        0xc CMakeFiles/prj_dot.dir/C_/Users/ShinHongShik/Documents/Pico/pico-sdk/src/rp2_common/pico_float/float_aeabi.S.obj
                0x100399ac                __wrap___aeabi_fcmplt
 .text.__wrap___aeabi_fcmple
                0x100399b8       0x10 CMakeFiles/prj_dot.dir/C_/Users/ShinHongShik/Documents/Pico/pico-sdk/src/rp2_common/pico_float/float_aeabi.S.obj
                0x100399b8                __wrap___aeabi_fcmple
 .text.__wrap___aeabi_fcmpgt
                0x100399c8        0xa CMakeFiles/prj_dot.dir/C_/Users/ShinHongShik/Documents/Pico/pico-sdk/src/rp2_common/pico_float/float_aeabi.S.obj
                0x100399c8                __wrap___aeabi_fcmpgt
 .text.__wrap___aeabi_ui2f
                0x100399d2        0xa CMakeFiles/prj_dot.dir/C_/Users/ShinHongShik/Documents/Pico/pico-sdk/src/rp2_common/pico_float/float_aeabi.S.obj
                0x100399d2                __wrap___aeabi_ui2f
 .text.__wrap___aeabi_i2f
                0x100399dc       0x44 CMakeFiles/prj_dot.dir/C_/Users/ShinHongShik/Documents/Pico/pico-sdk/src/rp2_common/pico_float/float_aeabi.S.obj
                0x100399dc                __wrap___aeabi_i2f
 .text.__wrap___aeabi_f2iz
                0x10039a20       0x4e CMakeFiles/prj_dot.dir/C_/Users/ShinHongShik/Documents/Pico/pico-sdk/src/rp2_common/pico_float/float_aeabi.S.obj
                0x10039a20                float2int_z
                0x10039a20                __wrap___aeabi_f2iz
 *fill*         0x10039a6e        0x2 
 .text.float2int
                0x10039a70       0x14 CMakeFiles/prj_dot.dir/C_/Users/ShinHongShik/Documents/Pico/pico-sdk/src/rp2_common/pico_float/float_aeabi.S.obj
                0x10039a70                float2int
 .text.__wrap___aeabi_f2uiz
                0x10039a84       0x10 CMakeFiles/prj_dot.dir/C_/Users/ShinHongShik/Documents/Pico/pico-sdk/src/rp2_common/pico_float/float_aeabi.S.obj
                0x10039a84                __wrap___aeabi_f2uiz
 .text.__wrap___aeabi_f2d
                0x10039a94       0x14 CMakeFiles/prj_dot.dir/C_/Users/ShinHongShik/Documents/Pico/pico-sdk/src/rp2_common/pico_float/float_aeabi.S.obj
                0x10039a94                __wrap___aeabi_f2d
 .text.__aeabi_float_init
                0x10039aa8       0xfc CMakeFiles/prj_dot.dir/C_/Users/ShinHongShik/Documents/Pico/pico-sdk/src/rp2_common/pico_float/float_init_rom.c.obj
                0x10039aa8                __aeabi_float_init
 .text.float_table_shim_on_use_helper
                0x10039ba4       0x34 CMakeFiles/prj_dot.dir/C_/Users/ShinHongShik/Documents/Pico/pico-sdk/src/rp2_common/pico_float/float_v1_rom_shim.S.obj
                0x10039ba4                float_table_shim_on_use_helper
 .text.float232_shims
                0x10039bd8       0x18 CMakeFiles/prj_dot.dir/C_/Users/ShinHongShik/Documents/Pico/pico-sdk/src/rp2_common/pico_float/float_v1_rom_shim.S.obj
                0x10039bd8                float2int_shim
                0x10039bda                float2fix_shim
 .text.float2double_shim
                0x10039bf0       0x30 CMakeFiles/prj_dot.dir/C_/Users/ShinHongShik/Documents/Pico/pico-sdk/src/rp2_common/pico_float/float_v1_rom_shim.S.obj
                0x10039bf0                float2double_shim
 .text.check_alloc
                0x10039c20       0x20 CMakeFiles/prj_dot.dir/C_/Users/ShinHongShik/Documents/Pico/pico-sdk/src/rp2_common/pico_malloc/pico_malloc.c.obj
 .text.__wrap_malloc
                0x10039c40       0x14 CMakeFiles/prj_dot.dir/C_/Users/ShinHongShik/Documents/Pico/pico-sdk/src/rp2_common/pico_malloc/pico_malloc.c.obj
                0x10039c40                __wrap_malloc
 .text          0x10039c54       0x10 CMakeFiles/prj_dot.dir/C_/Users/ShinHongShik/Documents/Pico/pico-sdk/src/rp2_common/pico_mem_ops/mem_ops_aeabi.S.obj
                0x10039c54                __aeabi_mem_init
 .text.memset   0x10039c64        0xc CMakeFiles/prj_dot.dir/C_/Users/ShinHongShik/Documents/Pico/pico-sdk/src/rp2_common/pico_mem_ops/mem_ops_aeabi.S.obj
                0x10039c64                __wrap_memset
 .text.memcpy   0x10039c70        0xc CMakeFiles/prj_dot.dir/C_/Users/ShinHongShik/Documents/Pico/pico-sdk/src/rp2_common/pico_mem_ops/mem_ops_aeabi.S.obj
                0x10039c70                __wrap_memcpy
                0x10039c70                __wrap___aeabi_memcpy
 .text.stdio_out_chars_no_crlf
                0x10039c7c        0xe CMakeFiles/prj_dot.dir/C_/Users/ShinHongShik/Documents/Pico/pico-sdk/src/rp2_common/pico_stdio/stdio.c.obj
 *fill*         0x10039c8a        0x2 
 .text.stdio_out_chars_crlf
                0x10039c8c       0x80 CMakeFiles/prj_dot.dir/C_/Users/ShinHongShik/Documents/Pico/pico-sdk/src/rp2_common/pico_stdio/stdio.c.obj
 .text.stdio_stack_buffer_flush
                0x10039d0c       0x44 CMakeFiles/prj_dot.dir/C_/Users/ShinHongShik/Documents/Pico/pico-sdk/src/rp2_common/pico_stdio/stdio.c.obj
 .text.stdio_buffered_printer
                0x10039d50       0x20 CMakeFiles/prj_dot.dir/C_/Users/ShinHongShik/Documents/Pico/pico-sdk/src/rp2_common/pico_stdio/stdio.c.obj
 .text.stdout_serialize_begin
                0x10039d70       0x30 CMakeFiles/prj_dot.dir/C_/Users/ShinHongShik/Documents/Pico/pico-sdk/src/rp2_common/pico_stdio/stdio.c.obj
                0x10039d70                stdout_serialize_begin
 .text.stdout_serialize_end
                0x10039da0       0x10 CMakeFiles/prj_dot.dir/C_/Users/ShinHongShik/Documents/Pico/pico-sdk/src/rp2_common/pico_stdio/stdio.c.obj
                0x10039da0                stdout_serialize_end
 .text.stdio_put_string
                0x10039db0       0x98 CMakeFiles/prj_dot.dir/C_/Users/ShinHongShik/Documents/Pico/pico-sdk/src/rp2_common/pico_stdio/stdio.c.obj
 .text.__wrap_putchar
                0x10039e48       0x1c CMakeFiles/prj_dot.dir/C_/Users/ShinHongShik/Documents/Pico/pico-sdk/src/rp2_common/pico_stdio/stdio.c.obj
                0x10039e48                __wrap_putchar
 .text.stdio_set_driver_enabled
                0x10039e64       0x2c CMakeFiles/prj_dot.dir/C_/Users/ShinHongShik/Documents/Pico/pico-sdk/src/rp2_common/pico_stdio/stdio.c.obj
                0x10039e64                stdio_set_driver_enabled
 .text.stdio_flush
                0x10039e90       0x20 CMakeFiles/prj_dot.dir/C_/Users/ShinHongShik/Documents/Pico/pico-sdk/src/rp2_common/pico_stdio/stdio.c.obj
                0x10039e90                stdio_flush
 .text.__wrap_puts
                0x10039eb0       0x1e CMakeFiles/prj_dot.dir/C_/Users/ShinHongShik/Documents/Pico/pico-sdk/src/rp2_common/pico_stdio/stdio.c.obj
                0x10039eb0                __wrap_puts
 *fill*         0x10039ece        0x2 
 .text.__wrap_vprintf
                0x10039ed0       0x44 CMakeFiles/prj_dot.dir/C_/Users/ShinHongShik/Documents/Pico/pico-sdk/src/rp2_common/pico_stdio/stdio.c.obj
                0x10039ed0                __wrap_vprintf
 .text.__wrap_printf
                0x10039f14       0x18 CMakeFiles/prj_dot.dir/C_/Users/ShinHongShik/Documents/Pico/pico-sdk/src/rp2_common/pico_stdio/stdio.c.obj
                0x10039f14                __wrap_printf
 .text.stdio_init_all
                0x10039f2c        0x8 CMakeFiles/prj_dot.dir/C_/Users/ShinHongShik/Documents/Pico/pico-sdk/src/rp2_common/pico_stdio/stdio.c.obj
                0x10039f2c                stdio_init_all
 .text.resetd_init
                0x10039f34        0x2 CMakeFiles/prj_dot.dir/C_/Users/ShinHongShik/Documents/Pico/pico-sdk/src/rp2_common/pico_stdio_usb/reset_interface.c.obj
 *fill*         0x10039f36        0x2 
 .text.resetd_reset
                0x10039f38        0xc CMakeFiles/prj_dot.dir/C_/Users/ShinHongShik/Documents/Pico/pico-sdk/src/rp2_common/pico_stdio_usb/reset_interface.c.obj
 .text.resetd_open
                0x10039f44       0x34 CMakeFiles/prj_dot.dir/C_/Users/ShinHongShik/Documents/Pico/pico-sdk/src/rp2_common/pico_stdio_usb/reset_interface.c.obj
 .text.resetd_xfer_cb
                0x10039f78        0x4 CMakeFiles/prj_dot.dir/C_/Users/ShinHongShik/Documents/Pico/pico-sdk/src/rp2_common/pico_stdio_usb/reset_interface.c.obj
 .text.reset_usb_boot
                0x10039f7c       0x18 CMakeFiles/prj_dot.dir/C_/Users/ShinHongShik/Documents/Pico/pico-sdk/src/rp2_common/pico_stdio_usb/reset_interface.c.obj
 .text.resetd_control_xfer_cb
                0x10039f94       0x5c CMakeFiles/prj_dot.dir/C_/Users/ShinHongShik/Documents/Pico/pico-sdk/src/rp2_common/pico_stdio_usb/reset_interface.c.obj
 .text.usbd_app_driver_get_cb
                0x10039ff0        0xc CMakeFiles/prj_dot.dir/C_/Users/ShinHongShik/Documents/Pico/pico-sdk/src/rp2_common/pico_stdio_usb/reset_interface.c.obj
                0x10039ff0                usbd_app_driver_get_cb
 .text.tud_cdc_line_coding_cb
                0x10039ffc       0x28 CMakeFiles/prj_dot.dir/C_/Users/ShinHongShik/Documents/Pico/pico-sdk/src/rp2_common/pico_stdio_usb/reset_interface.c.obj
                0x10039ffc                tud_cdc_line_coding_cb
 .text.stdio_usb_in_chars
                0x1003a024       0x70 CMakeFiles/prj_dot.dir/C_/Users/ShinHongShik/Documents/Pico/pico-sdk/src/rp2_common/pico_stdio_usb/stdio_usb.c.obj
                0x1003a024                stdio_usb_in_chars
 .text.low_priority_worker_irq
                0x1003a094       0x20 CMakeFiles/prj_dot.dir/C_/Users/ShinHongShik/Documents/Pico/pico-sdk/src/rp2_common/pico_stdio_usb/stdio_usb.c.obj
 .text.stdio_usb_out_chars
                0x1003a0b4       0xd4 CMakeFiles/prj_dot.dir/C_/Users/ShinHongShik/Documents/Pico/pico-sdk/src/rp2_common/pico_stdio_usb/stdio_usb.c.obj
 .text.update_us_since_boot
                0x1003a188       0x24 CMakeFiles/prj_dot.dir/C_/Users/ShinHongShik/Documents/Pico/pico-sdk/src/rp2_common/pico_stdio_usb/stdio_usb.c.obj
 .text.get_absolute_time
                0x1003a1ac       0x22 CMakeFiles/prj_dot.dir/C_/Users/ShinHongShik/Documents/Pico/pico-sdk/src/rp2_common/pico_stdio_usb/stdio_usb.c.obj
 .text.delayed_by_us
                0x1003a1ce       0x36 CMakeFiles/prj_dot.dir/C_/Users/ShinHongShik/Documents/Pico/pico-sdk/src/rp2_common/pico_stdio_usb/stdio_usb.c.obj
 .text.timer_task
                0x1003a204       0x40 CMakeFiles/prj_dot.dir/C_/Users/ShinHongShik/Documents/Pico/pico-sdk/src/rp2_common/pico_stdio_usb/stdio_usb.c.obj
 .text.usb_irq  0x1003a244       0x10 CMakeFiles/prj_dot.dir/C_/Users/ShinHongShik/Documents/Pico/pico-sdk/src/rp2_common/pico_stdio_usb/stdio_usb.c.obj
 .text.alarm_pool_add_alarm_in_us
                0x1003a254       0x3a CMakeFiles/prj_dot.dir/C_/Users/ShinHongShik/Documents/Pico/pico-sdk/src/rp2_common/pico_stdio_usb/stdio_usb.c.obj
 .text.add_alarm_in_us
                0x1003a28e       0x2e CMakeFiles/prj_dot.dir/C_/Users/ShinHongShik/Documents/Pico/pico-sdk/src/rp2_common/pico_stdio_usb/stdio_usb.c.obj
 .text.stdio_usb_init
                0x1003a2bc       0x98 CMakeFiles/prj_dot.dir/C_/Users/ShinHongShik/Documents/Pico/pico-sdk/src/rp2_common/pico_stdio_usb/stdio_usb.c.obj
                0x1003a2bc                stdio_usb_init
 .text.tud_descriptor_device_cb
                0x1003a354        0x8 CMakeFiles/prj_dot.dir/C_/Users/ShinHongShik/Documents/Pico/pico-sdk/src/rp2_common/pico_stdio_usb/stdio_usb_descriptors.c.obj
                0x1003a354                tud_descriptor_device_cb
 .text.tud_descriptor_configuration_cb
                0x1003a35c        0x8 CMakeFiles/prj_dot.dir/C_/Users/ShinHongShik/Documents/Pico/pico-sdk/src/rp2_common/pico_stdio_usb/stdio_usb_descriptors.c.obj
                0x1003a35c                tud_descriptor_configuration_cb
 .text.tud_descriptor_string_cb
                0x1003a364       0x6c CMakeFiles/prj_dot.dir/C_/Users/ShinHongShik/Documents/Pico/pico-sdk/src/rp2_common/pico_stdio_usb/stdio_usb_descriptors.c.obj
                0x1003a364                tud_descriptor_string_cb
 .text.hw_endpoint_get_by_addr
                0x1003a3d0       0x18 CMakeFiles/prj_dot.dir/C_/Users/ShinHongShik/Documents/Pico/pico-sdk/lib/tinyusb/src/portable/raspberrypi/rp2040/dcd_rp2040.c.obj
 .text.reset_ep0_pid
                0x1003a3e8       0x28 CMakeFiles/prj_dot.dir/C_/Users/ShinHongShik/Documents/Pico/pico-sdk/lib/tinyusb/src/portable/raspberrypi/rp2040/dcd_rp2040.c.obj
 .text._hw_endpoint_alloc
                0x1003a410       0x70 CMakeFiles/prj_dot.dir/C_/Users/ShinHongShik/Documents/Pico/pico-sdk/lib/tinyusb/src/portable/raspberrypi/rp2040/dcd_rp2040.c.obj
 .text.hw_endpoint_init
                0x1003a480       0x88 CMakeFiles/prj_dot.dir/C_/Users/ShinHongShik/Documents/Pico/pico-sdk/lib/tinyusb/src/portable/raspberrypi/rp2040/dcd_rp2040.c.obj
 .text.reset_non_control_endpoints
                0x1003a508       0x40 CMakeFiles/prj_dot.dir/C_/Users/ShinHongShik/Documents/Pico/pico-sdk/lib/tinyusb/src/portable/raspberrypi/rp2040/dcd_rp2040.c.obj
 .text.hw_handle_buff_status
                0x1003a548       0x8c CMakeFiles/prj_dot.dir/C_/Users/ShinHongShik/Documents/Pico/pico-sdk/lib/tinyusb/src/portable/raspberrypi/rp2040/dcd_rp2040.c.obj
 .text.dcd_rp2040_irq
                0x1003a5d4       0xc0 CMakeFiles/prj_dot.dir/C_/Users/ShinHongShik/Documents/Pico/pico-sdk/lib/tinyusb/src/portable/raspberrypi/rp2040/dcd_rp2040.c.obj
 .text.hw_endpoint_xfer
                0x1003a694       0x14 CMakeFiles/prj_dot.dir/C_/Users/ShinHongShik/Documents/Pico/pico-sdk/lib/tinyusb/src/portable/raspberrypi/rp2040/dcd_rp2040.c.obj
 .text.dcd_int_enable
                0x1003a6a8       0x2c CMakeFiles/prj_dot.dir/C_/Users/ShinHongShik/Documents/Pico/pico-sdk/lib/tinyusb/src/portable/raspberrypi/rp2040/dcd_rp2040.c.obj
                0x1003a6a8                dcd_int_enable
 .text.dcd_set_address
                0x1003a6d4       0x2c CMakeFiles/prj_dot.dir/C_/Users/ShinHongShik/Documents/Pico/pico-sdk/lib/tinyusb/src/portable/raspberrypi/rp2040/dcd_rp2040.c.obj
                0x1003a6d4                dcd_set_address
 .text.dcd_connect
                0x1003a700       0x10 CMakeFiles/prj_dot.dir/C_/Users/ShinHongShik/Documents/Pico/pico-sdk/lib/tinyusb/src/portable/raspberrypi/rp2040/dcd_rp2040.c.obj
                0x1003a700                dcd_connect
 .text.dcd_init
                0x1003a710       0x7c CMakeFiles/prj_dot.dir/C_/Users/ShinHongShik/Documents/Pico/pico-sdk/lib/tinyusb/src/portable/raspberrypi/rp2040/dcd_rp2040.c.obj
                0x1003a710                dcd_init
 .text.dcd_edpt0_status_complete
                0x1003a78c       0x1c CMakeFiles/prj_dot.dir/C_/Users/ShinHongShik/Documents/Pico/pico-sdk/lib/tinyusb/src/portable/raspberrypi/rp2040/dcd_rp2040.c.obj
                0x1003a78c                dcd_edpt0_status_complete
 .text.dcd_edpt_open
                0x1003a7a8       0x40 CMakeFiles/prj_dot.dir/C_/Users/ShinHongShik/Documents/Pico/pico-sdk/lib/tinyusb/src/portable/raspberrypi/rp2040/dcd_rp2040.c.obj
                0x1003a7a8                dcd_edpt_open
 .text.dcd_edpt_close_all
                0x1003a7e8        0x8 CMakeFiles/prj_dot.dir/C_/Users/ShinHongShik/Documents/Pico/pico-sdk/lib/tinyusb/src/portable/raspberrypi/rp2040/dcd_rp2040.c.obj
                0x1003a7e8                dcd_edpt_close_all
 .text.dcd_edpt_xfer
                0x1003a7f0       0x30 CMakeFiles/prj_dot.dir/C_/Users/ShinHongShik/Documents/Pico/pico-sdk/lib/tinyusb/src/portable/raspberrypi/rp2040/dcd_rp2040.c.obj
                0x1003a7f0                dcd_edpt_xfer
 .text.dcd_edpt_stall
                0x1003a820       0x2c CMakeFiles/prj_dot.dir/C_/Users/ShinHongShik/Documents/Pico/pico-sdk/lib/tinyusb/src/portable/raspberrypi/rp2040/dcd_rp2040.c.obj
                0x1003a820                dcd_edpt_stall
 .text.dcd_edpt_clear_stall
                0x1003a84c       0x20 CMakeFiles/prj_dot.dir/C_/Users/ShinHongShik/Documents/Pico/pico-sdk/lib/tinyusb/src/portable/raspberrypi/rp2040/dcd_rp2040.c.obj
                0x1003a84c                dcd_edpt_clear_stall
 .text.prepare_ep_buffer
                0x1003a86c       0x6c CMakeFiles/prj_dot.dir/C_/Users/ShinHongShik/Documents/Pico/pico-sdk/lib/tinyusb/src/portable/raspberrypi/rp2040/rp2040_usb.c.obj
 .text.sync_ep_buffer
                0x1003a8d8       0x78 CMakeFiles/prj_dot.dir/C_/Users/ShinHongShik/Documents/Pico/pico-sdk/lib/tinyusb/src/portable/raspberrypi/rp2040/rp2040_usb.c.obj
 .text._hw_endpoint_xfer_sync
                0x1003a950       0x28 CMakeFiles/prj_dot.dir/C_/Users/ShinHongShik/Documents/Pico/pico-sdk/lib/tinyusb/src/portable/raspberrypi/rp2040/rp2040_usb.c.obj
 .text.rp2040_usb_init
                0x1003a978       0x4c CMakeFiles/prj_dot.dir/C_/Users/ShinHongShik/Documents/Pico/pico-sdk/lib/tinyusb/src/portable/raspberrypi/rp2040/rp2040_usb.c.obj
                0x1003a978                rp2040_usb_init
 .text.hw_endpoint_reset_transfer
                0x1003a9c4        0xc CMakeFiles/prj_dot.dir/C_/Users/ShinHongShik/Documents/Pico/pico-sdk/lib/tinyusb/src/portable/raspberrypi/rp2040/rp2040_usb.c.obj
                0x1003a9c4                hw_endpoint_reset_transfer
 .text._hw_endpoint_buffer_control_update32
                0x1003a9d0       0x58 CMakeFiles/prj_dot.dir/C_/Users/ShinHongShik/Documents/Pico/pico-sdk/lib/tinyusb/src/portable/raspberrypi/rp2040/rp2040_usb.c.obj
                0x1003a9d0                _hw_endpoint_buffer_control_update32
 .text._hw_endpoint_start_next_buffer
                0x1003aa28       0x74 CMakeFiles/prj_dot.dir/C_/Users/ShinHongShik/Documents/Pico/pico-sdk/lib/tinyusb/src/portable/raspberrypi/rp2040/rp2040_usb.c.obj
 .text.hw_endpoint_xfer_start
                0x1003aa9c       0x48 CMakeFiles/prj_dot.dir/C_/Users/ShinHongShik/Documents/Pico/pico-sdk/lib/tinyusb/src/portable/raspberrypi/rp2040/rp2040_usb.c.obj
                0x1003aa9c                hw_endpoint_xfer_start
 .text.hw_endpoint_xfer_continue
                0x1003aae4       0x38 CMakeFiles/prj_dot.dir/C_/Users/ShinHongShik/Documents/Pico/pico-sdk/lib/tinyusb/src/portable/raspberrypi/rp2040/rp2040_usb.c.obj
                0x1003aae4                hw_endpoint_xfer_continue
 .text.configuration_reset
                0x1003ab1c       0x84 CMakeFiles/prj_dot.dir/C_/Users/ShinHongShik/Documents/Pico/pico-sdk/lib/tinyusb/src/device/usbd.c.obj
 .text.osal_queue_receive
                0x1003aba0       0x30 CMakeFiles/prj_dot.dir/C_/Users/ShinHongShik/Documents/Pico/pico-sdk/lib/tinyusb/src/device/usbd.c.obj
 .text.usbd_reset
                0x1003abd0        0xc CMakeFiles/prj_dot.dir/C_/Users/ShinHongShik/Documents/Pico/pico-sdk/lib/tinyusb/src/device/usbd.c.obj
 .text.invoke_class_control
                0x1003abdc       0x1a CMakeFiles/prj_dot.dir/C_/Users/ShinHongShik/Documents/Pico/pico-sdk/lib/tinyusb/src/device/usbd.c.obj
 *fill*         0x1003abf6        0x2 
 .text.process_set_config
                0x1003abf8      0x1b0 CMakeFiles/prj_dot.dir/C_/Users/ShinHongShik/Documents/Pico/pico-sdk/lib/tinyusb/src/device/usbd.c.obj
 .text.process_get_descriptor
                0x1003ada8       0xec CMakeFiles/prj_dot.dir/C_/Users/ShinHongShik/Documents/Pico/pico-sdk/lib/tinyusb/src/device/usbd.c.obj
 .text.osal_queue_send
                0x1003ae94       0x4c CMakeFiles/prj_dot.dir/C_/Users/ShinHongShik/Documents/Pico/pico-sdk/lib/tinyusb/src/device/usbd.c.obj
 .text.tud_mounted
                0x1003aee0       0x10 CMakeFiles/prj_dot.dir/C_/Users/ShinHongShik/Documents/Pico/pico-sdk/lib/tinyusb/src/device/usbd.c.obj
                0x1003aee0                tud_mounted
 .text.tud_suspended
                0x1003aef0       0x10 CMakeFiles/prj_dot.dir/C_/Users/ShinHongShik/Documents/Pico/pico-sdk/lib/tinyusb/src/device/usbd.c.obj
                0x1003aef0                tud_suspended
 .text.tud_inited
                0x1003af00        0xc CMakeFiles/prj_dot.dir/C_/Users/ShinHongShik/Documents/Pico/pico-sdk/lib/tinyusb/src/device/usbd.c.obj
                0x1003af00                tud_inited
 .text.tud_init
                0x1003af0c       0xcc CMakeFiles/prj_dot.dir/C_/Users/ShinHongShik/Documents/Pico/pico-sdk/lib/tinyusb/src/device/usbd.c.obj
                0x1003af0c                tud_init
 .text.dcd_event_handler
                0x1003afd8       0xd4 CMakeFiles/prj_dot.dir/C_/Users/ShinHongShik/Documents/Pico/pico-sdk/lib/tinyusb/src/device/usbd.c.obj
                0x1003afd8                dcd_event_handler
 .text.dcd_event_bus_signal
                0x1003b0ac       0x26 CMakeFiles/prj_dot.dir/C_/Users/ShinHongShik/Documents/Pico/pico-sdk/lib/tinyusb/src/device/usbd.c.obj
                0x1003b0ac                dcd_event_bus_signal
 .text.dcd_event_bus_reset
                0x1003b0d2       0x2a CMakeFiles/prj_dot.dir/C_/Users/ShinHongShik/Documents/Pico/pico-sdk/lib/tinyusb/src/device/usbd.c.obj
                0x1003b0d2                dcd_event_bus_reset
 .text.dcd_event_setup_received
                0x1003b0fc       0x34 CMakeFiles/prj_dot.dir/C_/Users/ShinHongShik/Documents/Pico/pico-sdk/lib/tinyusb/src/device/usbd.c.obj
                0x1003b0fc                dcd_event_setup_received
 .text.dcd_event_xfer_complete
                0x1003b130       0x44 CMakeFiles/prj_dot.dir/C_/Users/ShinHongShik/Documents/Pico/pico-sdk/lib/tinyusb/src/device/usbd.c.obj
                0x1003b130                dcd_event_xfer_complete
 .text.usbd_edpt_open
                0x1003b174       0x58 CMakeFiles/prj_dot.dir/C_/Users/ShinHongShik/Documents/Pico/pico-sdk/lib/tinyusb/src/device/usbd.c.obj
                0x1003b174                usbd_edpt_open
 .text.usbd_open_edpt_pair
                0x1003b1cc       0x8c CMakeFiles/prj_dot.dir/C_/Users/ShinHongShik/Documents/Pico/pico-sdk/lib/tinyusb/src/device/usbd.c.obj
                0x1003b1cc                usbd_open_edpt_pair
 .text.usbd_edpt_claim
                0x1003b258       0x8c CMakeFiles/prj_dot.dir/C_/Users/ShinHongShik/Documents/Pico/pico-sdk/lib/tinyusb/src/device/usbd.c.obj
                0x1003b258                usbd_edpt_claim
 .text.usbd_edpt_release
                0x1003b2e4       0x60 CMakeFiles/prj_dot.dir/C_/Users/ShinHongShik/Documents/Pico/pico-sdk/lib/tinyusb/src/device/usbd.c.obj
                0x1003b2e4                usbd_edpt_release
 .text.usbd_edpt_xfer
                0x1003b344       0x80 CMakeFiles/prj_dot.dir/C_/Users/ShinHongShik/Documents/Pico/pico-sdk/lib/tinyusb/src/device/usbd.c.obj
                0x1003b344                usbd_edpt_xfer
 .text.usbd_edpt_stall
                0x1003b3c4       0x40 CMakeFiles/prj_dot.dir/C_/Users/ShinHongShik/Documents/Pico/pico-sdk/lib/tinyusb/src/device/usbd.c.obj
                0x1003b3c4                usbd_edpt_stall
 .text.usbd_edpt_clear_stall
                0x1003b404       0x40 CMakeFiles/prj_dot.dir/C_/Users/ShinHongShik/Documents/Pico/pico-sdk/lib/tinyusb/src/device/usbd.c.obj
                0x1003b404                usbd_edpt_clear_stall
 .text.usbd_edpt_stalled
                0x1003b444       0x1c CMakeFiles/prj_dot.dir/C_/Users/ShinHongShik/Documents/Pico/pico-sdk/lib/tinyusb/src/device/usbd.c.obj
                0x1003b444                usbd_edpt_stalled
 .text.process_control_request