Archive member included to satisfy reference by file (symbol)

c:/progra~2/gnuarm~1/102021~1.10/bin/../lib/gcc/arm-none-eabi/10.3.1/thumb/v6-m/nofp\libgcc.a(_dvmd_tls.o)
                              CMakeFiles/prj_dot.dir/D_/pico/pico-sdk/src/rp2_common/pico_divider/divider.S.obj (__aeabi_idiv0)
c:/progra~2/gnuarm~1/102021~1.10/bin/../lib/gcc/arm-none-eabi/10.3.1/../../../../arm-none-eabi/lib/thumb/v6-m/nofp\libg.a(lib_a-atoi.o)
                              CMakeFiles/prj_dot.dir/src/main.c.obj (atoi)
c:/progra~2/gnuarm~1/102021~1.10/bin/../lib/gcc/arm-none-eabi/10.3.1/../../../../arm-none-eabi/lib/thumb/v6-m/nofp\libg.a(lib_a-atol.o)
                              CMakeFiles/prj_dot.dir/src/SRTU_V7.c.obj (atol)
c:/progra~2/gnuarm~1/102021~1.10/bin/../lib/gcc/arm-none-eabi/10.3.1/../../../../arm-none-eabi/lib/thumb/v6-m/nofp\libg.a(lib_a-calloc.o)
                              CMakeFiles/prj_dot.dir/D_/pico/pico-sdk/src/rp2_common/pico_malloc/pico_malloc.c.obj (calloc)
c:/progra~2/gnuarm~1/102021~1.10/bin/../lib/gcc/arm-none-eabi/10.3.1/../../../../arm-none-eabi/lib/thumb/v6-m/nofp\libg.a(lib_a-callocr.o)
                              c:/progra~2/gnuarm~1/102021~1.10/bin/../lib/gcc/arm-none-eabi/10.3.1/../../../../arm-none-eabi/lib/thumb/v6-m/nofp\libg.a(lib_a-calloc.o) (_calloc_r)
c:/progra~2/gnuarm~1/102021~1.10/bin/../lib/gcc/arm-none-eabi/10.3.1/../../../../arm-none-eabi/lib/thumb/v6-m/nofp\libg.a(lib_a-errno.o)
                              c:/progra~2/gnuarm~1/102021~1.10/bin/../lib/gcc/arm-none-eabi/10.3.1/../../../../arm-none-eabi/lib/thumb/v6-m/nofp\libg.a(lib_a-callocr.o) (__errno)
c:/progra~2/gnuarm~1/102021~1.10/bin/../lib/gcc/arm-none-eabi/10.3.1/../../../../arm-none-eabi/lib/thumb/v6-m/nofp\libg.a(lib_a-impure.o)
                              c:/progra~2/gnuarm~1/102021~1.10/bin/../lib/gcc/arm-none-eabi/10.3.1/../../../../arm-none-eabi/lib/thumb/v6-m/nofp\libg.a(lib_a-calloc.o) (_impure_ptr)
c:/progra~2/gnuarm~1/102021~1.10/bin/../lib/gcc/arm-none-eabi/10.3.1/../../../../arm-none-eabi/lib/thumb/v6-m/nofp\libg.a(lib_a-init.o)
                              c:/progra~2/gnuarm~1/102021~1.10/bin/../lib/gcc/arm-none-eabi/10.3.1/../../../../arm-none-eabi/lib/thumb/v6-m/nofp/crt0.o (__libc_init_array)
c:/progra~2/gnuarm~1/102021~1.10/bin/../lib/gcc/arm-none-eabi/10.3.1/../../../../arm-none-eabi/lib/thumb/v6-m/nofp\libg.a(lib_a-malloc.o)
                              CMakeFiles/prj_dot.dir/D_/pico/pico-sdk/src/rp2_common/pico_malloc/pico_malloc.c.obj (malloc)
c:/progra~2/gnuarm~1/102021~1.10/bin/../lib/gcc/arm-none-eabi/10.3.1/../../../../arm-none-eabi/lib/thumb/v6-m/nofp\libg.a(lib_a-mallocr.o)
                              c:/progra~2/gnuarm~1/102021~1.10/bin/../lib/gcc/arm-none-eabi/10.3.1/../../../../arm-none-eabi/lib/thumb/v6-m/nofp\libg.a(lib_a-callocr.o) (_malloc_r)
c:/progra~2/gnuarm~1/102021~1.10/bin/../lib/gcc/arm-none-eabi/10.3.1/../../../../arm-none-eabi/lib/thumb/v6-m/nofp\libg.a(lib_a-mlock.o)
                              c:/progra~2/gnuarm~1/102021~1.10/bin/../lib/gcc/arm-none-eabi/10.3.1/../../../../arm-none-eabi/lib/thumb/v6-m/nofp\libg.a(lib_a-mallocr.o) (__malloc_lock)
c:/progra~2/gnuarm~1/102021~1.10/bin/../lib/gcc/arm-none-eabi/10.3.1/../../../../arm-none-eabi/lib/thumb/v6-m/nofp\libg.a(lib_a-realloc.o)
                              CMakeFiles/prj_dot.dir/D_/pico/pico-sdk/src/rp2_common/pico_malloc/pico_malloc.c.obj (realloc)
c:/progra~2/gnuarm~1/102021~1.10/bin/../lib/gcc/arm-none-eabi/10.3.1/../../../../arm-none-eabi/lib/thumb/v6-m/nofp\libg.a(lib_a-reallocr.o)
                              c:/progra~2/gnuarm~1/102021~1.10/bin/../lib/gcc/arm-none-eabi/10.3.1/../../../../arm-none-eabi/lib/thumb/v6-m/nofp\libg.a(lib_a-realloc.o) (_realloc_r)
c:/progra~2/gnuarm~1/102021~1.10/bin/../lib/gcc/arm-none-eabi/10.3.1/../../../../arm-none-eabi/lib/thumb/v6-m/nofp\libg.a(lib_a-sbrkr.o)
                              c:/progra~2/gnuarm~1/102021~1.10/bin/../lib/gcc/arm-none-eabi/10.3.1/../../../../arm-none-eabi/lib/thumb/v6-m/nofp\libg.a(lib_a-mallocr.o) (_sbrk_r)
c:/progra~2/gnuarm~1/102021~1.10/bin/../lib/gcc/arm-none-eabi/10.3.1/../../../../arm-none-eabi/lib/thumb/v6-m/nofp\libg.a(lib_a-strcat.o)
                              CMakeFiles/prj_dot.dir/src/dot_iot.c.obj (strcat)
c:/progra~2/gnuarm~1/102021~1.10/bin/../lib/gcc/arm-none-eabi/10.3.1/../../../../arm-none-eabi/lib/thumb/v6-m/nofp\libg.a(lib_a-strcpy.o)
                              CMakeFiles/prj_dot.dir/src/main.c.obj (strcpy)
c:/progra~2/gnuarm~1/102021~1.10/bin/../lib/gcc/arm-none-eabi/10.3.1/../../../../arm-none-eabi/lib/thumb/v6-m/nofp\libg.a(lib_a-strlen-stub.o)
                              CMakeFiles/prj_dot.dir/src/main.c.obj (strlen)
c:/progra~2/gnuarm~1/102021~1.10/bin/../lib/gcc/arm-none-eabi/10.3.1/../../../../arm-none-eabi/lib/thumb/v6-m/nofp\libg.a(lib_a-strncat.o)
                              CMakeFiles/prj_dot.dir/src/main.c.obj (strncat)
[...]
Memory Configuration

Name             Origin             Length             Attributes
FLASH            0x10000000         0x00200000         xr
RAM              0x20000000         0x00040000         xrw
SCRATCH_X        0x20040000         0x00001000         xrw
SCRATCH_Y        0x20041000         0x00001000         xrw
*default*        0x00000000         0xffffffff

Linker script and memory map

LOAD c:/progra~2/gnuarm~1/102021~1.10/bin/../lib/gcc/arm-none-eabi/10.3.1/thumb/v6-m/nofp/crti.o
LOAD c:/progra~2/gnuarm~1/102021~1.10/bin/../lib/gcc/arm-none-eabi/10.3.1/thumb/v6-m/nofp/crtbegin.o
LOAD c:/progra~2/gnuarm~1/102021~1.10/bin/../lib/gcc/arm-none-eabi/10.3.1/../../../../arm-none-eabi/lib/thumb/v6-m/nofp/crt0.o

.flash_begin    0x10000000        0x0
                0x10000000                __flash_binary_start = .

.boot2          0x10000000      0x100
                0x10000000                __boot2_start__ = .
 *(.boot2)
 .boot2         0x10000000      0x100 C:\Users\hong\AppData\Local\Temp\cc4wiiw5.o
                0x10000100                __boot2_end__ = .
                0x00000001                ASSERT (((__boot2_end__ - __boot2_start__) == 0x100), ERROR: Pico second stage bootloader must be 256 bytes in size)

.text           0x10000100    0x3dc80
                0x10000100                __logical_binary_start = .
 *(.vectors)
 .vectors       0x10000100       0xd4 CMakeFiles/prj_dot.dir/D_/pico/pico-sdk/src/rp2_common/pico_standard_link/crt0.S.obj
                0x10000100                __VECTOR_TABLE
                0x10000100                __vectors
                0x100001c0                isr_invalid
                0x100001c0                __default_isrs_start
                0x100001c2                isr_nmi
                0x100001c4                isr_hardfault
                0x100001c6                isr_svcall
                0x100001c8                isr_pendsv
                0x100001ca                isr_systick
                0x100001cc                isr_irq23
                0x100001cc                isr_irq18
                0x100001cc                isr_irq11
                0x100001cc                isr_irq28
                0x100001cc                isr_irq19
                0x100001cc                isr_irq0
                0x100001cc                isr_irq6
                0x100001cc                isr_irq5
                0x100001cc                isr_irq12
                0x100001cc                isr_irq22
                0x100001cc                isr_irq31
                0x100001cc                isr_irq17
                0x100001cc                isr_irq27
                0x100001cc                isr_irq30
                0x100001cc                isr_irq2
                0x100001cc                isr_irq10
                0x100001cc                isr_irq8
                0x100001cc                isr_irq24
                0x100001cc                isr_irq1
                0x100001cc                isr_irq7
                0x100001cc                isr_irq21
                0x100001cc                isr_irq20
                0x100001cc                isr_irq15
                0x100001cc                isr_irq25
                0x100001cc                isr_irq13
                0x100001cc                __unhandled_user_irq
                0x100001cc                isr_irq4
                0x100001cc                isr_irq16
                0x100001cc                isr_irq29
                0x100001cc                isr_irq26
                0x100001cc                __default_isrs_end
                0x100001cc                isr_irq3
                0x100001cc                isr_irq14
                0x100001cc                isr_irq9
                0x100001d2                unhandled_user_irq_num_in_r0
 *(.binary_info_header)
 .binary_info_header
                0x100001d4       0x14 CMakeFiles/prj_dot.dir/D_/pico/pico-sdk/src/rp2_common/pico_standard_link/crt0.S.obj
                0x100001e8                __binary_info_header_end = .
 *(.reset)
 .reset         0x100001e8       0xa0 CMakeFiles/prj_dot.dir/D_/pico/pico-sdk/src/rp2_common/pico_standard_link/crt0.S.obj
                0x100001e8                _entry_point
 .reset         0x10000288       0x30 CMakeFiles/prj_dot.dir/D_/pico/pico-sdk/src/rp2_common/pico_standard_link/binary_info.c.obj
 *(.init)
 .init          0x100002b8        0x4 c:/progra~2/gnuarm~1/102021~1.10/bin/../lib/gcc/arm-none-eabi/10.3.1/thumb/v6-m/nofp/crti.o
                0x100002b8                _init
 *(EXCLUDE_FILE(*libm.a: *libc.a:*lib_a-mem*.o *libgcc.a:) .text*)
 .text          0x100002bc       0x48 c:/progra~2/gnuarm~1/102021~1.10/bin/../lib/gcc/arm-none-eabi/10.3.1/thumb/v6-m/nofp/crtbegin.o
 .text.gpio_callback
                0x10000304       0x10 CMakeFiles/prj_dot.dir/src/main.c.obj
                0x10000304                gpio_callback
 .text.alarm_irq
                0x10000314       0x14 CMakeFiles/prj_dot.dir/src/main.c.obj
 .text.alarm_in_us
                0x10000328       0x30 CMakeFiles/prj_dot.dir/src/main.c.obj
 .text.pwrsw_check
                0x10000358       0xa0 CMakeFiles/prj_dot.dir/src/main.c.obj
                0x10000358                pwrsw_check
 .text.vib_check
                0x100003f8      0x110 CMakeFiles/prj_dot.dir/src/main.c.obj
                0x100003f8                vib_check
 .text.black_out_check
                0x10000508       0x78 CMakeFiles/prj_dot.dir/src/main.c.obj
                0x10000508                black_out_check
 .text.adc_ini_crtu
                0x10000580        0x8 CMakeFiles/prj_dot.dir/src/main.c.obj
                0x10000580                adc_ini_crtu
 .text.spi_ini_dot
                0x10000588       0x40 CMakeFiles/prj_dot.dir/src/main.c.obj
                0x10000588                spi_ini_dot
 .text.cal_temp
                0x100005c8       0x64 CMakeFiles/prj_dot.dir/src/main.c.obj
                0x100005c8                cal_temp
 .text.cal_btl  0x1000062c       0x10 CMakeFiles/prj_dot.dir/src/main.c.obj
                0x1000062c                cal_btl
 .text.sort_val
                0x1000063c       0x6e CMakeFiles/prj_dot.dir/src/main.c.obj
                0x1000063c                sort_val
 *fill*         0x100006aa        0x2 
 .text.drv_adc_internal
                0x100006ac      0x2a4 CMakeFiles/prj_dot.dir/src/main.c.obj
                0x100006ac                drv_adc_internal
 .text.getchar0_h
                0x10000950       0x54 CMakeFiles/prj_dot.dir/src/main.c.obj
                0x10000950                getchar0_h
 .text.getchar1_h
                0x100009a4       0x5c CMakeFiles/prj_dot.dir/src/main.c.obj
                0x100009a4                getchar1_h
 .text.getchar_usb_h
                0x10000a00       0x38 CMakeFiles/prj_dot.dir/src/main.c.obj
                0x10000a00                getchar_usb_h
 .text.on_uart_rx_0
                0x10000a38       0x98 CMakeFiles/prj_dot.dir/src/main.c.obj
                0x10000a38                on_uart_rx_0
 .text.on_uart_rx_1
                0x10000ad0       0x98 CMakeFiles/prj_dot.dir/src/main.c.obj
                0x10000ad0                on_uart_rx_1
 .text.on_stdio_usb_rx
                0x10000b68       0x90 CMakeFiles/prj_dot.dir/src/main.c.obj
                0x10000b68                on_stdio_usb_rx
 .text.my_puts_string
                0x10000bf8      0x188 CMakeFiles/prj_dot.dir/src/main.c.obj
                0x10000bf8                my_puts_string
 .text.my_nputs_string
                0x10000d80      0x11c CMakeFiles/prj_dot.dir/src/main.c.obj
                0x10000d80                my_nputs_string
 .text.tx_onoff485
                0x10000e9c       0x2e CMakeFiles/prj_dot.dir/src/main.c.obj
                0x10000e9c                tx_onoff485
 *fill*         0x10000eca        0x2 
 .text.opr_send485tx
                0x10000ecc       0xe4 CMakeFiles/prj_dot.dir/src/main.c.obj
                0x10000ecc                opr_send485tx
 .text.proc_1ms_tic
                0x10000fb0      0x160 CMakeFiles/prj_dot.dir/src/main.c.obj
                0x10000fb0                proc_1ms_tic
 .text.showHL   0x10001110      0x278 CMakeFiles/prj_dot.dir/src/main.c.obj
                0x10001110                showHL
 .text.uart_ini_rx_int
                0x10001388       0x40 CMakeFiles/prj_dot.dir/src/main.c.obj
                0x10001388                uart_ini_rx_int
 .text.rs_rece_uart1_inv
                0x100013c8      0x2fc CMakeFiles/prj_dot.dir/src/main.c.obj
                0x100013c8                rs_rece_uart1_inv
 .text.rs_rece_uart0_iot
                0x100016c4      0x174 CMakeFiles/prj_dot.dir/src/main.c.obj
                0x100016c4                rs_rece_uart0_iot
 .text.rs_rece_usb_0
                0x10001838      0x180 CMakeFiles/prj_dot.dir/src/main.c.obj
                0x10001838                rs_rece_usb_0
 .text.main     0x100019b8      0x140 CMakeFiles/prj_dot.dir/src/main.c.obj
                0x100019b8                main
 .text.gpio_hs  0x10001af8       0x1c CMakeFiles/prj_dot.dir/src/dot_iot.c.obj
                0x10001af8                gpio_hs
 .text.gp_ini_h
                0x10001b14       0x22 CMakeFiles/prj_dot.dir/src/dot_iot.c.obj
                0x10001b14                gp_ini_h
 *fill*         0x10001b36        0x2 
 .text.Cmd_judge_usb
                0x10001b38      0x2ec CMakeFiles/prj_dot.dir/src/dot_iot.c.obj
                0x10001b38                Cmd_judge_usb
 .text.test_mk_ccs
                0x10001e24      0x1b4 CMakeFiles/prj_dot.dir/src/dot_iot.c.obj
                0x10001e24                test_mk_ccs
 .text.ui_2_uc  0x10001fd8        0xc CMakeFiles/prj_dot.dir/src/dot_iot.c.obj
                0x10001fd8                ui_2_uc
 .text.ul_2_uc  0x10001fe4        0xc CMakeFiles/prj_dot.dir/src/dot_iot.c.obj
                0x10001fe4                ul_2_uc
 .text.make_iot_paket_4_iot
                0x10001ff0      0x44c CMakeFiles/prj_dot.dir/src/dot_iot.c.obj
                0x10001ff0                make_iot_paket_4_iot
 .text.make_iot_paket_4_iot_mdm
                0x1000243c       0x38 CMakeFiles/prj_dot.dir/src/dot_iot.c.obj
                0x1000243c                make_iot_paket_4_iot_mdm
 .text.putchar_test
                0x10002474       0x4c CMakeFiles/prj_dot.dir/src/dot_iot.c.obj
                0x10002474                putchar_test
 .text.sendWSOWR_T
                0x100024c0      0x550 CMakeFiles/prj_dot.dir/src/dot_iot.c.obj
                0x100024c0                sendWSOWR_T
 .text.msg_send_2_iot_M2M
                0x10002a10      0x1f8 CMakeFiles/prj_dot.dir/src/dot_iot.c.obj
                0x10002a10                msg_send_2_iot_M2M
 .text.drv_sendTcpControlM2M
                0x10002c08      0x224 CMakeFiles/prj_dot.dir/src/dot_iot.c.obj
                0x10002c08                drv_sendTcpControlM2M
 .text.msg_send_2_iot_LTE
                0x10002e2c      0x1f8 CMakeFiles/prj_dot.dir/src/dot_iot.c.obj
                0x10002e2c                msg_send_2_iot_LTE
 .text.print_DBG_HS
                0x10003024       0x18 CMakeFiles/prj_dot.dir/src/dot_iot.c.obj
                0x10003024                print_DBG_HS
 .text.drv_sendTcpControlLTE
                0x1000303c      0x200 CMakeFiles/prj_dot.dir/src/dot_iot.c.obj
                0x1000303c                drv_sendTcpControlLTE
 .text.show_eeval
                0x1000323c       0x6c CMakeFiles/prj_dot.dir/src/dot_iot.c.obj
                0x1000323c                show_eeval
 .text.drv_eep_at24c128
                0x100032a8      0x188 CMakeFiles/prj_dot.dir/src/dot_iot.c.obj
                0x100032a8                drv_eep_at24c128
 .text.drv_key_check
                0x10003430       0xc8 CMakeFiles/prj_dot.dir/src/dot_iot.c.obj
                0x10003430                drv_key_check
 .text.i2c_ini_dot
                0x100034f8       0x38 CMakeFiles/prj_dot.dir/src/eep_at24c128.c.obj
                0x100034f8                i2c_ini_dot
 .text.at24_write_word
                0x10003530       0x34 CMakeFiles/prj_dot.dir/src/eep_at24c128.c.obj
                0x10003530                at24_write_word
 .text.eep_addr
                0x10003564        0xc CMakeFiles/prj_dot.dir/src/eep_at24c128.c.obj
                0x10003564                eep_addr
 .text.save_eep
                0x10003570       0x10 CMakeFiles/prj_dot.dir/src/eep_at24c128.c.obj
                0x10003570                save_eep
 .text.save_eep_page
                0x10003580       0x98 CMakeFiles/prj_dot.dir/src/eep_at24c128.c.obj
                0x10003580                save_eep_page
 .text.load_eep_page
                0x10003618       0xac CMakeFiles/prj_dot.dir/src/eep_at24c128.c.obj
                0x10003618                load_eep_page
 .text.OLED_Reset
                0x100036c4       0x32 CMakeFiles/prj_dot.dir/src/OLED_1in5_test.c.obj
 .text.DEV_GPIO_Init_h
                0x100036f6       0x20 CMakeFiles/prj_dot.dir/src/OLED_1in5_test.c.obj
 *fill*         0x10003716        0x2 
 .text.DEV_SPI_WriteByte
                0x10003718       0x3c CMakeFiles/prj_dot.dir/src/OLED_1in5_test.c.obj
                0x10003718                DEV_SPI_WriteByte
 .text.OLED_WriteReg
                0x10003754       0x12 CMakeFiles/prj_dot.dir/src/OLED_1in5_test.c.obj
 .text.OLED_SetWindow
                0x10003766       0x48 CMakeFiles/prj_dot.dir/src/OLED_1in5_test.c.obj
 .text.OLED_WriteData
                0x100037ae       0x12 CMakeFiles/prj_dot.dir/src/OLED_1in5_test.c.obj
 .text.OLED_InitReg
                0x100037c0       0x4c CMakeFiles/prj_dot.dir/src/OLED_1in5_test.c.obj
                0x100037c0                OLED_InitReg
 .text.OLED_1in5_Display_test
                0x1000380c       0x34 CMakeFiles/prj_dot.dir/src/OLED_1in5_test.c.obj
                0x1000380c                OLED_1in5_Display_test
 .text.Paint_plug_l
                0x10003840      0x144 CMakeFiles/prj_dot.dir/src/OLED_1in5_test.c.obj
                0x10003840                Paint_plug_l
 .text.flcd_refrash
                0x10003984       0xb8 CMakeFiles/prj_dot.dir/src/OLED_1in5_test.c.obj
                0x10003984                flcd_refrash
 .text.drv_lcd_1in5_oled
                0x10003a3c      0x460 CMakeFiles/prj_dot.dir/src/OLED_1in5_test.c.obj
                0x10003a3c                drv_lcd_1in5_oled
 .text.getchar0
                0x10003e9c        0xc CMakeFiles/prj_dot.dir/src/SRTU_V7.c.obj
                0x10003e9c                getchar0
 .text.putchar0
                0x10003ea8       0x24 CMakeFiles/prj_dot.dir/src/SRTU_V7.c.obj
                0x10003ea8                putchar0
 .text.putchar3
                0x10003ecc       0x24 CMakeFiles/prj_dot.dir/src/SRTU_V7.c.obj
                0x10003ecc                putchar3
 .text.Bytes_to_Uint
                0x10003ef0        0x6 CMakeFiles/prj_dot.dir/src/SRTU_V7.c.obj
                0x10003ef0                Bytes_to_Uint
 *fill*         0x10003ef6        0x2 
 .text.put_str  0x10003ef8       0x14 CMakeFiles/prj_dot.dir/src/SRTU_V7.c.obj
                0x10003ef8                put_str
 .text.calcCRC  0x10003f0c       0x30 CMakeFiles/prj_dot.dir/src/SRTU_V7.c.obj
                0x10003f0c                calcCRC
 .text.write_dudr
                0x10003f3c       0x88 CMakeFiles/prj_dot.dir/src/SRTU_V7.c.obj
                0x10003f3c                write_dudr
 .text.write_udr0
                0x10003fc4        0xc CMakeFiles/prj_dot.dir/src/SRTU_V7.c.obj
                0x10003fc4                write_udr0
 .text.sendInverterRead_DassTech
                0x10003fd0     0x2514 CMakeFiles/prj_dot.dir/src/SRTU_V7.c.obj
                0x10003fd0                sendInverterRead_DassTech
 .text.sendInverterRead_DassTechNew
                0x100064e4     0x2518 CMakeFiles/prj_dot.dir/src/SRTU_V7.c.obj
                0x100064e4                sendInverterRead_DassTechNew
 .text.send_system_parameter
                0x100089fc       0x98 CMakeFiles/prj_dot.dir/src/SRTU_V7.c.obj
                0x100089fc                send_system_parameter
 .text.rx0Control_DassTechAll
                0x10008a94     0x1350 CMakeFiles/prj_dot.dir/src/SRTU_V7.c.obj
                0x10008a94                rx0Control_DassTechAll
 .text.sendInverterRead_SMA_25kMod
                0x10009de4      0x188 CMakeFiles/prj_dot.dir/src/SRTU_V7.c.obj
                0x10009de4                sendInverterRead_SMA_25kMod
 .text.HexStr_to_Uint
                0x10009f6c       0xcc CMakeFiles/prj_dot.dir/src/SRTU_V7.c.obj
                0x10009f6c                HexStr_to_Uint
 .text.sendInverterRead_HexPower
                0x1000a038      0x3a0 CMakeFiles/prj_dot.dir/src/SRTU_V7.c.obj
                0x1000a038                sendInverterRead_HexPower
 .text.rx0Control_HexPower
                0x1000a3d8      0x738 CMakeFiles/prj_dot.dir/src/SRTU_V7.c.obj
                0x1000a3d8                rx0Control_HexPower
 .text.rx0Control_Xantrex
                0x1000ab10      0x2f8 CMakeFiles/prj_dot.dir/src/SRTU_V7.c.obj
                0x1000ab10                rx0Control_Xantrex
 .text.sendInverterRead_Hyundai
                0x1000ae08      0x224 CMakeFiles/prj_dot.dir/src/SRTU_V7.c.obj
                0x1000ae08                sendInverterRead_Hyundai
 .text.sendInverterRead_HyModbus
                0x1000b02c      0x7a0 CMakeFiles/prj_dot.dir/src/SRTU_V7.c.obj
                0x1000b02c                sendInverterRead_HyModbus
 .text.rx0Control_HyModbus
                0x1000b7cc      0x2b4 CMakeFiles/prj_dot.dir/src/SRTU_V7.c.obj
                0x1000b7cc                rx0Control_HyModbus
 .text.sendInverterRead_Kaco
                0x1000ba80      0x7ac CMakeFiles/prj_dot.dir/src/SRTU_V7.c.obj
                0x1000ba80                sendInverterRead_Kaco
 .text.rx0Control_Kaco
                0x1000c22c      0x9b0 CMakeFiles/prj_dot.dir/src/SRTU_V7.c.obj
                0x1000c22c                rx0Control_Kaco
 .text.sendInverterRead_DIK
                0x1000cbdc      0x364 CMakeFiles/prj_dot.dir/src/SRTU_V7.c.obj
                0x1000cbdc                sendInverterRead_DIK
 .text.rx0Control_DIK
                0x1000cf40      0x270 CMakeFiles/prj_dot.dir/src/SRTU_V7.c.obj
                0x1000cf40                rx0Control_DIK
 .text.sendInverterRead_GIPAM115
                0x1000d1b0       0xc0 CMakeFiles/prj_dot.dir/src/SRTU_V7.c.obj
                0x1000d1b0                sendInverterRead_GIPAM115
 .text.rx0Control_GIPAM115
                0x1000d270      0x370 CMakeFiles/prj_dot.dir/src/SRTU_V7.c.obj
                0x1000d270                rx0Control_GIPAM115
 .text.sendInverterRead_Lsis50K
                0x1000d5e0     0x1288 CMakeFiles/prj_dot.dir/src/SRTU_V7.c.obj
                0x1000d5e0                sendInverterRead_Lsis50K
 .text.rx0Control_Lsis50K
                0x1000e868      0x300 CMakeFiles/prj_dot.dir/src/SRTU_V7.c.obj
                0x1000e868                rx0Control_Lsis50K
 .text.sendInverterRead_Lsis100K
                0x1000eb68     0x158c CMakeFiles/prj_dot.dir/src/SRTU_V7.c.obj
                0x1000eb68                sendInverterRead_Lsis100K
 .text.rx0Control_Lsis100K
                0x100100f4      0x368 CMakeFiles/prj_dot.dir/src/SRTU_V7.c.obj
                0x100100f4                rx0Control_Lsis100K
 .text.sendInverterRead_Ls500k
                0x1001045c      0x7a4 CMakeFiles/prj_dot.dir/src/SRTU_V7.c.obj
                0x1001045c                sendInverterRead_Ls500k
 .text.rx0Control_Ls500k
                0x10010c00      0x2d0 CMakeFiles/prj_dot.dir/src/SRTU_V7.c.obj
                0x10010c00                rx0Control_Ls500k
 .text.sendInverterRead_Kaco39
                0x10010ed0      0xfbc CMakeFiles/prj_dot.dir/src/SRTU_V7.c.obj
                0x10010ed0                sendInverterRead_Kaco39
 .text.rx0Control_Kaco39
                0x10011e8c     0x1c18 CMakeFiles/prj_dot.dir/src/SRTU_V7.c.obj
                0x10011e8c                rx0Control_Kaco39
 .text.sendInverterRead_AbbModbus
                0x10013aa4      0x1ac CMakeFiles/prj_dot.dir/src/SRTU_V7.c.obj
                0x10013aa4                sendInverterRead_AbbModbus
 .text.sendInverterRead_Abb27K
                0x10013c50     0x64c4 CMakeFiles/prj_dot.dir/src/SRTU_V7.c.obj
                0x10013c50                sendInverterRead_Abb27K
 .text.rx0Control_Abb27K
                0x1001a114      0x398 CMakeFiles/prj_dot.dir/src/SRTU_V7.c.obj
                0x1001a114                rx0Control_Abb27K
 .text.sendInverterRead_Lsis03k
                0x1001a4ac      0x258 CMakeFiles/prj_dot.dir/src/SRTU_V7.c.obj
                0x1001a4ac                sendInverterRead_Lsis03k
 .text.rx0Control_Lsis03k
                0x1001a704      0x270 CMakeFiles/prj_dot.dir/src/SRTU_V7.c.obj
                0x1001a704                rx0Control_Lsis03k
 .text.sendInverterRead_HyosungMbus
                0x1001a974      0x788 CMakeFiles/prj_dot.dir/src/SRTU_V7.c.obj
                0x1001a974                sendInverterRead_HyosungMbus
 .text.rx0Control_HyosungMbus
                0x1001b0fc      0x2d0 CMakeFiles/prj_dot.dir/src/SRTU_V7.c.obj
                0x1001b0fc                rx0Control_HyosungMbus
 .text.sendInverterRead_Refusol
                0x1001b3cc      0xbf8 CMakeFiles/prj_dot.dir/src/SRTU_V7.c.obj
                0x1001b3cc                sendInverterRead_Refusol
 .text.rx0Control_Refusol
                0x1001bfc4      0x550 CMakeFiles/prj_dot.dir/src/SRTU_V7.c.obj
                0x1001bfc4                rx0Control_Refusol
 .text.sendInverterRead_SanRex
                0x1001c514      0x150 CMakeFiles/prj_dot.dir/src/SRTU_V7.c.obj
                0x1001c514                sendInverterRead_SanRex
 .text.rx0Control_SanRex
                0x1001c664      0x2a8 CMakeFiles/prj_dot.dir/src/SRTU_V7.c.obj
                0x1001c664                rx0Control_SanRex
 .text.sendInverterRead_DYENP
                0x1001c90c      0x914 CMakeFiles/prj_dot.dir/src/SRTU_V7.c.obj
                0x1001c90c                sendInverterRead_DYENP
 .text.rx0Control_DYENP
                0x1001d220      0x210 CMakeFiles/prj_dot.dir/src/SRTU_V7.c.obj
                0x1001d220                rx0Control_DYENP
 .text.sendInverterRead_KACO11
                0x1001d430      0x830 CMakeFiles/prj_dot.dir/src/SRTU_V7.c.obj
                0x1001d430                sendInverterRead_KACO11
 .text.rx0Control_KACO11
                0x1001dc60      0x448 CMakeFiles/prj_dot.dir/src/SRTU_V7.c.obj
                0x1001dc60                rx0Control_KACO11
 .text.sendInverterRead_EkosMbus
                0x1001e0a8      0x60c CMakeFiles/prj_dot.dir/src/SRTU_V7.c.obj
                0x1001e0a8                sendInverterRead_EkosMbus
 .text.rx0Control_EkosMbus
                0x1001e6b4      0x3d4 CMakeFiles/prj_dot.dir/src/SRTU_V7.c.obj
                0x1001e6b4                rx0Control_EkosMbus
 .text.sendInverterRead_Windrex3K
                0x1001ea88      0xc78 CMakeFiles/prj_dot.dir/src/SRTU_V7.c.obj
                0x1001ea88                sendInverterRead_Windrex3K
 .text.rx0Control_Windrex3K
                0x1001f700      0x4a8 CMakeFiles/prj_dot.dir/src/SRTU_V7.c.obj
                0x1001f700                rx0Control_Windrex3K
 .text.sendInverterRead_SMA10K
                0x1001fba8      0xd68 CMakeFiles/prj_dot.dir/src/SRTU_V7.c.obj
                0x1001fba8                sendInverterRead_SMA10K
 .text.rx0Control_SMA10K
                0x10020910      0x1e0 CMakeFiles/prj_dot.dir/src/SRTU_V7.c.obj
                0x10020910                rx0Control_SMA10K
 .text.sendInverterRead_Delta
                0x10020af0     0x1fe8 CMakeFiles/prj_dot.dir/src/SRTU_V7.c.obj
                0x10020af0                sendInverterRead_Delta
 .text.rx0Control_Delta
                0x10022ad8      0x600 CMakeFiles/prj_dot.dir/src/SRTU_V7.c.obj
                0x10022ad8                rx0Control_Delta
 .text.sendInverterRead_SunGrow3K
                0x100230d8      0x1bc CMakeFiles/prj_dot.dir/src/SRTU_V7.c.obj
                0x100230d8                sendInverterRead_SunGrow3K
 .text.rx0Control_SunGrow3K
                0x10023294      0x3d8 CMakeFiles/prj_dot.dir/src/SRTU_V7.c.obj
                0x10023294                rx0Control_SunGrow3K
 .text.sendInverterRead_Willings1M
                0x1002366c      0x990 CMakeFiles/prj_dot.dir/src/SRTU_V7.c.obj
                0x1002366c                sendInverterRead_Willings1M
 .text.rx0Control_Willings1M
                0x10023ffc      0x3ec CMakeFiles/prj_dot.dir/src/SRTU_V7.c.obj
                0x10023ffc                rx0Control_Willings1M
 .text.sendInverterRead_WillingsMbusA
                0x100243e8      0x910 CMakeFiles/prj_dot.dir/src/SRTU_V7.c.obj
                0x100243e8                sendInverterRead_WillingsMbusA
 .text.rx0Control_WillingsMbusA
                0x10024cf8      0x3d4 CMakeFiles/prj_dot.dir/src/SRTU_V7.c.obj
                0x10024cf8                rx0Control_WillingsMbusA
 .text.sendInverterRead_WillingsMbusB
                0x100250cc      0xb10 CMakeFiles/prj_dot.dir/src/SRTU_V7.c.obj
                0x100250cc                sendInverterRead_WillingsMbusB
 .text.rx0Control_WillingsMbusB
                0x10025bdc      0x418 CMakeFiles/prj_dot.dir/src/SRTU_V7.c.obj
                0x10025bdc                rx0Control_WillingsMbusB
 .text.sendInverterRead_Hansol3k
                0x10025ff4      0x7d0 CMakeFiles/prj_dot.dir/src/SRTU_V7.c.obj
                0x10025ff4                sendInverterRead_Hansol3k
 .text.rx0Control_Hansol3k
                0x100267c4      0x240 CMakeFiles/prj_dot.dir/src/SRTU_V7.c.obj
                0x100267c4                rx0Control_Hansol3k
 .text.sendInverterRead_HexPower3K
                0x10026a04      0x440 CMakeFiles/prj_dot.dir/src/SRTU_V7.c.obj
                0x10026a04                sendInverterRead_HexPower3K
 .text.rx0Control_HexPower3K
                0x10026e44      0x5dc CMakeFiles/prj_dot.dir/src/SRTU_V7.c.obj
                0x10026e44                rx0Control_HexPower3K
 .text.sendInverterRead_ABB33K
                0x10027420      0x778 CMakeFiles/prj_dot.dir/src/SRTU_V7.c.obj
                0x10027420                sendInverterRead_ABB33K
 .text.rx0Control_ABB33K
                0x10027b98      0x308 CMakeFiles/prj_dot.dir/src/SRTU_V7.c.obj
                0x10027b98                rx0Control_ABB33K
 .text.sendInverterRead_KACO20
                0x10027ea0      0xad0 CMakeFiles/prj_dot.dir/src/SRTU_V7.c.obj
                0x10027ea0                sendInverterRead_KACO20
 .text.rx0Control_KACO20
                0x10028970      0x5d8 CMakeFiles/prj_dot.dir/src/SRTU_V7.c.obj
                0x10028970                rx0Control_KACO20
 .text.sendInverterRead_HexPower20K
                0x10028f48      0x3a8 CMakeFiles/prj_dot.dir/src/SRTU_V7.c.obj
                0x10028f48                sendInverterRead_HexPower20K
 .text.rx0Control_HexPower20K
                0x100292f0      0x788 CMakeFiles/prj_dot.dir/src/SRTU_V7.c.obj
                0x100292f0                rx0Control_HexPower20K
 .text.sendInverterRead_DongeiEcos
                0x10029a78     0x22c4 CMakeFiles/prj_dot.dir/src/SRTU_V7.c.obj
                0x10029a78                sendInverterRead_DongeiEcos
 .text.rx0Control_DongeiEcos
                0x1002bd3c     0x11f4 CMakeFiles/prj_dot.dir/src/SRTU_V7.c.obj
                0x1002bd3c                rx0Control_DongeiEcos
 .text.sendInverterRead_DikModbus
                0x1002cf30      0x778 CMakeFiles/prj_dot.dir/src/SRTU_V7.c.obj
                0x1002cf30                sendInverterRead_DikModbus
 .text.rx0Control_DikModbus
                0x1002d6a8      0x394 CMakeFiles/prj_dot.dir/src/SRTU_V7.c.obj
                0x1002d6a8                rx0Control_DikModbus
 .text.sendInverterRead_KSTAR50K
                0x1002da3c      0x1bc CMakeFiles/prj_dot.dir/src/SRTU_V7.c.obj
                0x1002da3c                sendInverterRead_KSTAR50K
 .text.rx0Control_KSTAR50K
                0x1002dbf8      0x3c4 CMakeFiles/prj_dot.dir/src/SRTU_V7.c.obj
                0x1002dbf8                rx0Control_KSTAR50K
 .text.sendInverterRead_HyosungMbus36k
                0x1002dfbc      0x1bc CMakeFiles/prj_dot.dir/src/SRTU_V7.c.obj
                0x1002dfbc                sendInverterRead_HyosungMbus36k
 .text.rx0Control_HyosungMbus36k
                0x1002e178      0x39c CMakeFiles/prj_dot.dir/src/SRTU_V7.c.obj
                0x1002e178                rx0Control_HyosungMbus36k
 .text.sendInverterRead_DYENPModbus
                0x1002e514      0x1e4 CMakeFiles/prj_dot.dir/src/SRTU_V7.c.obj
                0x1002e514                sendInverterRead_DYENPModbus
 .text.rx0Control_DYENPModbus
                0x1002e6f8      0x3e0 CMakeFiles/prj_dot.dir/src/SRTU_V7.c.obj
                0x1002e6f8                rx0Control_DYENPModbus
 .text.sendInverterRead_HyModbus1M
                0x1002ead8      0x404 CMakeFiles/prj_dot.dir/src/SRTU_V7.c.obj
                0x1002ead8                sendInverterRead_HyModbus1M
 .text.rx0Control_HyModbus1M
                0x1002eedc      0x2a8 CMakeFiles/prj_dot.dir/src/SRTU_V7.c.obj
                0x1002eedc                rx0Control_HyModbus1M
 .text.Hex_to_Ulongint
                0x1002f184       0x48 CMakeFiles/prj_dot.dir/src/SRTU_V7.c.obj
                0x1002f184                Hex_to_Ulongint
 .text.Hex_to_Uint
                0x1002f1cc       0x34 CMakeFiles/prj_dot.dir/src/SRTU_V7.c.obj
                0x1002f1cc                Hex_to_Uint
 .text.sendInverterRead_DYENPModbus500K
                0x1002f200      0x1b8 CMakeFiles/prj_dot.dir/src/SRTU_V7.c.obj
                0x1002f200                sendInverterRead_DYENPModbus500K
 .text.rx0Control_DYENPModbus500K
                0x1002f3b8      0x3c4 CMakeFiles/prj_dot.dir/src/SRTU_V7.c.obj
                0x1002f3b8                rx0Control_DYENPModbus500K
 .text.sendInverterRead_HexPowerNew
                0x1002f77c      0x3a0 CMakeFiles/prj_dot.dir/src/SRTU_V7.c.obj
                0x1002f77c                sendInverterRead_HexPowerNew
 .text.rx0Control_HexPowerNew
                0x1002fb1c      0x738 CMakeFiles/prj_dot.dir/src/SRTU_V7.c.obj
                0x1002fb1c                rx0Control_HexPowerNew
 .text.sendInverterRead_HansolModbus
                0x10030254      0x1b4 CMakeFiles/prj_dot.dir/src/SRTU_V7.c.obj
                0x10030254                sendInverterRead_HansolModbus
 .text.rx0Control_HansolModbus
                0x10030408      0x27c CMakeFiles/prj_dot.dir/src/SRTU_V7.c.obj
                0x10030408                rx0Control_HansolModbus
 .text.sendInverterRead_HyModbus50K
                0x10030684      0x1b8 CMakeFiles/prj_dot.dir/src/SRTU_V7.c.obj
                0x10030684                sendInverterRead_HyModbus50K
 .text.rx0Control_HyModbus50K
                0x1003083c      0x290 CMakeFiles/prj_dot.dir/src/SRTU_V7.c.obj
                0x1003083c                rx0Control_HyModbus50K
 .text.Bytes_to_Ulint
                0x10030acc        0xe CMakeFiles/prj_dot.dir/src/SRTU_V7.c.obj
                0x10030acc                Bytes_to_Ulint
 *fill*         0x10030ada        0x2 
 .text.sendInverterRead_AbbModbus1M
                0x10030adc      0x424 CMakeFiles/prj_dot.dir/src/SRTU_V7.c.obj
                0x10030adc                sendInverterRead_AbbModbus1M
 .text.sendInverterRead_SunGrow1250K
                0x10030f00      0x2f4 CMakeFiles/prj_dot.dir/src/SRTU_V7.c.obj
                0x10030f00                sendInverterRead_SunGrow1250K
 .text.rx0Control_SunGrow1250K
                0x100311f4      0x300 CMakeFiles/prj_dot.dir/src/SRTU_V7.c.obj
                0x100311f4                rx0Control_SunGrow1250K
 .text.sendInverterRead_ABB50K
                0x100314f4      0x3d0 CMakeFiles/prj_dot.dir/src/SRTU_V7.c.obj
                0x100314f4                sendInverterRead_ABB50K
 .text.rx0Control_ABB50K
                0x100318c4      0x4f8 CMakeFiles/prj_dot.dir/src/SRTU_V7.c.obj
                0x100318c4                rx0Control_ABB50K
 .text.sendInverterRead_DYENPModbus50K
                0x10031dbc      0x304 CMakeFiles/prj_dot.dir/src/SRTU_V7.c.obj
                0x10031dbc                sendInverterRead_DYENPModbus50K
 .text.rx0Control_DYENPModbus50K
                0x100320c0      0x4e4 CMakeFiles/prj_dot.dir/src/SRTU_V7.c.obj
                0x100320c0                rx0Control_DYENPModbus50K
 .text.sendInverterRead_HyosungMbus50k
                0x100325a4      0x3dc CMakeFiles/prj_dot.dir/src/SRTU_V7.c.obj
                0x100325a4                sendInverterRead_HyosungMbus50k
 .text.rx0Control_HyosungMbus50k
                0x10032980      0x4d0 CMakeFiles/prj_dot.dir/src/SRTU_V7.c.obj
                0x10032980                rx0Control_HyosungMbus50k
 .text.sendInverterRead_SINENG36k
                0x10032e50      0x3d4 CMakeFiles/prj_dot.dir/src/SRTU_V7.c.obj
                0x10032e50                sendInverterRead_SINENG36k
 .text.rx0Control_SINENG36k
                0x10033224      0x4f4 CMakeFiles/prj_dot.dir/src/SRTU_V7.c.obj
                0x10033224                rx0Control_SINENG36k
 .text.sendInverterRead_Canadian50K
                0x10033718      0x2d0 CMakeFiles/prj_dot.dir/src/SRTU_V7.c.obj
                0x10033718                sendInverterRead_Canadian50K
 .text.rx0Control_Canadian50K
                0x100339e8      0x368 CMakeFiles/prj_dot.dir/src/SRTU_V7.c.obj
                0x100339e8                rx0Control_Canadian50K
 .text.sendInverterRead_Keumbee34K
                0x10033d50      0x184 CMakeFiles/prj_dot.dir/src/SRTU_V7.c.obj
                0x10033d50                sendInverterRead_Keumbee34K
 .text.rx0Control_Keumbee34K
                0x10033ed4      0x25c CMakeFiles/prj_dot.dir/src/SRTU_V7.c.obj
                0x10033ed4                rx0Control_Keumbee34K
 .text.send_inv_sqc
                0x10034130      0x158 CMakeFiles/prj_dot.dir/src/SRTU_V7.c.obj
                0x10034130                send_inv_sqc
 .text.variablesInitial_v7
                0x10034288      0x1b0 CMakeFiles/prj_dot.dir/src/SRTU_V7.c.obj
                0x10034288                variablesInitial_v7
 .text.drv_send_inv
                0x10034438      0x198 CMakeFiles/prj_dot.dir/src/SRTU_V7.c.obj
                0x10034438                drv_send_inv
 .text.put_strf
                0x100345d0       0x32 CMakeFiles/prj_dot.dir/src/SRTU_V7.c.obj
                0x100345d0                put_strf
 *fill*         0x10034602        0x2 
 .text.rx0Control_Hyundai
                0x10034604      0x3e4 CMakeFiles/prj_dot.dir/src/SRTU_V7.c.obj
                0x10034604                rx0Control_Hyundai
 .text.rx0Control_AbbModbus
                0x100349e8      0x298 CMakeFiles/prj_dot.dir/src/SRTU_V7.c.obj
                0x100349e8                rx0Control_AbbModbus
 .text.rx0Control_AbbModbus1M
                0x10034c80      0x3c8 CMakeFiles/prj_dot.dir/src/SRTU_V7.c.obj
                0x10034c80                rx0Control_AbbModbus1M
 .text.drv_recev_inv_tV7
                0x10035048      0x158 CMakeFiles/prj_dot.dir/src/SRTU_V7.c.obj
                0x10035048                drv_recev_inv_tV7
 .text.Paint_NewImage
                0x100351a0       0x4c CMakeFiles/prj_dot.dir/src/lib/GUI/GUI_Paint.c.obj
                0x100351a0                Paint_NewImage
 .text.Paint_SelectImage
                0x100351ec        0xc CMakeFiles/prj_dot.dir/src/lib/GUI/GUI_Paint.c.obj
                0x100351ec                Paint_SelectImage
 .text.Paint_SetScale
                0x100351f8       0x68 CMakeFiles/prj_dot.dir/src/lib/GUI/GUI_Paint.c.obj
                0x100351f8                Paint_SetScale
 .text.Paint_SetPixel
                0x10035260      0x17c CMakeFiles/prj_dot.dir/src/lib/GUI/GUI_Paint.c.obj
                0x10035260                Paint_SetPixel
 .text.Paint_Clear
                0x100353dc       0xb8 CMakeFiles/prj_dot.dir/src/lib/GUI/GUI_Paint.c.obj
                0x100353dc                Paint_Clear
 .text.Paint_DrawPoint
                0x10035494       0xe0 CMakeFiles/prj_dot.dir/src/lib/GUI/GUI_Paint.c.obj
                0x10035494                Paint_DrawPoint
 .text.Paint_DrawLine
                0x10035574      0x12c CMakeFiles/prj_dot.dir/src/lib/GUI/GUI_Paint.c.obj
                0x10035574                Paint_DrawLine
 .text.Paint_DrawRectangle
                0x100356a0       0xd0 CMakeFiles/prj_dot.dir/src/lib/GUI/GUI_Paint.c.obj
                0x100356a0                Paint_DrawRectangle
 .text.Paint_DrawCircle
                0x10035770      0x274 CMakeFiles/prj_dot.dir/src/lib/GUI/GUI_Paint.c.obj
                0x10035770                Paint_DrawCircle
 .text.Paint_DrawChar
                0x100359e4       0xe8 CMakeFiles/prj_dot.dir/src/lib/GUI/GUI_Paint.c.obj
                0x100359e4                Paint_DrawChar
 .text.Paint_DrawString_EN
                0x10035acc       0x88 CMakeFiles/prj_dot.dir/src/lib/GUI/GUI_Paint.c.obj
                0x10035acc                Paint_DrawString_EN
 .text.Paint_DrawNum
                0x10035b54      0x138 CMakeFiles/prj_dot.dir/src/lib/GUI/GUI_Paint.c.obj
                0x10035b54                Paint_DrawNum
 .text.gpio_set_function
                0x10035c8c       0x30 CMakeFiles/prj_dot.dir/D_/pico/pico-sdk/src/rp2_common/hardware_gpio/gpio.c.obj
                0x10035c8c                gpio_set_function
 .text.gpio_set_pulls
                0x10035cbc       0x34 CMakeFiles/prj_dot.dir/D_/pico/pico-sdk/src/rp2_common/hardware_gpio/gpio.c.obj
                0x10035cbc                gpio_set_pulls
 .text.gpio_set_irq_callback
                0x10035cf0       0x48 CMakeFiles/prj_dot.dir/D_/pico/pico-sdk/src/rp2_common/hardware_gpio/gpio.c.obj
                0x10035cf0                gpio_set_irq_callback
 .text.gpio_acknowledge_irq
                0x10035d38       0x18 CMakeFiles/prj_dot.dir/D_/pico/pico-sdk/src/rp2_common/hardware_gpio/gpio.c.obj
                0x10035d38                gpio_acknowledge_irq
 .text._gpio_set_irq_enabled
                0x10035d50       0x34 CMakeFiles/prj_dot.dir/D_/pico/pico-sdk/src/rp2_common/hardware_gpio/gpio.c.obj
 .text.gpio_set_irq_enabled
                0x10035d84       0x20 CMakeFiles/prj_dot.dir/D_/pico/pico-sdk/src/rp2_common/hardware_gpio/gpio.c.obj
                0x10035d84                gpio_set_irq_enabled
 .text.gpio_set_irq_enabled_with_callback
                0x10035da4       0x20 CMakeFiles/prj_dot.dir/D_/pico/pico-sdk/src/rp2_common/hardware_gpio/gpio.c.obj
                0x10035da4                gpio_set_irq_enabled_with_callback
 .text.gpio_default_irq_handler
                0x10035dc4       0x98 CMakeFiles/prj_dot.dir/D_/pico/pico-sdk/src/rp2_common/hardware_gpio/gpio.c.obj
 .text.gpio_set_input_enabled
                0x10035e5c       0x30 CMakeFiles/prj_dot.dir/D_/pico/pico-sdk/src/rp2_common/hardware_gpio/gpio.c.obj
                0x10035e5c                gpio_set_input_enabled
 .text.gpio_init
                0x10035e8c       0x16 CMakeFiles/prj_dot.dir/D_/pico/pico-sdk/src/rp2_common/hardware_gpio/gpio.c.obj
                0x10035e8c                gpio_init
 *fill*         0x10035ea2        0x2 
 .text.running_on_fpga
                0x10035ea4       0x14 CMakeFiles/prj_dot.dir/D_/pico/pico-sdk/src/rp2_common/pico_platform/platform.c.obj
                0x10035ea4                running_on_fpga
 .text.hw_claim_lock
                0x10035eb8       0x18 CMakeFiles/prj_dot.dir/D_/pico/pico-sdk/src/rp2_common/hardware_claim/claim.c.obj
                0x10035eb8                hw_claim_lock
 .text.hw_claim_unlock
                0x10035ed0       0x14 CMakeFiles/prj_dot.dir/D_/pico/pico-sdk/src/rp2_common/hardware_claim/claim.c.obj
                0x10035ed0                hw_claim_unlock
 .text.hw_claim_or_assert
                0x10035ee4       0x32 CMakeFiles/prj_dot.dir/D_/pico/pico-sdk/src/rp2_common/hardware_claim/claim.c.obj
                0x10035ee4                hw_claim_or_assert
 .text.hw_claim_unused_from_range
                0x10035f16       0x50 CMakeFiles/prj_dot.dir/D_/pico/pico-sdk/src/rp2_common/hardware_claim/claim.c.obj
                0x10035f16                hw_claim_unused_from_range
 *fill*         0x10035f66        0x2 
 .text.spin_locks_reset
                0x10035f68       0x20 CMakeFiles/prj_dot.dir/D_/pico/pico-sdk/src/rp2_common/hardware_sync/sync.c.obj
                0x10035f68                spin_locks_reset
 .text.next_striped_spin_lock_num
                0x10035f88       0x1c CMakeFiles/prj_dot.dir/D_/pico/pico-sdk/src/rp2_common/hardware_sync/sync.c.obj
                0x10035f88                next_striped_spin_lock_num
 .text.spin_lock_claim_unused
                0x10035fa4       0x20 CMakeFiles/prj_dot.dir/D_/pico/pico-sdk/src/rp2_common/hardware_sync/sync.c.obj
                0x10035fa4                spin_lock_claim_unused
 .text.set_raw_irq_handler_and_unlock
                0x10035fc4       0x28 CMakeFiles/prj_dot.dir/D_/pico/pico-sdk/src/rp2_common/hardware_irq/irq.c.obj
 .text.make_branch
                0x10035fec       0x48 CMakeFiles/prj_dot.dir/D_/pico/pico-sdk/src/rp2_common/hardware_irq/irq.c.obj
 .text.insert_branch_and_link
                0x10036034       0x40 CMakeFiles/prj_dot.dir/D_/pico/pico-sdk/src/rp2_common/hardware_irq/irq.c.obj
 .text.irq_is_enabled
                0x10036074       0x18 CMakeFiles/prj_dot.dir/D_/pico/pico-sdk/src/rp2_common/hardware_irq/irq.c.obj
                0x10036074                irq_is_enabled
 .text.irq_set_mask_enabled
                0x1003608c       0x20 CMakeFiles/prj_dot.dir/D_/pico/pico-sdk/src/rp2_common/hardware_irq/irq.c.obj
                0x1003608c                irq_set_mask_enabled
 .text.irq_set_enabled
                0x100360ac        0xe CMakeFiles/prj_dot.dir/D_/pico/pico-sdk/src/rp2_common/hardware_irq/irq.c.obj
                0x100360ac                irq_set_enabled
 *fill*         0x100360ba        0x2 
 .text.irq_set_pending
                0x100360bc       0x10 CMakeFiles/prj_dot.dir/D_/pico/pico-sdk/src/rp2_common/hardware_irq/irq.c.obj
                0x100360bc                irq_set_pending
 .text.irq_get_vtable_handler
                0x100360cc       0x10 CMakeFiles/prj_dot.dir/D_/pico/pico-sdk/src/rp2_common/hardware_irq/irq.c.obj
                0x100360cc                irq_get_vtable_handler
 .text.irq_has_shared_handler
                0x100360dc       0x24 CMakeFiles/prj_dot.dir/D_/pico/pico-sdk/src/rp2_common/hardware_irq/irq.c.obj
                0x100360dc                irq_has_shared_handler
 .text.irq_set_exclusive_handler
                0x10036100       0x54 CMakeFiles/prj_dot.dir/D_/pico/pico-sdk/src/rp2_common/hardware_irq/irq.c.obj
                0x10036100                irq_set_exclusive_handler
 .text.irq_add_shared_handler
                0x10036154      0x234 CMakeFiles/prj_dot.dir/D_/pico/pico-sdk/src/rp2_common/hardware_irq/irq.c.obj
                0x10036154                irq_add_shared_handler
 .text.irq_remove_handler
                0x10036388      0x1ac CMakeFiles/prj_dot.dir/D_/pico/pico-sdk/src/rp2_common/hardware_irq/irq.c.obj
                0x10036388                irq_remove_handler
 .text.irq_add_tail_to_free_list
                0x10036534       0xf0 CMakeFiles/prj_dot.dir/D_/pico/pico-sdk/src/rp2_common/hardware_irq/irq.c.obj
                0x10036534                irq_add_tail_to_free_list
 .text.irq_init_priorities
                0x10036624       0x1c CMakeFiles/prj_dot.dir/D_/pico/pico-sdk/src/rp2_common/hardware_irq/irq.c.obj
                0x10036624                irq_init_priorities
 .text.user_irq_claim_unused
                0x10036640       0x28 CMakeFiles/prj_dot.dir/D_/pico/pico-sdk/src/rp2_common/hardware_irq/irq.c.obj
                0x10036640                user_irq_claim_unused
 .text.lock_init
                0x10036668       0x10 CMakeFiles/prj_dot.dir/D_/pico/pico-sdk/src/common/pico_sync/lock_core.c.obj
                0x10036668                lock_init
 .text.mutex_init
                0x10036678       0x1a CMakeFiles/prj_dot.dir/D_/pico/pico-sdk/src/common/pico_sync/mutex.c.obj
                0x10036678                mutex_init
 .text.recursive_mutex_init
                0x10036692       0x1e CMakeFiles/prj_dot.dir/D_/pico/pico-sdk/src/common/pico_sync/mutex.c.obj
                0x10036692                recursive_mutex_init
 .text.critical_section_init_with_lock_num
                0x100366b0       0x14 CMakeFiles/prj_dot.dir/D_/pico/pico-sdk/src/common/pico_sync/critical_section.c.obj
                0x100366b0                critical_section_init_with_lock_num
 .text.critical_section_init
                0x100366c4       0x14 CMakeFiles/prj_dot.dir/D_/pico/pico-sdk/src/common/pico_sync/critical_section.c.obj
                0x100366c4                critical_section_init
 .text.alarm_pool_post_alloc_init
                0x100366d8       0x40 CMakeFiles/prj_dot.dir/D_/pico/pico-sdk/src/common/pico_time/time.c.obj
 .text.sleep_until_callback
                0x10036718       0x30 CMakeFiles/prj_dot.dir/D_/pico/pico-sdk/src/common/pico_time/time.c.obj
 .text.timer_pool_entry_comparator
                0x10036748       0x7c CMakeFiles/prj_dot.dir/D_/pico/pico-sdk/src/common/pico_time/time.c.obj
                0x10036748                timer_pool_entry_comparator
 .text.ph_add_child_node
                0x100367c4       0xa4 CMakeFiles/prj_dot.dir/D_/pico/pico-sdk/src/common/pico_time/time.c.obj
 .text.ph_merge_nodes
                0x10036868       0x3e CMakeFiles/prj_dot.dir/D_/pico/pico-sdk/src/common/pico_time/time.c.obj
 *fill*         0x100368a6        0x2 
 .text.add_alarm_under_lock
                0x100368a8      0x174 CMakeFiles/prj_dot.dir/D_/pico/pico-sdk/src/common/pico_time/time.c.obj
 .text.alarm_pool_alarm_callback
                0x10036a1c      0x33c CMakeFiles/prj_dot.dir/D_/pico/pico-sdk/src/common/pico_time/time.c.obj
 .text.alarm_pool_init_default
                0x10036d58       0x40 CMakeFiles/prj_dot.dir/D_/pico/pico-sdk/src/common/pico_time/time.c.obj
                0x10036d58                alarm_pool_init_default
 .text.alarm_pool_get_default
                0x10036d98       0x2c CMakeFiles/prj_dot.dir/D_/pico/pico-sdk/src/common/pico_time/time.c.obj
                0x10036d98                alarm_pool_get_default
 .text.alarm_pool_add_alarm_at
                0x10036dc4      0x168 CMakeFiles/prj_dot.dir/D_/pico/pico-sdk/src/common/pico_time/time.c.obj
                0x10036dc4                alarm_pool_add_alarm_at
 .text.alarm_pool_cancel_alarm
                0x10036f2c       0xf8 CMakeFiles/prj_dot.dir/D_/pico/pico-sdk/src/common/pico_time/time.c.obj
                0x10036f2c                alarm_pool_cancel_alarm
 .text.alarm_pool_core_num
                0x10037024        0x4 CMakeFiles/prj_dot.dir/D_/pico/pico-sdk/src/common/pico_time/time.c.obj
                0x10037024                alarm_pool_core_num
 .text.best_effort_wfe_or_timeout
                0x10037028       0xac CMakeFiles/prj_dot.dir/D_/pico/pico-sdk/src/common/pico_time/time.c.obj
                0x10037028                best_effort_wfe_or_timeout
 .text.hardware_alarm_irq_handler
                0x100370d4       0x90 CMakeFiles/prj_dot.dir/D_/pico/pico-sdk/src/rp2_common/hardware_timer/timer.c.obj
 .text.hardware_alarm_claim
                0x10037164       0x18 CMakeFiles/prj_dot.dir/D_/pico/pico-sdk/src/rp2_common/hardware_timer/timer.c.obj
                0x10037164                hardware_alarm_claim
 .text.time_us_64
                0x1003717c       0x18 CMakeFiles/prj_dot.dir/D_/pico/pico-sdk/src/rp2_common/hardware_timer/timer.c.obj
                0x1003717c                time_us_64
 .text.busy_wait_until
                0x10037194       0x28 CMakeFiles/prj_dot.dir/D_/pico/pico-sdk/src/rp2_common/hardware_timer/timer.c.obj
                0x10037194                busy_wait_until
 .text.busy_wait_us
                0x100371bc       0x48 CMakeFiles/prj_dot.dir/D_/pico/pico-sdk/src/rp2_common/hardware_timer/timer.c.obj
                0x100371bc                busy_wait_us
 .text.hardware_alarm_set_callback
                0x10037204       0x90 CMakeFiles/prj_dot.dir/D_/pico/pico-sdk/src/rp2_common/hardware_timer/timer.c.obj
                0x10037204                hardware_alarm_set_callback
 .text.hardware_alarm_set_target
                0x10037294       0xe8 CMakeFiles/prj_dot.dir/D_/pico/pico-sdk/src/rp2_common/hardware_timer/timer.c.obj
                0x10037294                hardware_alarm_set_target
 .text.hardware_alarm_cancel
                0x1003737c       0x40 CMakeFiles/prj_dot.dir/D_/pico/pico-sdk/src/rp2_common/hardware_timer/timer.c.obj
                0x1003737c                hardware_alarm_cancel
 .text.ph_add_child_node
                0x100373bc       0xa4 CMakeFiles/prj_dot.dir/D_/pico/pico-sdk/src/common/pico_util/pheap.c.obj
 .text.ph_merge_nodes
                0x10037460       0x3e CMakeFiles/prj_dot.dir/D_/pico/pico-sdk/src/common/pico_util/pheap.c.obj
 *fill*         0x1003749e        0x2 
 .text.ph_clear
                0x100374a0       0x70 CMakeFiles/prj_dot.dir/D_/pico/pico-sdk/src/common/pico_util/pheap.c.obj
                0x100374a0                ph_clear
 .text.ph_post_alloc_init
                0x10037510        0xe CMakeFiles/prj_dot.dir/D_/pico/pico-sdk/src/common/pico_util/pheap.c.obj
                0x10037510                ph_post_alloc_init
 *fill*         0x1003751e        0x2 
 .text.ph_merge_two_pass
                0x10037520       0xa8 CMakeFiles/prj_dot.dir/D_/pico/pico-sdk/src/common/pico_util/pheap.c.obj
                0x10037520                ph_merge_two_pass
 .text.ph_remove_any_head
                0x100375c8      0x128 CMakeFiles/prj_dot.dir/D_/pico/pico-sdk/src/common/pico_util/pheap.c.obj
 .text.ph_remove_head
                0x100376f0       0x14 CMakeFiles/prj_dot.dir/D_/pico/pico-sdk/src/common/pico_util/pheap.c.obj
                0x100376f0                ph_remove_head
 .text.ph_remove_and_free_node
                0x10037704       0xf8 CMakeFiles/prj_dot.dir/D_/pico/pico-sdk/src/common/pico_util/pheap.c.obj
                0x10037704                ph_remove_and_free_node
 .text.uart_disable_before_lcr_write
                0x100377fc       0x48 CMakeFiles/prj_dot.dir/D_/pico/pico-sdk/src/rp2_common/hardware_uart/uart.c.obj
 .text.uart_write_lcr_bits_masked
                0x10037844       0x22 CMakeFiles/prj_dot.dir/D_/pico/pico-sdk/src/rp2_common/hardware_uart/uart.c.obj
 *fill*         0x10037866        0x2 
 .text.uart_set_baudrate
                0x10037868       0x5c CMakeFiles/prj_dot.dir/D_/pico/pico-sdk/src/rp2_common/hardware_uart/uart.c.obj
                0x10037868                uart_set_baudrate
 .text.uart_set_format
                0x100378c4       0x2c CMakeFiles/prj_dot.dir/D_/pico/pico-sdk/src/rp2_common/hardware_uart/uart.c.obj
                0x100378c4                uart_set_format
 .text.uart_set_translate_crlf
                0x100378f0       0x28 CMakeFiles/prj_dot.dir/D_/pico/pico-sdk/src/rp2_common/hardware_uart/uart.c.obj
                0x100378f0                uart_set_translate_crlf
 .text.uart_init
                0x10037918       0x80 CMakeFiles/prj_dot.dir/D_/pico/pico-sdk/src/rp2_common/hardware_uart/uart.c.obj
                0x10037918                uart_init
 .text.clock_configure
                0x10037998      0x108 CMakeFiles/prj_dot.dir/D_/pico/pico-sdk/src/rp2_common/hardware_clocks/clocks.c.obj
                0x10037998                clock_configure
 .text.clocks_init
                0x10037aa0      0x100 CMakeFiles/prj_dot.dir/D_/pico/pico-sdk/src/rp2_common/hardware_clocks/clocks.c.obj
                0x10037aa0                clocks_init
 .text.clock_get_hz
                0x10037ba0        0xc CMakeFiles/prj_dot.dir/D_/pico/pico-sdk/src/rp2_common/hardware_clocks/clocks.c.obj
                0x10037ba0                clock_get_hz
 .text.pll_init
                0x10037bac      0x120 CMakeFiles/prj_dot.dir/D_/pico/pico-sdk/src/rp2_common/hardware_pll/pll.c.obj
                0x10037bac                pll_init
 .text.watchdog_start_tick
                0x10037ccc       0x10 CMakeFiles/prj_dot.dir/D_/pico/pico-sdk/src/rp2_common/hardware_watchdog/watchdog.c.obj
                0x10037ccc                watchdog_start_tick
 .text.watchdog_update
                0x10037cdc       0x14 CMakeFiles/prj_dot.dir/D_/pico/pico-sdk/src/rp2_common/hardware_watchdog/watchdog.c.obj
                0x10037cdc                watchdog_update
 .text._watchdog_enable
                0x10037cf0       0x78 CMakeFiles/prj_dot.dir/D_/pico/pico-sdk/src/rp2_common/hardware_watchdog/watchdog.c.obj
                0x10037cf0                _watchdog_enable
 .text.watchdog_enable
                0x10037d68       0x18 CMakeFiles/prj_dot.dir/D_/pico/pico-sdk/src/rp2_common/hardware_watchdog/watchdog.c.obj
                0x10037d68                watchdog_enable
 .text.watchdog_reboot
                0x10037d80       0x48 CMakeFiles/prj_dot.dir/D_/pico/pico-sdk/src/rp2_common/hardware_watchdog/watchdog.c.obj
                0x10037d80                watchdog_reboot
 .text.xosc_init
                0x10037dc8       0x28 CMakeFiles/prj_dot.dir/D_/pico/pico-sdk/src/rp2_common/hardware_xosc/xosc.c.obj
                0x10037dc8                xosc_init
 .text._exit    0x10037df0        0x4 CMakeFiles/prj_dot.dir/D_/pico/pico-sdk/src/rp2_common/pico_runtime/runtime.c.obj
                0x10037df0                _exit
 .text._sbrk    0x10037df4       0x38 CMakeFiles/prj_dot.dir/D_/pico/pico-sdk/src/rp2_common/pico_runtime/runtime.c.obj
                0x10037df4                _sbrk
 .text.exit     0x10037e2c        0x6 CMakeFiles/prj_dot.dir/D_/pico/pico-sdk/src/rp2_common/pico_runtime/runtime.c.obj
                0x10037e2c                exit
 *fill*         0x10037e32        0x2 
 .text.__assert_func
                0x10037e34       0x3c CMakeFiles/prj_dot.dir/D_/pico/pico-sdk/src/rp2_common/pico_runtime/runtime.c.obj
                0x10037e34                __assert_func
 .text.runtime_init
                0x10037e70       0xf8 CMakeFiles/prj_dot.dir/D_/pico/pico-sdk/src/rp2_common/pico_runtime/runtime.c.obj
                0x10037e70                runtime_init
 .text.panic    0x10037f68       0x30 CMakeFiles/prj_dot.dir/D_/pico/pico-sdk/src/rp2_common/pico_runtime/runtime.c.obj
                0x10037f68                panic
 .text._out_buffer
                0x10037f98        0x8 CMakeFiles/prj_dot.dir/D_/pico/pico-sdk/src/rp2_common/pico_printf/printf.c.obj
 .text._out_null
                0x10037fa0        0x2 CMakeFiles/prj_dot.dir/D_/pico/pico-sdk/src/rp2_common/pico_printf/printf.c.obj
 .text._out_fct
                0x10037fa2        0xe CMakeFiles/prj_dot.dir/D_/pico/pico-sdk/src/rp2_common/pico_printf/printf.c.obj
 .text._atoi    0x10037fb0       0x24 CMakeFiles/prj_dot.dir/D_/pico/pico-sdk/src/rp2_common/pico_printf/printf.c.obj
 .text._out_rev
                0x10037fd4       0xae CMakeFiles/prj_dot.dir/D_/pico/pico-sdk/src/rp2_common/pico_printf/printf.c.obj
 .text._ntoa_format
                0x10038082      0x112 CMakeFiles/prj_dot.dir/D_/pico/pico-sdk/src/rp2_common/pico_printf/printf.c.obj
 .text._ntoa_long
                0x10038194       0xbc CMakeFiles/prj_dot.dir/D_/pico/pico-sdk/src/rp2_common/pico_printf/printf.c.obj
 .text._ntoa_long_long
                0x10038250       0xe2 CMakeFiles/prj_dot.dir/D_/pico/pico-sdk/src/rp2_common/pico_printf/printf.c.obj
 *fill*         0x10038332        0x2 
 .text._etoa    0x10038334      0x414 CMakeFiles/prj_dot.dir/D_/pico/pico-sdk/src/rp2_common/pico_printf/printf.c.obj
 .text._ftoa    0x10038748      0x354 CMakeFiles/prj_dot.dir/D_/pico/pico-sdk/src/rp2_common/pico_printf/printf.c.obj
 .text._vsnprintf
                0x10038a9c      0x624 CMakeFiles/prj_dot.dir/D_/pico/pico-sdk/src/rp2_common/pico_printf/printf.c.obj
 .text.__wrap_sprintf
                0x100390c0       0x28 CMakeFiles/prj_dot.dir/D_/pico/pico-sdk/src/rp2_common/pico_printf/printf.c.obj
                0x100390c0                __wrap_sprintf
 .text.vfctprintf
                0x100390e8       0x20 CMakeFiles/prj_dot.dir/D_/pico/pico-sdk/src/rp2_common/pico_printf/printf.c.obj
                0x100390e8                vfctprintf
 .text          0x10039108       0x10 CMakeFiles/prj_dot.dir/D_/pico/pico-sdk/src/rp2_common/pico_bit_ops/bit_ops_aeabi.S.obj
 .text.rom_func_lookup
                0x10039118       0x10 CMakeFiles/prj_dot.dir/D_/pico/pico-sdk/src/rp2_common/pico_bootrom/bootrom.c.obj
                0x10039118                rom_func_lookup
 .text.rom_data_lookup
                0x10039128       0x10 CMakeFiles/prj_dot.dir/D_/pico/pico-sdk/src/rp2_common/pico_bootrom/bootrom.c.obj
                0x10039128                rom_data_lookup
 .text.rom_funcs_lookup
                0x10039138       0x36 CMakeFiles/prj_dot.dir/D_/pico/pico-sdk/src/rp2_common/pico_bootrom/bootrom.c.obj
                0x10039138                rom_funcs_lookup
 *fill*         0x1003916e        0x2 
 .text.__wrap___aeabi_idiv
                0x10039170       0x50 CMakeFiles/prj_dot.dir/D_/pico/pico-sdk/src/rp2_common/pico_divider/divider.S.obj
                0x10039170                __wrap___aeabi_idivmod
                0x10039170                divmod_s32s32
                0x10039170                div_s32s32
                0x10039170                __wrap___aeabi_idiv
                0x10039178                divmod_s32s32_unsafe
                0x100391a4                divmod_s32s32_savestate
 .text.__wrap___aeabi_uidiv
                0x100391c0       0x4c CMakeFiles/prj_dot.dir/D_/pico/pico-sdk/src/rp2_common/pico_divider/divider.S.obj
                0x100391c0                __wrap___aeabi_uidiv
                0x100391c0                __wrap___aeabi_uidivmod
                0x100391c0                div_u32u32
                0x100391c0                divmod_u32u32
                0x100391c8                divmod_u32u32_unsafe
                0x100391f0                divmod_u32u32_savestate
 .text.__wrap___aeabi_ldiv
                0x1003920c      0x424 CMakeFiles/prj_dot.dir/D_/pico/pico-sdk/src/rp2_common/pico_divider/divider.S.obj
                0x1003920c                div_s64s64
                0x1003920c                divmod_s64s64
                0x1003920c                __wrap___aeabi_ldivmod
                0x1003923c                divmod_u64u64
                0x1003923c                div_u64u64
                0x1003923c                __wrap___aeabi_uldivmod
                0x1003924c                divmod_u64u64_savestate
                0x1003926c                divmod_s64s64_unsafe
                0x100392f4                divmod_u64u64_unsafe
 .text.__wrap___aeabi_darithmetic
                0x10039630       0x80 CMakeFiles/prj_dot.dir/D_/pico/pico-sdk/src/rp2_common/pico_double/double_aeabi.S.obj
                0x10039630                __wrap___aeabi_drsub
                0x10039636                __wrap___aeabi_dsub
                0x10039648                __wrap___aeabi_dadd
                0x1003965a                __wrap___aeabi_ddiv
                0x10039696                __wrap___aeabi_dmul
 .text.__wrap___aeabi_cdcmple
                0x100396b0       0x6c CMakeFiles/prj_dot.dir/D_/pico/pico-sdk/src/rp2_common/pico_double/double_aeabi.S.obj
                0x100396b0                __wrap___aeabi_cdrcmple
                0x100396c0                __wrap___aeabi_cdcmpeq
                0x100396c0                __wrap___aeabi_cdcmple
 .text.__wrap___aeabi_dcmplt
                0x1003971c        0xc CMakeFiles/prj_dot.dir/D_/pico/pico-sdk/src/rp2_common/pico_double/double_aeabi.S.obj
                0x1003971c                __wrap___aeabi_dcmplt
 .text.__wrap___aeabi_dcmple
                0x10039728       0x10 CMakeFiles/prj_dot.dir/D_/pico/pico-sdk/src/rp2_common/pico_double/double_aeabi.S.obj
                0x10039728                __wrap___aeabi_dcmple
 .text.__wrap___aeabi_dcmpge
                0x10039738       0x10 CMakeFiles/prj_dot.dir/D_/pico/pico-sdk/src/rp2_common/pico_double/double_aeabi.S.obj
                0x10039738                __wrap___aeabi_dcmpge
 .text.__wrap___aeabi_dcmpgt
                0x10039748        0xa CMakeFiles/prj_dot.dir/D_/pico/pico-sdk/src/rp2_common/pico_double/double_aeabi.S.obj
                0x10039748                __wrap___aeabi_dcmpgt
 .text.__wrap___aeabi_dcmpun
                0x10039752       0x1c CMakeFiles/prj_dot.dir/D_/pico/pico-sdk/src/rp2_common/pico_double/double_aeabi.S.obj
                0x10039752                __wrap___aeabi_dcmpun
 *fill*         0x1003976e        0x2 
 .text.__wrap___aeabi_i2d
                0x10039770       0x38 CMakeFiles/prj_dot.dir/D_/pico/pico-sdk/src/rp2_common/pico_double/double_aeabi.S.obj
                0x10039770                __wrap___aeabi_ui2d
                0x10039778                __wrap___aeabi_i2d
 .text.__wrap___aeabi_d2iz
                0x100397a8       0x48 CMakeFiles/prj_dot.dir/D_/pico/pico-sdk/src/rp2_common/pico_double/double_aeabi.S.obj
                0x100397a8                double2int_z
                0x100397a8                __wrap___aeabi_d2iz
 .text.__wrap___aeabi_d2uiz
                0x100397f0       0x18 CMakeFiles/prj_dot.dir/D_/pico/pico-sdk/src/rp2_common/pico_double/double_aeabi.S.obj
                0x100397f0                __wrap___aeabi_d2uiz
                0x100397f0                double2uint
 .text.__wrap___aeabi_d2f
                0x10039808       0x18 CMakeFiles/prj_dot.dir/D_/pico/pico-sdk/src/rp2_common/pico_double/double_aeabi.S.obj
                0x10039808                __wrap___aeabi_d2f
 .text.__aeabi_double_init
                0x10039820       0xc8 CMakeFiles/prj_dot.dir/D_/pico/pico-sdk/src/rp2_common/pico_double/double_init_rom.c.obj
                0x10039820                __aeabi_double_init
 .text.double_table_shim_on_use_helper
                0x100398e8       0x34 CMakeFiles/prj_dot.dir/D_/pico/pico-sdk/src/rp2_common/pico_double/double_v1_rom_shim.S.obj
                0x100398e8                double_table_shim_on_use_helper
 .text.__wrap___aeabi_dsub
                0x1003991c       0x10 CMakeFiles/prj_dot.dir/D_/pico/pico-sdk/src/rp2_common/pico_double/double_v1_rom_shim.S.obj
                0x1003991c                drsub_shim
                0x10039922                dsub_shim
 .text.dadd_shim
                0x1003992c      0x15c CMakeFiles/prj_dot.dir/D_/pico/pico-sdk/src/rp2_common/pico_double/double_v1_rom_shim.S.obj
                0x1003992c                dadd_shim
 .text.dmul_shim
                0x10039a88      0x15c CMakeFiles/prj_dot.dir/D_/pico/pico-sdk/src/rp2_common/pico_double/double_v1_rom_shim.S.obj
                0x10039a88                dmul_shim
 .text.ddiv_shim
                0x10039be4      0x1b0 CMakeFiles/prj_dot.dir/D_/pico/pico-sdk/src/rp2_common/pico_double/double_v1_rom_shim.S.obj
                0x10039be4                ddiv_shim
 .text.double2uint_shim
                0x10039d94        0xe CMakeFiles/prj_dot.dir/D_/pico/pico-sdk/src/rp2_common/pico_double/double_v1_rom_shim.S.obj
                0x10039d94                double2uint_shim
                0x10039d96                double2ufix_shim
 *fill*         0x10039da2        0x2 
 .text.double2uint64_shim
                0x10039da4       0x70 CMakeFiles/prj_dot.dir/D_/pico/pico-sdk/src/rp2_common/pico_double/double_v1_rom_shim.S.obj
                0x10039da4                double2uint64_shim
                0x10039da6                double2ufix64_shim
                0x10039dc6                d2fix_a
 .text.double2float_shim
                0x10039e14       0x5c CMakeFiles/prj_dot.dir/D_/pico/pico-sdk/src/rp2_common/pico_double/double_v1_rom_shim.S.obj
                0x10039e14                double2float_shim
 .text.dunpacks
                0x10039e70       0x3c CMakeFiles/prj_dot.dir/D_/pico/pico-sdk/src/rp2_common/pico_double/double_v1_rom_shim.S.obj
                0x10039e70                dunpacks
 .text.__aeabi_lmul
                0x10039eac       0x32 CMakeFiles/prj_dot.dir/D_/pico/pico-sdk/src/rp2_common/pico_int64_ops/pico_int64_ops_aeabi.S.obj
                0x10039eac                __wrap___aeabi_lmul
 *fill*         0x10039ede        0x2 
 .text.__wrap___aeabi_farithmetic
                0x10039ee0       0x58 CMakeFiles/prj_dot.dir/D_/pico/pico-sdk/src/rp2_common/pico_float/float_aeabi.S.obj
                0x10039ee0                __wrap___aeabi_frsub
                0x10039ee6                __wrap___aeabi_fsub
                0x10039ef0                __wrap___aeabi_fadd
                0x10039efa                __wrap___aeabi_fdiv
                0x10039f26                __wrap___aeabi_fmul
 .text.__wrap___aeabi_cfcmple
                0x10039f38       0x50 CMakeFiles/prj_dot.dir/D_/pico/pico-sdk/src/rp2_common/pico_float/float_aeabi.S.obj
                0x10039f38                __wrap___aeabi_cfrcmple
                0x10039f44                __wrap___aeabi_cfcmple
                0x10039f44                __wrap___aeabi_cfcmpeq
 .text.__wrap___aeabi_fcmplt
                0x10039f88        0xc CMakeFiles/prj_dot.dir/D_/pico/pico-sdk/src/rp2_common/pico_float/float_aeabi.S.obj
                0x10039f88                __wrap___aeabi_fcmplt
 .text.__wrap___aeabi_fcmple
                0x10039f94       0x10 CMakeFiles/prj_dot.dir/D_/pico/pico-sdk/src/rp2_common/pico_float/float_aeabi.S.obj
                0x10039f94                __wrap___aeabi_fcmple
 .text.__wrap___aeabi_fcmpgt
                0x10039fa4        0xa CMakeFiles/prj_dot.dir/D_/pico/pico-sdk/src/rp2_common/pico_float/float_aeabi.S.obj
                0x10039fa4                __wrap___aeabi_fcmpgt
 .text.__wrap___aeabi_ui2f
                0x10039fae        0xa CMakeFiles/prj_dot.dir/D_/pico/pico-sdk/src/rp2_common/pico_float/float_aeabi.S.obj
                0x10039fae                __wrap___aeabi_ui2f
 .text.__wrap___aeabi_i2f
                0x10039fb8       0x44 CMakeFiles/prj_dot.dir/D_/pico/pico-sdk/src/rp2_common/pico_float/float_aeabi.S.obj
                0x10039fb8                __wrap___aeabi_i2f
 .text.__wrap___aeabi_f2iz
                0x10039ffc       0x4e CMakeFiles/prj_dot.dir/D_/pico/pico-sdk/src/rp2_common/pico_float/float_aeabi.S.obj
                0x10039ffc                float2int_z
                0x10039ffc                __wrap___aeabi_f2iz
 *fill*         0x1003a04a        0x2 
 .text.float2int
                0x1003a04c       0x14 CMakeFiles/prj_dot.dir/D_/pico/pico-sdk/src/rp2_common/pico_float/float_aeabi.S.obj
                0x1003a04c                float2int
 .text.__wrap___aeabi_f2uiz
                0x1003a060       0x10 CMakeFiles/prj_dot.dir/D_/pico/pico-sdk/src/rp2_common/pico_float/float_aeabi.S.obj
                0x1003a060                __wrap___aeabi_f2uiz
 .text.__wrap___aeabi_f2d
                0x1003a070       0x14 CMakeFiles/prj_dot.dir/D_/pico/pico-sdk/src/rp2_common/pico_float/float_aeabi.S.obj
                0x1003a070                __wrap___aeabi_f2d
 .text.__aeabi_float_init
                0x1003a084       0xfc CMakeFiles/prj_dot.dir/D_/pico/pico-sdk/src/rp2_common/pico_float/float_init_rom.c.obj
                0x1003a084                __aeabi_float_init
 .text.float_table_shim_on_use_helper
                0x1003a180       0x34 CMakeFiles/prj_dot.dir/D_/pico/pico-sdk/src/rp2_common/pico_float/float_v1_rom_shim.S.obj
                0x1003a180                float_table_shim_on_use_helper
 .text.float232_shims
                0x1003a1b4       0x18 CMakeFiles/prj_dot.dir/D_/pico/pico-sdk/src/rp2_common/pico_float/float_v1_rom_shim.S.obj
                0x1003a1b4                float2int_shim
                0x1003a1b6                float2fix_shim
 .text.float2double_shim
                0x1003a1cc       0x30 CMakeFiles/prj_dot.dir/D_/pico/pico-sdk/src/rp2_common/pico_float/float_v1_rom_shim.S.obj
                0x1003a1cc                float2double_shim
 .text.__wrap_malloc
                0x1003a1fc       0x24 CMakeFiles/prj_dot.dir/D_/pico/pico-sdk/src/rp2_common/pico_malloc/pico_malloc.c.obj
                0x1003a1fc                __wrap_malloc
 .text          0x1003a220       0x10 CMakeFiles/prj_dot.dir/D_/pico/pico-sdk/src/rp2_common/pico_mem_ops/mem_ops_aeabi.S.obj
                0x1003a220                __aeabi_mem_init
 .text.memset   0x1003a230        0xc CMakeFiles/prj_dot.dir/D_/pico/pico-sdk/src/rp2_common/pico_mem_ops/mem_ops_aeabi.S.obj
                0x1003a230                __wrap_memset
 .text.memcpy   0x1003a23c        0xc CMakeFiles/prj_dot.dir/D_/pico/pico-sdk/src/rp2_common/pico_mem_ops/mem_ops_aeabi.S.obj
                0x1003a23c                __wrap_memcpy
                0x1003a23c                __wrap___aeabi_memcpy
 .text.stdio_out_chars_no_crlf
                0x1003a248        0xe CMakeFiles/prj_dot.dir/D_/pico/pico-sdk/src/rp2_common/pico_stdio/stdio.c.obj
 *fill*         0x1003a256        0x2 
 .text.stdio_out_chars_crlf
                0x1003a258       0x80 CMakeFiles/prj_dot.dir/D_/pico/pico-sdk/src/rp2_common/pico_stdio/stdio.c.obj
 .text.stdio_stack_buffer_flush
                0x1003a2d8       0x44 CMakeFiles/prj_dot.dir/D_/pico/pico-sdk/src/rp2_common/pico_stdio/stdio.c.obj
 .text.stdio_buffered_printer
                0x1003a31c       0x20 CMakeFiles/prj_dot.dir/D_/pico/pico-sdk/src/rp2_common/pico_stdio/stdio.c.obj
 .text.stdout_serialize_begin
                0x1003a33c       0x5c CMakeFiles/prj_dot.dir/D_/pico/pico-sdk/src/rp2_common/pico_stdio/stdio.c.obj
                0x1003a33c                stdout_serialize_begin
 .text.stdout_serialize_end
                0x1003a398       0x10 CMakeFiles/prj_dot.dir/D_/pico/pico-sdk/src/rp2_common/pico_stdio/stdio.c.obj
                0x1003a398                stdout_serialize_end
 .text.stdio_put_string
                0x1003a3a8       0x98 CMakeFiles/prj_dot.dir/D_/pico/pico-sdk/src/rp2_common/pico_stdio/stdio.c.obj
 .text.__wrap_putchar
                0x1003a440       0x1c CMakeFiles/prj_dot.dir/D_/pico/pico-sdk/src/rp2_common/pico_stdio/stdio.c.obj
                0x1003a440                __wrap_putchar
 .text.stdio_set_driver_enabled
                0x1003a45c       0x2c CMakeFiles/prj_dot.dir/D_/pico/pico-sdk/src/rp2_common/pico_stdio/stdio.c.obj
                0x1003a45c                stdio_set_driver_enabled
 .text.stdio_flush
                0x1003a488       0x20 CMakeFiles/prj_dot.dir/D_/pico/pico-sdk/src/rp2_common/pico_stdio/stdio.c.obj
                0x1003a488                stdio_flush
 .text.__wrap_puts
                0x1003a4a8       0x1e CMakeFiles/prj_dot.dir/D_/pico/pico-sdk/src/rp2_common/pico_stdio/stdio.c.obj
                0x1003a4a8                __wrap_puts
 *fill*         0x1003a4c6        0x2 
 .text.__wrap_vprintf
                0x1003a4c8       0x40 CMakeFiles/prj_dot.dir/D_/pico/pico-sdk/src/rp2_common/pico_stdio/stdio.c.obj
                0x1003a4c8                __wrap_vprintf
 .text.__wrap_printf
                0x1003a508       0x18 CMakeFiles/prj_dot.dir/D_/pico/pico-sdk/src/rp2_common/pico_stdio/stdio.c.obj
                0x1003a508                __wrap_printf
 .text.stdio_init_all
                0x1003a520        0x8 CMakeFiles/prj_dot.dir/D_/pico/pico-sdk/src/rp2_common/pico_stdio/stdio.c.obj
                0x1003a520                stdio_init_all
 .text.resetd_init
                0x1003a528        0x2 CMakeFiles/prj_dot.dir/D_/pico/pico-sdk/src/rp2_common/pico_stdio_usb/reset_interface.c.obj
 *fill*         0x1003a52a        0x2 
 .text.resetd_reset
                0x1003a52c        0xc CMakeFiles/prj_dot.dir/D_/pico/pico-sdk/src/rp2_common/pico_stdio_usb/reset_interface.c.obj
 .text.resetd_open
                0x1003a538       0x34 CMakeFiles/prj_dot.dir/D_/pico/pico-sdk/src/rp2_common/pico_stdio_usb/reset_interface.c.obj
 .text.resetd_xfer_cb
                0x1003a56c        0x4 CMakeFiles/prj_dot.dir/D_/pico/pico-sdk/src/rp2_common/pico_stdio_usb/reset_interface.c.obj
 .text.reset_usb_boot
                0x1003a570       0x18 CMakeFiles/prj_dot.dir/D_/pico/pico-sdk/src/rp2_common/pico_stdio_usb/reset_interface.c.obj
 .text.resetd_control_xfer_cb
                0x1003a588       0x5c CMakeFiles/prj_dot.dir/D_/pico/pico-sdk/src/rp2_common/pico_stdio_usb/reset_interface.c.obj
 .text.usbd_app_driver_get_cb
                0x1003a5e4        0xc CMakeFiles/prj_dot.dir/D_/pico/pico-sdk/src/rp2_common/pico_stdio_usb/reset_interface.c.obj
                0x1003a5e4                usbd_app_driver_get_cb
 .text.tud_cdc_line_coding_cb
                0x1003a5f0       0x28 CMakeFiles/prj_dot.dir/D_/pico/pico-sdk/src/rp2_common/pico_stdio_usb/reset_interface.c.obj
                0x1003a5f0                tud_cdc_line_coding_cb
 .text.stdio_usb_set_chars_available_callback
                0x1003a618       0x14 CMakeFiles/prj_dot.dir/D_/pico/pico-sdk/src/rp2_common/pico_stdio_usb/stdio_usb.c.obj
                0x1003a618                stdio_usb_set_chars_available_callback
 .text.usb_irq  0x1003a62c       0x10 CMakeFiles/prj_dot.dir/D_/pico/pico-sdk/src/rp2_common/pico_stdio_usb/stdio_usb.c.obj
 .text.timer_task
                0x1003a63c       0x5c CMakeFiles/prj_dot.dir/D_/pico/pico-sdk/src/rp2_common/pico_stdio_usb/stdio_usb.c.obj
 .text.low_priority_worker_irq
                0x1003a698       0xdc CMakeFiles/prj_dot.dir/D_/pico/pico-sdk/src/rp2_common/pico_stdio_usb/stdio_usb.c.obj
 .text.tud_cdc_rx_cb
                0x1003a774       0x20 CMakeFiles/prj_dot.dir/D_/pico/pico-sdk/src/rp2_common/pico_stdio_usb/stdio_usb.c.obj
                0x1003a774                tud_cdc_rx_cb
 .text.stdio_usb_init
                0x1003a794      0x11c CMakeFiles/prj_dot.dir/D_/pico/pico-sdk/src/rp2_common/pico_stdio_usb/stdio_usb.c.obj
                0x1003a794                stdio_usb_init
 .text.stdio_usb_connected
                0x1003a8b0        0xa CMakeFiles/prj_dot.dir/D_/pico/pico-sdk/src/rp2_common/pico_stdio_usb/stdio_usb.c.obj
                0x1003a8b0                stdio_usb_connected
 *fill*         0x1003a8ba        0x2 
 .text.stdio_usb_in_chars
                0x1003a8bc       0xc4 CMakeFiles/prj_dot.dir/D_/pico/pico-sdk/src/rp2_common/pico_stdio_usb/stdio_usb.c.obj
                0x1003a8bc                stdio_usb_in_chars
 .text.stdio_usb_out_chars
                0x1003a980      0x114 CMakeFiles/prj_dot.dir/D_/pico/pico-sdk/src/rp2_common/pico_stdio_usb/stdio_usb.c.obj
 .text.tud_descriptor_device_cb
                0x1003aa94        0x8 CMakeFiles/prj_dot.dir/D_/pico/pico-sdk/src/rp2_common/pico_stdio_usb/stdio_usb_descriptors.c.obj
                0x1003aa94                tud_descriptor_device_cb
 .text.tud_descriptor_configuration_cb
                0x1003aa9c        0x8 CMakeFiles/prj_dot.dir/D_/pico/pico-sdk/src/rp2_common/pico_stdio_usb/stdio_usb_descriptors.c.obj
                0x1003aa9c                tud_descriptor_configuration_cb
 .text.tud_descriptor_string_cb
                0x1003aaa4       0x6c CMakeFiles/prj_dot.dir/D_/pico/pico-sdk/src/rp2_common/pico_stdio_usb/stdio_usb_descriptors.c.obj
                0x1003aaa4                tud_descriptor_string_cb
 .text._retrieve_unique_id_on_boot
                0x1003ab10       0x10 CMakeFiles/prj_dot.dir/D_/pico/pico-sdk/src/rp2_common/pico_unique_id/unique_id.c.obj
 .text.pico_get_unique_board_id_string
                0x1003ab20       0x60 CMakeFiles/prj_dot.dir/D_/pico/pico-sdk/src/rp2_common/pico_unique_id/unique_id.c.obj
                0x1003ab20                pico_get_unique_board_id_string
 .text.flash_get_unique_id
                0x1003ab80       0x46 CMakeFiles/prj_dot.dir/D_/pico/pico-sdk/src/rp2_common/hardware_flash/flash.c.obj
                0x1003ab80                flash_get_unique_id
 *fill*         0x1003abc6        0x2 
 .text.hw_endpoint_get_by_addr
                0x1003abc8       0x18 CMakeFiles/prj_dot.dir/D_/pico/pico-sdk/lib/tinyusb/src/portable/raspberrypi/rp2040/dcd_rp2040.c.obj
 .text._hw_endpoint_alloc
                0x1003abe0       0x70 CMakeFiles/prj_dot.dir/D_/pico/pico-sdk/lib/tinyusb/src/portable/raspberrypi/rp2040/dcd_rp2040.c.obj
 .text.hw_endpoint_init
                0x1003ac50       0x88 CMakeFiles/prj_dot.dir/D_/pico/pico-sdk/lib/tinyusb/src/portable/raspberrypi/rp2040/dcd_rp2040.c.obj
 .text.hw_endpoint_xfer
                0x1003acd8       0x14 CMakeFiles/prj_dot.dir/D_/pico/pico-sdk/lib/tinyusb/src/portable/raspberrypi/rp2040/dcd_rp2040.c.obj
 .text.dcd_int_enable
                0x1003acec       0x2c CMakeFiles/prj_dot.dir/D_/pico/pico-sdk/lib/tinyusb/src/portable/raspberrypi/rp2040/dcd_rp2040.c.obj
                0x1003acec                dcd_int_enable
 .text.dcd_set_address
                0x1003ad18       0x2c CMakeFiles/prj_dot.dir/D_/pico/pico-sdk/lib/tinyusb/src/portable/raspberrypi/rp2040/dcd_rp2040.c.obj
                0x1003ad18                dcd_set_address
 .text.dcd_connect
                0x1003ad44       0x10 CMakeFiles/prj_dot.dir/D_/pico/pico-sdk/lib/tinyusb/src/portable/raspberrypi/rp2040/dcd_rp2040.c.obj
                0x1003ad44                dcd_connect
 .text.dcd_init
                0x1003ad54       0x80 CMakeFiles/prj_dot.dir/D_/pico/pico-sdk/lib/tinyusb/src/portable/raspberrypi/rp2040/dcd_rp2040.c.obj
                0x1003ad54                dcd_init
 .text.dcd_edpt0_status_complete
                0x1003add4       0x1c CMakeFiles/prj_dot.dir/D_/pico/pico-sdk/lib/tinyusb/src/portable/raspberrypi/rp2040/dcd_rp2040.c.obj
                0x1003add4                dcd_edpt0_status_complete
 .text.dcd_edpt_open
                0x1003adf0       0x40 CMakeFiles/prj_dot.dir/D_/pico/pico-sdk/lib/tinyusb/src/portable/raspberrypi/rp2040/dcd_rp2040.c.obj
                0x1003adf0                dcd_edpt_open
 .text.dcd_edpt_close_all
                0x1003ae30        0x8 CMakeFiles/prj_dot.dir/D_/pico/pico-sdk/lib/tinyusb/src/portable/raspberrypi/rp2040/dcd_rp2040.c.obj
                0x1003ae30                dcd_edpt_close_all
 .text.dcd_edpt_xfer
                0x1003ae38       0x34 CMakeFiles/prj_dot.dir/D_/pico/pico-sdk/lib/tinyusb/src/portable/raspberrypi/rp2040/dcd_rp2040.c.obj
                0x1003ae38                dcd_edpt_xfer
 .text.dcd_edpt_stall
                0x1003ae6c       0x2c CMakeFiles/prj_dot.dir/D_/pico/pico-sdk/lib/tinyusb/src/portable/raspberrypi/rp2040/dcd_rp2040.c.obj
                0x1003ae6c                dcd_edpt_stall
 .text.dcd_edpt_clear_stall
                0x1003ae98       0x20 CMakeFiles/prj_dot.dir/D_/pico/pico-sdk/lib/tinyusb/src/portable/raspberrypi/rp2040/dcd_rp2040.c.obj
                0x1003ae98                dcd_edpt_clear_stall
 .text.rp2040_usb_init
                0x1003aeb8       0x4c CMakeFiles/prj_dot.dir/D_/pico/pico-sdk/lib/tinyusb/src/portable/raspberrypi/rp2040/rp2040_usb.c.obj
                0x1003aeb8                rp2040_usb_init
 .text.hw_endpoint_xfer_start
                0x1003af04       0x50 CMakeFiles/prj_dot.dir/D_/pico/pico-sdk/lib/tinyusb/src/portable/raspberrypi/rp2040/rp2040_usb.c.obj
                0x1003af04                hw_endpoint_xfer_start
 .text.configuration_reset
                0x1003af54       0x84 CMakeFiles/prj_dot.dir/D_/pico/pico-sdk/lib/tinyusb/src/device/usbd.c.obj
 .text.usbd_reset
                0x1003afd8        0xc CMakeFiles/prj_dot.dir/D_/pico/pico-sdk/lib/tinyusb/src/device/usbd.c.obj
 .text.invoke_class_control
                0x1003afe4       0x1a CMakeFiles/prj_dot.dir/D_/pico/pico-sdk/lib/tinyusb/src/device/usbd.c.obj
 *fill*         0x1003affe        0x2 
 .text.process_set_config
                0x1003b000      0x178 CMakeFiles/prj_dot.dir/D_/pico/pico-sdk/lib/tinyusb/src/device/usbd.c.obj
 .text.process_get_descriptor
                0x1003b178       0xdc CMakeFiles/prj_dot.dir/D_/pico/pico-sdk/lib/tinyusb/src/device/usbd.c.obj
 .text.tud_mounted
                0x1003b254       0x10 CMakeFiles/prj_dot.dir/D_/pico/pico-sdk/lib/tinyusb/src/device/usbd.c.obj
                0x1003b254                tud_mounted
 .text.tud_suspended
                0x1003b264       0x10 CMakeFiles/prj_dot.dir/D_/pico/pico-sdk/lib/tinyusb/src/device/usbd.c.obj
                0x1003b264                tud_suspended
 .text.tud_inited
                0x1003b274       0x14 CMakeFiles/prj_dot.dir/D_/pico/pico-sdk/lib/tinyusb/src/device/usbd.c.obj
                0x1003b274                tud_inited
 .text.tud_init
                0x1003b288       0xcc CMakeFiles/prj_dot.dir/D_/pico/pico-sdk/lib/tinyusb/src/device/usbd.c.obj
                0x1003b288                tud_init
 .text.usbd_defer_func
                0x1003b354       0x2a CMakeFiles/prj_dot.dir/D_/pico/pico-sdk/lib/tinyusb/src/device/usbd.c.obj
                0x1003b354                usbd_defer_func
 *fill*         0x1003b37e        0x2 
 .text.usbd_edpt_open
                0x1003b380       0x34 CMakeFiles/prj_dot.dir/D_/pico/pico-sdk/lib/tinyusb/src/device/usbd.c.obj
                0x1003b380                usbd_edpt_open
 .text.usbd_open_edpt_pair
                0x1003b3b4       0x62 CMakeFiles/prj_dot.dir/D_/pico/pico-sdk/lib/tinyusb/src/device/usbd.c.obj
                0x1003b3b4                usbd_open_edpt_pair
 *fill*         0x1003b416        0x2 
 .text.usbd_edpt_claim
                0x1003b418       0x28 CMakeFiles/prj_dot.dir/D_/pico/pico-sdk/lib/tinyusb/src/device/usbd.c.obj
                0x1003b418                usbd_edpt_claim
 .text.usbd_edpt_release
                0x1003b440       0x28 CMakeFiles/prj_dot.dir/D_/pico/pico-sdk/lib/tinyusb/src/device/usbd.c.obj
                0x1003b440                usbd_edpt_release
 .text.usbd_edpt_xfer
                0x1003b468       0x78 CMakeFiles/prj_dot.dir/D_/pico/pico-sdk/lib/tinyusb/src/device/usbd.c.obj
                0x1003b468                usbd_edpt_xfer
 .text.usbd_edpt_stall
                0x1003b4e0       0x48 CMakeFiles/prj_dot.dir/D_/pico/pico-sdk/lib/tinyusb/src/device/usbd.c.obj
                0x1003b4e0                usbd_edpt_stall
 .text.usbd_edpt_clear_stall
                0x1003b528       0x48 CMakeFiles/prj_dot.dir/D_/pico/pico-sdk/lib/tinyusb/src/device/usbd.c.obj
                0x1003b528                usbd_edpt_clear_stall
 .text.usbd_edpt_stalled
                0x1003b570       0x1c CMakeFiles/prj_dot.dir/D_/pico/pico-sdk/lib/tinyusb/src/device/usbd.c.obj
                0x1003b570                usbd_edpt_stalled
 .text.process_control_request
                0x1003b58c      0x37c CMakeFiles/prj_dot.dir/D_/pico/pico-sdk/lib/tinyusb/src/device/usbd.c.obj
 .text.tud_task_ext
                0x1003b908      0x1b8 CMakeFiles/prj_dot.dir/D_/pico/pico-sdk/lib/tinyusb/src/device/usbd.c.obj
                0x1003b908                tud_task_ext
 .text._data_stage_xact
                0x1003bac0       0x58 CMakeFiles/prj_dot.dir/D_/pico/pico-sdk/lib/tinyusb/src/device/usbd_control.c.obj
 .text.tud_control_status
                0x1003bb18       0x38 CMakeFiles/prj_dot.dir/D_/pico/pico-sdk/lib/tinyusb/src/device/usbd_control.c.obj
                0x1003bb18                tud_control_status
 .text.tud_control_xfer
                0x1003bb50       0x74 CMakeFiles/prj_dot.dir/D_/pico/pico-sdk/lib/tinyusb/src/device/usbd_control.c.obj
                0x1003bb50                tud_control_xfer
 .text.usbd_control_reset
                0x1003bbc4       0x14 CMakeFiles/prj_dot.dir/D_/pico/pico-sdk/lib/tinyusb/src/device/usbd_control.c.obj
                0x1003bbc4                usbd_control_reset
 .text.usbd_control_set_complete_callback
                0x1003bbd8        0xc CMakeFiles/prj_dot.dir/D_/pico/pico-sdk/lib/tinyusb/src/device/usbd_control.c.obj
                0x1003bbd8                usbd_control_set_complete_callback
 .text.usbd_control_set_request
                0x1003bbe4       0x1c CMakeFiles/prj_dot.dir/D_/pico/pico-sdk/lib/tinyusb/src/device/usbd_control.c.obj
                0x1003bbe4                usbd_control_set_request
 .text.usbd_control_xfer_cb
                0x1003bc00       0xcc CMakeFiles/prj_dot.dir/D_/pico/pico-sdk/lib/tinyusb/src/device/usbd_control.c.obj
                0x1003bc00                usbd_control_xfer_cb
 .text._prep_out_transaction
                0x1003bccc       0x4a CMakeFiles/prj_dot.dir/D_/pico/pico-sdk/lib/tinyusb/src/class/cdc/cdc_device.c.obj
 *fill*         0x1003bd16        0x2 
 .text.tud_cdc_n_connected
                0x1003bd18       0x44 CMakeFiles/prj_dot.dir/D_/pico/pico-sdk/lib/tinyusb/src/class/cdc/cdc_device.c.obj
                0x1003bd18                tud_cdc_n_connected
 .text.tud_cdc_n_available
                0x1003bd5c       0x18 CMakeFiles/prj_dot.dir/D_/pico/pico-sdk/lib/tinyusb/src/class/cdc/cdc_device.c.obj
                0x1003bd5c                tud_cdc_n_available
 .text.tud_cdc_n_read
                0x1003bd74       0x28 CMakeFiles/prj_dot.dir/D_/pico/pico-sdk/lib/tinyusb/src/class/cdc/cdc_device.c.obj
                0x1003bd74                tud_cdc_n_read
 .text.tud_cdc_n_write_flush
                0x1003bd9c       0xb8 CMakeFiles/prj_dot.dir/D_/pico/pico-sdk/lib/tinyusb/src/class/cdc/cdc_device.c.obj
                0x1003bd9c                tud_cdc_n_write_flush
 .text.tud_cdc_n_write
                0x1003be54       0x38 CMakeFiles/prj_dot.dir/D_/pico/pico-sdk/lib/tinyusb/src/class/cdc/cdc_device.c.obj
                0x1003be54                tud_cdc_n_write
 .text.tud_cdc_n_write_available
                0x1003be8c       0x1c CMakeFiles/prj_dot.dir/D_/pico/pico-sdk/lib/tinyusb/src/class/cdc/cdc_device.c.obj
                0x1003be8c                tud_cdc_n_write_available
 .text.cdcd_init
                0x1003bea8       0xbc CMakeFiles/prj_dot.dir/D_/pico/pico-sdk/lib/tinyusb/src/class/cdc/cdc_device.c.obj
                0x1003bea8                cdcd_init
 .text.cdcd_reset
                0x1003bf64       0x44 CMakeFiles/prj_dot.dir/D_/pico/pico-sdk/lib/tinyusb/src/class/cdc/cdc_device.c.obj
                0x1003bf64                cdcd_reset
 .text.cdcd_open
                0x1003bfa8       0xcc CMakeFiles/prj_dot.dir/D_/pico/pico-sdk/lib/tinyusb/src/class/cdc/cdc_device.c.obj
                0x1003bfa8                cdcd_open
 .text.cdcd_control_xfer_cb
                0x1003c074      0x134 CMakeFiles/prj_dot.dir/D_/pico/pico-sdk/lib/tinyusb/src/class/cdc/cdc_device.c.obj
                0x1003c074                cdcd_control_xfer_cb
 .text.cdcd_xfer_cb
                0x1003c1a8      0x130 CMakeFiles/prj_dot.dir/D_/pico/pico-sdk/lib/tinyusb/src/class/cdc/cdc_device.c.obj
                0x1003c1a8                cdcd_xfer_cb
 .text.tusb_init
                0x1003c2d8        0xa CMakeFiles/prj_dot.dir/D_/pico/pico-sdk/lib/tinyusb/src/tusb.c.obj
                0x1003c2d8                tusb_init
 .text.tusb_inited
                0x1003c2e2        0xe CMakeFiles/prj_dot.dir/D_/pico/pico-sdk/lib/tinyusb/src/tusb.c.obj
                0x1003c2e2                tusb_inited
 .text.tu_edpt_claim
                0x1003c2f0       0x50 CMakeFiles/prj_dot.dir/D_/pico/pico-sdk/lib/tinyusb/src/tusb.c.obj
                0x1003c2f0                tu_edpt_claim
 .text.tu_edpt_release
                0x1003c340       0x3c CMakeFiles/prj_dot.dir/D_/pico/pico-sdk/lib/tinyusb/src/tusb.c.obj
                0x1003c340                tu_edpt_release
 .text.tu_edpt_validate
                0x1003c37c       0x78 CMakeFiles/prj_dot.dir/D_/pico/pico-sdk/lib/tinyusb/src/tusb.c.obj
                0x1003c37c                tu_edpt_validate
 .text.tu_edpt_bind_driver
                0x1003c3f4       0x26 CMakeFiles/prj_dot.dir/D_/pico/pico-sdk/lib/tinyusb/src/tusb.c.obj
                0x1003c3f4                tu_edpt_bind_driver
 .text.advance_index
                0x1003c41a       0x1a CMakeFiles/prj_dot.dir/D_/pico/pico-sdk/lib/tinyusb/src/common/tusb_fifo.c.obj
 .text._tu_fifo_peek
                0x1003c434       0x56 CMakeFiles/prj_dot.dir/D_/pico/pico-sdk/lib/tinyusb/src/common/tusb_fifo.c.obj
 .text._ff_pull_const_addr
                0x1003c48a       0x4c CMakeFiles/prj_dot.dir/D_/pico/pico-sdk/lib/tinyusb/src/common/tusb_fifo.c.obj
 .text._ff_pull_n
                0x1003c4d6      0x110 CMakeFiles/prj_dot.dir/D_/pico/pico-sdk/lib/tinyusb/src/common/tusb_fifo.c.obj
 .text._tu_fifo_peek_n
                0x1003c5e6       0x6a CMakeFiles/prj_dot.dir/D_/pico/pico-sdk/lib/tinyusb/src/common/tusb_fifo.c.obj
 .text._tu_fifo_read_n
                0x1003c650       0x4e CMakeFiles/prj_dot.dir/D_/pico/pico-sdk/lib/tinyusb/src/common/tusb_fifo.c.obj
 .text._ff_push_const_addr
                0x1003c69e       0x40 CMakeFiles/prj_dot.dir/D_/pico/pico-sdk/lib/tinyusb/src/common/tusb_fifo.c.obj
 .text._ff_push_n
                0x1003c6de      0x10c CMakeFiles/prj_dot.dir/D_/pico/pico-sdk/lib/tinyusb/src/common/tusb_fifo.c.obj
 .text._tu_fifo_write_n
                0x1003c7ea       0xf0 CMakeFiles/prj_dot.dir/D_/pico/pico-sdk/lib/tinyusb/src/common/tusb_fifo.c.obj
 .text.tu_fifo_config
                0x1003c8da       0x7c CMakeFiles/prj_dot.dir/D_/pico/pico-sdk/lib/tinyusb/src/common/tusb_fifo.c.obj
                0x1003c8da                tu_fifo_config
 .text.tu_fifo_count
                0x1003c956       0x2a CMakeFiles/prj_dot.dir/D_/pico/pico-sdk/lib/tinyusb/src/common/tusb_fifo.c.obj
                0x1003c956                tu_fifo_count
 .text.tu_fifo_empty
                0x1003c980       0x10 CMakeFiles/prj_dot.dir/D_/pico/pico-sdk/lib/tinyusb/src/common/tusb_fifo.c.obj
                0x1003c980                tu_fifo_empty
 .text.tu_fifo_full
                0x1003c990       0x28 CMakeFiles/prj_dot.dir/D_/pico/pico-sdk/lib/tinyusb/src/common/tusb_fifo.c.obj
                0x1003c990                tu_fifo_full
 .text.tu_fifo_remaining
                0x1003c9b8       0x2c CMakeFiles/prj_dot.dir/D_/pico/pico-sdk/lib/tinyusb/src/common/tusb_fifo.c.obj
                0x1003c9b8                tu_fifo_remaining
 .text.tu_fifo_read
                0x1003c9e4       0x42 CMakeFiles/prj_dot.dir/D_/pico/pico-sdk/lib/tinyusb/src/common/tusb_fifo.c.obj
                0x1003c9e4                tu_fifo_read
 .text.tu_fifo_read_n
                0x1003ca26        0xa CMakeFiles/prj_dot.dir/D_/pico/pico-sdk/lib/tinyusb/src/common/tusb_fifo.c.obj
                0x1003ca26                tu_fifo_read_n
 .text.tu_fifo_write
                0x1003ca30       0x64 CMakeFiles/prj_dot.dir/D_/pico/pico-sdk/lib/tinyusb/src/common/tusb_fifo.c.obj
                0x1003ca30                tu_fifo_write
 .text.tu_fifo_write_n
                0x1003ca94        0xa CMakeFiles/prj_dot.dir/D_/pico/pico-sdk/lib/tinyusb/src/common/tusb_fifo.c.obj
                0x1003ca94                tu_fifo_write_n
 .text.tu_fifo_clear
                0x1003ca9e       0x3e CMakeFiles/prj_dot.dir/D_/pico/pico-sdk/lib/tinyusb/src/common/tusb_fifo.c.obj
                0x1003ca9e                tu_fifo_clear
 .text.tu_fifo_set_overwritable
                0x1003cadc       0x46 CMakeFiles/prj_dot.dir/D_/pico/pico-sdk/lib/tinyusb/src/common/tusb_fifo.c.obj
                0x1003cadc                tu_fifo_set_overwritable
 .text.i2c_write_blocking_internal
                0x1003cb22      0x140 CMakeFiles/prj_dot.dir/D_/pico/pico-sdk/src/rp2_common/hardware_i2c/i2c.c.obj
 .text.i2c_read_blocking_internal
                0x1003cc62       0xe6 CMakeFiles/prj_dot.dir/D_/pico/pico-sdk/src/rp2_common/hardware_i2c/i2c.c.obj
 .text.i2c_set_baudrate
                0x1003cd48       0xf0 CMakeFiles/prj_dot.dir/D_/pico/pico-sdk/src/rp2_common/hardware_i2c/i2c.c.obj
                0x1003cd48                i2c_set_baudrate
 .text.i2c_init
                0x1003ce38       0x58 CMakeFiles/prj_dot.dir/D_/pico/pico-sdk/src/rp2_common/hardware_i2c/i2c.c.obj
                0x1003ce38                i2c_init
 .text.i2c_write_blocking
                0x1003ce90       0x18 CMakeFiles/prj_dot.dir/D_/pico/pico-sdk/src/rp2_common/hardware_i2c/i2c.c.obj
                0x1003ce90                i2c_write_blocking
 .text.i2c_read_blocking
                0x1003cea8       0x18 CMakeFiles/prj_dot.dir/D_/pico/pico-sdk/src/rp2_common/hardware_i2c/i2c.c.obj
                0x1003cea8                i2c_read_blocking
 .text.adc_init
                0x1003cec0       0x34 CMakeFiles/prj_dot.dir/D_/pico/pico-sdk/src/rp2_common/hardware_adc/adc.c.obj
                0x1003cec0                adc_init
 .text.spi_set_baudrate
                0x1003cef4       0xcc CMakeFiles/prj_dot.dir/D_/pico/pico-sdk/src/rp2_common/hardware_spi/spi.c.obj
                0x1003cef4                spi_set_baudrate
 .text.spi_init
                0x1003cfc0       0x74 CMakeFiles/prj_dot.dir/D_/pico/pico-sdk/src/rp2_common/hardware_spi/spi.c.obj
                0x1003cfc0                spi_init
 .text.atoi     0x1003d034        0xc c:/progra~2/gnuarm~1/102021~1.10/bin/../lib/gcc/arm-none-eabi/10.3.1/../../../../arm-none-eabi/lib/thumb/v6-m/nofp\libg.a(lib_a-atoi.o)
                0x1003d034                atoi
 .text.atol     0x1003d040        0xc c:/progra~2/gnuarm~1/102021~1.10/bin/../lib/gcc/arm-none-eabi/10.3.1/../../../../arm-none-eabi/lib/thumb/v6-m/nofp\libg.a(lib_a-atol.o)
                0x1003d040                atol
 .text.__errno  0x1003d04c        0xc c:/progra~2/gnuarm~1/102021~1.10/bin/../lib/gcc/arm-none-eabi/10.3.1/../../../../arm-none-eabi/lib/thumb/v6-m/nofp\libg.a(lib_a-errno.o)
                0x1003d04c                __errno
 .text.malloc   0x1003d058       0x14 c:/progra~2/gnuarm~1/102021~1.10/bin/../lib/gcc/arm-none-eabi/10.3.1/../../../../arm-none-eabi/lib/thumb/v6-m/nofp\libg.a(lib_a-malloc.o)
                0x1003d058                malloc
 .text._malloc_r
                0x1003d06c      0x584 c:/progra~2/gnuarm~1/102021~1.10/bin/../lib/gcc/arm-none-eabi/10.3.1/../../../../arm-none-eabi/lib/thumb/v6-m/nofp\libg.a(lib_a-mallocr.o)
                0x1003d06c                _malloc_r
 .text.__malloc_lock
                0x1003d5f0       0x10 c:/progra~2/gnuarm~1/102021~1.10/bin/../lib/gcc/arm-none-eabi/10.3.1/../../../../arm-none-eabi/lib/thumb/v6-m/nofp\libg.a(lib_a-mlock.o)
                0x1003d5f0                __malloc_lock
 .text.__malloc_unlock
                0x1003d600       0x10 c:/progra~2/gnuarm~1/102021~1.10/bin/../lib/gcc/arm-none-eabi/10.3.1/../../../../arm-none-eabi/lib/thumb/v6-m/nofp\libg.a(lib_a-mlock.o)
                0x1003d600                __malloc_unlock